Dataset: CIFAR-10  batches/epoch: 390
z_dim=128  g_base=64  d_base=64
lr_g=0.0002  lr_d=0.0002  d_steps=2  amp=bf16
wrong_label_weight=1.0  aux_loss_weight=0.5
conditional classes=10  max_steps=None
ckpt: checkpoints_conditional_v2  samples: samples_conditional_v2
  step     100  G -0.0144  D 3.4421  Aux 1.8730  R1 0.0000
  step     200  G -0.0559  D 3.0074  Aux 1.5776  R1 0.0000
  step     300  G -0.0230  D 2.8900  Aux 1.4824  R1 0.0000
[epoch 000] 49.8s
  step     400  G -0.0714  D 2.7991  Aux 1.3760  R1 0.0000
  step     500  G -0.0336  D 2.7311  Aux 1.3017  R1 0.0000
  diag step     500  Dreal -0.0407  Dfake -0.1559  Dwrong -1.8675  gap 1.8268  cls_acc 0.594  feat_std 0.345607  ema_div 0.0469
  step     600  G -0.0307  D 2.6551  Aux 1.2413  R1 0.0000
  step     700  G -0.0375  D 2.6051  Aux 1.1856  R1 0.0000
[epoch 001] 37.1s
  step     800  G -0.0292  D 2.5961  Aux 1.1683  R1 0.0000
  step     900  G -0.0438  D 2.5325  Aux 1.1036  R1 0.0000
  step    1000  G -0.0424  D 2.5259  Aux 1.0731  R1 0.0000
  diag step    1000  Dreal 0.9412  Dfake -0.1049  Dwrong -1.6532  gap 2.5944  cls_acc 0.703  feat_std 0.405599  ema_div 0.0474
  step    1100  G -0.0232  D 2.4877  Aux 1.0335  R1 0.0000
[epoch 002] 35.4s
  step    1200  G -0.0346  D 2.5002  Aux 1.0357  R1 0.0000
  step    1300  G -0.0345  D 2.4655  Aux 0.9869  R1 0.0000
  step    1400  G -0.0462  D 2.4376  Aux 0.9622  R1 0.0000
  step    1500  G -0.0384  D 2.4307  Aux 0.9450  R1 0.0000
  diag step    1500  Dreal 1.1377  Dfake -0.1275  Dwrong -2.3982  gap 3.5359  cls_acc 0.797  feat_std 0.410175  ema_div 0.0561
[epoch 003] 35.4s
  step    1600  G -0.0414  D 2.4063  Aux 0.9148  R1 0.0000
  step    1700  G -0.0290  D 2.3936  Aux 0.8983  R1 0.0000
  step    1800  G -0.0361  D 2.3781  Aux 0.8856  R1 0.0000
  step    1900  G -0.0482  D 2.3809  Aux 0.8747  R1 0.0000
[epoch 004] 36.0s
  step    2000  G -0.0409  D 2.3526  Aux 0.8315  R1 0.0000
  diag step    2000  Dreal 0.8659  Dfake -0.0414  Dwrong -1.7056  gap 2.5714  cls_acc 0.766  feat_std 0.395228  ema_div 0.0689
  step    2100  G -0.0409  D 2.3472  Aux 0.8275  R1 0.0000
  step    2200  G -0.0193  D 2.3321  Aux 0.8076  R1 0.0000
  step    2300  G -0.0187  D 2.3180  Aux 0.7986  R1 0.0000
[epoch 005] 36.1s
  step    2400  G -0.0329  D 2.3128  Aux 0.7835  R1 0.0000
  step    2500  G -0.0120  D 2.2965  Aux 0.7757  R1 0.0000
  diag step    2500  Dreal 0.7033  Dfake 0.0507  Dwrong -2.5194  gap 3.2227  cls_acc 0.797  feat_std 0.430937  ema_div 0.0763
  step    2600  G -0.0206  D 2.2929  Aux 0.7623  R1 0.0000
  step    2700  G -0.0118  D 2.2767  Aux 0.7496  R1 0.0000
[epoch 006] 35.8s
  step    2800  G -0.0127  D 2.2668  Aux 0.7309  R1 0.0000
  step    2900  G -0.0064  D 2.2534  Aux 0.7209  R1 0.0000
  step    3000  G -0.0110  D 2.2627  Aux 0.7358  R1 0.0000
  diag step    3000  Dreal 0.7283  Dfake -0.0657  Dwrong -2.3627  gap 3.0910  cls_acc 0.781  feat_std 0.448248  ema_div 0.0932
  step    3100  G -0.0039  D 2.2253  Aux 0.7021  R1 0.0000
[epoch 007] 35.6s
  step    3200  G -0.0103  D 2.2268  Aux 0.7025  R1 0.0000
  step    3300  G -0.0103  D 2.2024  Aux 0.6867  R1 0.0000
  step    3400  G -0.0142  D 2.1987  Aux 0.6704  R1 0.0000
  step    3500  G -0.0078  D 2.2150  Aux 0.6794  R1 0.0000
  diag step    3500  Dreal 0.5613  Dfake -0.0981  Dwrong -2.4370  gap 2.9982  cls_acc 0.844  feat_std 0.458552  ema_div 0.1036
[epoch 008] 35.3s
  step    3600  G -0.0111  D 2.1732  Aux 0.6476  R1 0.0000
  step    3700  G -0.0031  D 2.1968  Aux 0.6618  R1 0.0000
  step    3800  G -0.0002  D 2.1875  Aux 0.6546  R1 0.0000
  step    3900  G -0.0072  D 2.1746  Aux 0.6462  R1 0.0000
[epoch 009] 38.0s
  step    4000  G 0.0006  D 2.1643  Aux 0.6380  R1 0.0000
  diag step    4000  Dreal 0.1743  Dfake -0.2872  Dwrong -2.5970  gap 2.7712  cls_acc 0.875  feat_std 0.453076  ema_div 0.1138
  step    4100  G -0.0024  D 2.1683  Aux 0.6326  R1 0.0000
  step    4200  G -0.0056  D 2.1568  Aux 0.6234  R1 0.0000
[epoch 010] 37.8s
  step    4300  G -0.0044  D 2.1432  Aux 0.6106  R1 0.0000
  step    4400  G 0.0063  D 2.1237  Aux 0.5952  R1 0.0000
  step    4500  G -0.0022  D 2.1289  Aux 0.6022  R1 0.0000
  diag step    4500  Dreal 0.7601  Dfake -0.0113  Dwrong -2.6385  gap 3.3987  cls_acc 0.906  feat_std 0.443191  ema_div 0.1231
  step    4600  G 0.0017  D 2.1221  Aux 0.5938  R1 0.0000
[epoch 011] 37.5s
  step    4700  G -0.0006  D 2.1272  Aux 0.5979  R1 0.0000
  step    4800  G 0.0036  D 2.0918  Aux 0.5660  R1 0.0000
  step    4900  G 0.0012  D 2.1311  Aux 0.5991  R1 0.0000
  step    5000  G 0.0001  D 2.1054  Aux 0.5773  R1 0.0000
  diag step    5000  Dreal 0.7463  Dfake -0.0786  Dwrong -2.7302  gap 3.4765  cls_acc 0.922  feat_std 0.493697  ema_div 0.1372
[epoch 012] 37.5s
  step    5100  G 0.0108  D 2.0837  Aux 0.5680  R1 0.0000
  step    5200  G 0.0011  D 2.0852  Aux 0.5610  R1 0.0000
  step    5300  G 0.0087  D 2.0914  Aux 0.5667  R1 0.0000
  step    5400  G 0.0019  D 2.0792  Aux 0.5559  R1 0.0000
[epoch 013] 36.2s
  step    5500  G 0.0011  D 2.0737  Aux 0.5511  R1 0.0000
  diag step    5500  Dreal 0.6264  Dfake -0.1000  Dwrong -2.8110  gap 3.4374  cls_acc 0.844  feat_std 0.495214  ema_div 0.1304
  step    5600  G 0.0094  D 2.0469  Aux 0.5381  R1 0.0000
  step    5700  G -0.0005  D 2.0625  Aux 0.5435  R1 0.0000
  step    5800  G 0.0033  D 2.0630  Aux 0.5387  R1 0.0000
[epoch 014] 35.4s
  step    5900  G 0.0041  D 2.0514  Aux 0.5307  R1 0.0000
  step    6000  G -0.0001  D 2.0421  Aux 0.5295  R1 0.0000
  diag step    6000  Dreal 0.8106  Dfake -0.0431  Dwrong -3.0826  gap 3.8932  cls_acc 0.938  feat_std 0.502016  ema_div 0.1355
  step    6100  G 0.0073  D 2.0339  Aux 0.5234  R1 0.0000
  step    6200  G -0.0062  D 2.0334  Aux 0.5133  R1 0.0000
[epoch 015] 36.2s
  step    6300  G 0.0139  D 2.0295  Aux 0.5260  R1 0.0000
  step    6400  G 0.0049  D 2.0242  Aux 0.5191  R1 0.0000
  step    6500  G -0.0022  D 2.0295  Aux 0.5117  R1 0.0000
  diag step    6500  Dreal 0.7046  Dfake -0.0512  Dwrong -3.0238  gap 3.7284  cls_acc 0.875  feat_std 0.558580  ema_div 0.1466
  step    6600  G 0.0084  D 2.0185  Aux 0.5062  R1 0.0000
[epoch 016] 35.7s
  step    6700  G 0.0093  D 1.9932  Aux 0.4896  R1 0.0000
  step    6800  G 0.0047  D 1.9915  Aux 0.4938  R1 0.0000
  step    6900  G 0.0041  D 2.0043  Aux 0.4975  R1 0.0000
  step    7000  G 0.0089  D 1.9979  Aux 0.4935  R1 0.0000
  diag step    7000  Dreal 1.0436  Dfake 0.0795  Dwrong -2.8793  gap 3.9229  cls_acc 0.906  feat_std 0.500872  ema_div 0.1532
[epoch 017] 35.6s
  step    7100  G 0.0021  D 1.9764  Aux 0.4796  R1 0.0000
  step    7200  G 0.0073  D 1.9756  Aux 0.4736  R1 0.0000
  step    7300  G 0.0145  D 1.9768  Aux 0.4817  R1 0.0000
  step    7400  G -0.0000  D 1.9936  Aux 0.4856  R1 0.0000
[epoch 018] 36.2s
  step    7500  G 0.0160  D 1.9605  Aux 0.4693  R1 0.0000
  diag step    7500  Dreal 0.9146  Dfake -0.0338  Dwrong -3.5000  gap 4.4146  cls_acc 0.938  feat_std 0.576752  ema_div 0.1449
  step    7600  G 0.0069  D 1.9615  Aux 0.4647  R1 0.0000
  step    7700  G 0.0130  D 1.9712  Aux 0.4698  R1 0.0000
  step    7800  G 0.0025  D 1.9667  Aux 0.4689  R1 0.0000
[epoch 019] 35.5s
  step    7900  G 0.0122  D 1.9372  Aux 0.4507  R1 0.0000
  step    8000  G 0.0119  D 1.9476  Aux 0.4638  R1 0.0000
  diag step    8000  Dreal 0.8878  Dfake -0.0501  Dwrong -2.9162  gap 3.8039  cls_acc 0.938  feat_std 0.544850  ema_div 0.1505
  step    8100  G 0.0103  D 1.9524  Aux 0.4565  R1 0.0000
[epoch 020] 35.5s
  step    8200  G 0.0082  D 1.9394  Aux 0.4439  R1 0.0000
  step    8300  G 0.0070  D 1.9410  Aux 0.4538  R1 0.0000
  step    8400  G 0.0065  D 1.9285  Aux 0.4410  R1 0.0000
  step    8500  G 0.0058  D 1.9380  Aux 0.4410  R1 0.0000
  diag step    8500  Dreal 0.9790  Dfake 0.0147  Dwrong -3.0387  gap 4.0177  cls_acc 0.906  feat_std 0.569390  ema_div 0.1525
[epoch 021] 35.3s
  step    8600  G 0.0093  D 1.9256  Aux 0.4427  R1 0.0000
  step    8700  G 0.0061  D 1.9176  Aux 0.4320  R1 0.0000
  step    8800  G 0.0124  D 1.9248  Aux 0.4397  R1 0.0000
  step    8900  G 0.0136  D 1.9149  Aux 0.4312  R1 0.0000
[epoch 022] 35.5s
  step    9000  G 0.0093  D 1.9139  Aux 0.4304  R1 0.0000
  diag step    9000  Dreal 0.8766  Dfake -0.0484  Dwrong -3.3045  gap 4.1811  cls_acc 0.922  feat_std 0.598297  ema_div 0.1552
  step    9100  G 0.0179  D 1.9037  Aux 0.4238  R1 0.0000
  step    9200  G 0.0068  D 1.9076  Aux 0.4223  R1 0.0000
  step    9300  G 0.0104  D 1.9115  Aux 0.4308  R1 0.0000
[epoch 023] 34.9s
  step    9400  G 0.0053  D 1.8908  Aux 0.4158  R1 0.0000
  step    9500  G 0.0126  D 1.9002  Aux 0.4207  R1 0.0000
  diag step    9500  Dreal 0.5734  Dfake -0.1060  Dwrong -3.6463  gap 4.2196  cls_acc 0.969  feat_std 0.614179  ema_div 0.1593
  step    9600  G 0.0092  D 1.8999  Aux 0.4136  R1 0.0000
  step    9700  G 0.0106  D 1.8859  Aux 0.4105  R1 0.0000
[epoch 024] 35.1s
  step    9800  G 0.0155  D 1.8871  Aux 0.4135  R1 0.0000
  step    9900  G 0.0065  D 1.8695  Aux 0.3895  R1 0.0000
  step   10000  G 0.0146  D 1.8921  Aux 0.4164  R1 0.0000
  diag step   10000  Dreal 1.1999  Dfake 0.1296  Dwrong -2.6859  gap 3.8857  cls_acc 0.969  feat_std 0.579262  ema_div 0.1528
  step   10100  G 0.0068  D 1.8779  Aux 0.4026  R1 0.0000
[epoch 025] 35.4s
  step   10200  G 0.0149  D 1.8611  Aux 0.3940  R1 0.0000
  step   10300  G 0.0127  D 1.8486  Aux 0.3827  R1 0.0000
  step   10400  G 0.0121  D 1.8809  Aux 0.4088  R1 0.0000
  step   10500  G 0.0044  D 1.8683  Aux 0.3922  R1 0.0000
  diag step   10500  Dreal 0.8594  Dfake -0.0586  Dwrong -3.0188  gap 3.8782  cls_acc 0.922  feat_std 0.562541  ema_div 0.1584
[epoch 026] 35.8s
  step   10600  G 0.0196  D 1.8585  Aux 0.3921  R1 0.0000
  step   10700  G 0.0120  D 1.8468  Aux 0.3815  R1 0.0000
  step   10800  G 0.0090  D 1.8478  Aux 0.3844  R1 0.0000
  step   10900  G 0.0062  D 1.8647  Aux 0.3940  R1 0.0000
[epoch 027] 35.7s
  step   11000  G 0.0075  D 1.8317  Aux 0.3680  R1 0.0000
  diag step   11000  Dreal 0.9361  Dfake -0.0313  Dwrong -3.0514  gap 3.9876  cls_acc 0.891  feat_std 0.606255  ema_div 0.1481
  step   11100  G 0.0095  D 1.8409  Aux 0.3729  R1 0.0000
  step   11200  G 0.0118  D 1.8382  Aux 0.3745  R1 0.0000
  step   11300  G 0.0125  D 1.8580  Aux 0.3963  R1 0.0000
[epoch 028] 35.8s
  step   11400  G 0.0164  D 1.8196  Aux 0.3671  R1 0.0000
  step   11500  G 0.0125  D 1.8295  Aux 0.3709  R1 0.0000
  diag step   11500  Dreal 0.8422  Dfake -0.0485  Dwrong -3.2507  gap 4.0929  cls_acc 0.938  feat_std 0.619900  ema_div 0.1487
  step   11600  G 0.0123  D 1.8300  Aux 0.3725  R1 0.0000
  step   11700  G 0.0088  D 1.8315  Aux 0.3722  R1 0.0000
[epoch 029] 35.5s
  step   11800  G 0.0076  D 1.8155  Aux 0.3579  R1 0.0000
  step   11900  G 0.0127  D 1.8072  Aux 0.3570  R1 0.0000
  step   12000  G 0.0148  D 1.8246  Aux 0.3671  R1 0.0000
  diag step   12000  Dreal 1.0571  Dfake -0.0598  Dwrong -3.3049  gap 4.3619  cls_acc 0.953  feat_std 0.633916  ema_div 0.1626
[epoch 030] 36.3s
  step   12100  G 0.0105  D 1.8225  Aux 0.3678  R1 0.0000
  step   12200  G 0.0106  D 1.7891  Aux 0.3474  R1 0.0000
  step   12300  G 0.0135  D 1.8054  Aux 0.3585  R1 0.0000
  step   12400  G 0.0151  D 1.8099  Aux 0.3653  R1 0.0000
[epoch 031] 35.5s
  step   12500  G 0.0130  D 1.8047  Aux 0.3510  R1 0.0000
  diag step   12500  Dreal 0.9265  Dfake 0.0433  Dwrong -3.2889  gap 4.2153  cls_acc 0.938  feat_std 0.627587  ema_div 0.1549
  step   12600  G 0.0123  D 1.7800  Aux 0.3385  R1 0.0000
  step   12700  G 0.0080  D 1.7998  Aux 0.3469  R1 0.0000
  step   12800  G 0.0146  D 1.7963  Aux 0.3548  R1 0.0000
[epoch 032] 35.6s
  step   12900  G 0.0143  D 1.7905  Aux 0.3499  R1 0.0000
  step   13000  G 0.0092  D 1.7891  Aux 0.3425  R1 0.0000
  diag step   13000  Dreal 1.1634  Dfake 0.0844  Dwrong -2.8820  gap 4.0454  cls_acc 0.953  feat_std 0.624584  ema_div 0.1542
  step   13100  G 0.0165  D 1.7737  Aux 0.3363  R1 0.0000
  step   13200  G 0.0170  D 1.7787  Aux 0.3443  R1 0.0000
[epoch 033] 35.1s
  step   13300  G 0.0181  D 1.7709  Aux 0.3356  R1 0.0000
  step   13400  G 0.0094  D 1.7652  Aux 0.3259  R1 0.0000
  step   13500  G 0.0037  D 1.7688  Aux 0.3326  R1 0.0000
  diag step   13500  Dreal 1.0184  Dfake 0.0358  Dwrong -3.1620  gap 4.1804  cls_acc 0.984  feat_std 0.607134  ema_div 0.1518
  step   13600  G 0.0143  D 1.7879  Aux 0.3465  R1 0.0000
[epoch 034] 35.0s
  step   13700  G 0.0196  D 1.7555  Aux 0.3168  R1 0.0000
  step   13800  G 0.0102  D 1.7540  Aux 0.3299  R1 0.0000
  step   13900  G 0.0166  D 1.7617  Aux 0.3275  R1 0.0000
  step   14000  G 0.0103  D 1.7766  Aux 0.3367  R1 0.0000
  diag step   14000  Dreal 0.9772  Dfake -0.0464  Dwrong -2.8752  gap 3.8524  cls_acc 0.938  feat_std 0.661531  ema_div 0.1546
[epoch 035] 35.4s
  step   14100  G 0.0170  D 1.7584  Aux 0.3302  R1 0.0000
  step   14200  G 0.0174  D 1.7315  Aux 0.3061  R1 0.0000
  step   14300  G 0.0046  D 1.7558  Aux 0.3302  R1 0.0000
  step   14400  G 0.0118  D 1.7572  Aux 0.3220  R1 0.0000
[epoch 036] 40.8s
  step   14500  G 0.0089  D 1.7421  Aux 0.3133  R1 0.0000
  diag step   14500  Dreal 1.0262  Dfake 0.0222  Dwrong -3.3617  gap 4.3879  cls_acc 0.891  feat_std 0.658820  ema_div 0.1445
  step   14600  G 0.0171  D 1.7433  Aux 0.3168  R1 0.0000
  step   14700  G 0.0171  D 1.7403  Aux 0.3163  R1 0.0000
  step   14800  G 0.0102  D 1.7314  Aux 0.3128  R1 0.0000
[epoch 037] 39.9s
  step   14900  G 0.0143  D 1.7347  Aux 0.3106  R1 0.0000
  step   15000  G 0.0138  D 1.7338  Aux 0.3100  R1 0.0000
  diag step   15000  Dreal 0.7485  Dfake -0.0956  Dwrong -3.3022  gap 4.0507  cls_acc 0.984  feat_std 0.704286  ema_div 0.1505
  step   15100  G 0.0136  D 1.7340  Aux 0.3099  R1 0.0000
  step   15200  G 0.0069  D 1.7428  Aux 0.3181  R1 0.0000
[epoch 038] 40.2s
  step   15300  G 0.0149  D 1.7167  Aux 0.3017  R1 0.0000
  step   15400  G 0.0151  D 1.7244  Aux 0.3045  R1 0.0000
  step   15500  G 0.0188  D 1.7187  Aux 0.3054  R1 0.0000
  diag step   15500  Dreal 0.5058  Dfake -0.1838  Dwrong -3.7986  gap 4.3043  cls_acc 0.938  feat_std 0.683716  ema_div 0.1459
  step   15600  G 0.0078  D 1.7362  Aux 0.3178  R1 0.0000
[epoch 039] 39.6s
  step   15700  G 0.0183  D 1.7047  Aux 0.2937  R1 0.0000
  step   15800  G 0.0183  D 1.7043  Aux 0.2933  R1 0.0000
  step   15900  G 0.0051  D 1.7160  Aux 0.2976  R1 0.0000
[epoch 040] 39.4s
  step   16000  G 0.0107  D 1.7217  Aux 0.3050  R1 0.0000
  diag step   16000  Dreal 1.0518  Dfake 0.0783  Dwrong -3.6138  gap 4.6657  cls_acc 0.984  feat_std 0.669316  ema_div 0.1495
  step   16100  G 0.0138  D 1.6955  Aux 0.2885  R1 0.0000
  step   16200  G 0.0080  D 1.7221  Aux 0.2988  R1 0.0000
  step   16300  G 0.0122  D 1.7130  Aux 0.2961  R1 0.0000
[epoch 041] 39.2s
  step   16400  G 0.0169  D 1.7032  Aux 0.2914  R1 0.0000
  step   16500  G 0.0203  D 1.6876  Aux 0.2823  R1 0.0000
  diag step   16500  Dreal 1.2262  Dfake 0.0682  Dwrong -3.4236  gap 4.6498  cls_acc 0.969  feat_std 0.680841  ema_div 0.1380
  step   16600  G 0.0151  D 1.6891  Aux 0.2818  R1 0.0000
  step   16700  G 0.0087  D 1.7100  Aux 0.2967  R1 0.0000
[epoch 042] 39.3s
  step   16800  G 0.0185  D 1.6891  Aux 0.2813  R1 0.0000
  step   16900  G 0.0165  D 1.6805  Aux 0.2795  R1 0.0000
  step   17000  G 0.0140  D 1.6936  Aux 0.2905  R1 0.0000
  diag step   17000  Dreal 0.9978  Dfake -0.0085  Dwrong -3.8149  gap 4.8127  cls_acc 1.000  feat_std 0.714032  ema_div 0.1439
  step   17100  G 0.0113  D 1.6879  Aux 0.2858  R1 0.0000
[epoch 043] 39.4s
  step   17200  G 0.0161  D 1.6803  Aux 0.2762  R1 0.0000
  step   17300  G 0.0178  D 1.6564  Aux 0.2623  R1 0.0000
  step   17400  G 0.0139  D 1.6728  Aux 0.2787  R1 0.0000
  step   17500  G 0.0090  D 1.6798  Aux 0.2808  R1 0.0000
  diag step   17500  Dreal 1.0783  Dfake -0.0344  Dwrong -3.4428  gap 4.5211  cls_acc 0.938  feat_std 0.706856  ema_div 0.1489
[epoch 044] 40.1s
  step   17600  G 0.0182  D 1.6763  Aux 0.2783  R1 0.0000
  step   17700  G 0.0137  D 1.6601  Aux 0.2670  R1 0.0000
  step   17800  G 0.0172  D 1.6708  Aux 0.2748  R1 0.0000
  step   17900  G 0.0002  D 1.6861  Aux 0.2768  R1 0.0000
[epoch 045] 38.5s
  step   18000  G 0.0156  D 1.6589  Aux 0.2645  R1 0.0000
  diag step   18000  Dreal 1.1468  Dfake -0.0463  Dwrong -2.8124  gap 3.9592  cls_acc 0.953  feat_std 0.724123  ema_div 0.1411
  step   18100  G 0.0165  D 1.6602  Aux 0.2705  R1 0.0000
  step   18200  G 0.0097  D 1.6658  Aux 0.2691  R1 0.0000
  step   18300  G 0.0109  D 1.6661  Aux 0.2689  R1 0.0000
[epoch 046] 38.9s
  step   18400  G 0.0194  D 1.6449  Aux 0.2539  R1 0.0000
  step   18500  G 0.0153  D 1.6416  Aux 0.2622  R1 0.0000
  diag step   18500  Dreal 1.1915  Dfake 0.0218  Dwrong -3.5098  gap 4.7013  cls_acc 0.984  feat_std 0.730454  ema_div 0.1409
  step   18600  G 0.0127  D 1.6600  Aux 0.2658  R1 0.0000
  step   18700  G 0.0099  D 1.6518  Aux 0.2658  R1 0.0000
[epoch 047] 38.8s
  step   18800  G 0.0119  D 1.6347  Aux 0.2520  R1 0.0000
  step   18900  G 0.0169  D 1.6475  Aux 0.2600  R1 0.0000
  step   19000  G 0.0160  D 1.6436  Aux 0.2600  R1 0.0000
  diag step   19000  Dreal 1.1629  Dfake 0.0480  Dwrong -4.0007  gap 5.1637  cls_acc 0.984  feat_std 0.734594  ema_div 0.1397
  step   19100  G 0.0035  D 1.6530  Aux 0.2622  R1 0.0000
[epoch 048] 38.8s
  step   19200  G 0.0189  D 1.6275  Aux 0.2498  R1 0.0000
  step   19300  G 0.0086  D 1.6340  Aux 0.2534  R1 0.0000
  step   19400  G 0.0114  D 1.6459  Aux 0.2584  R1 0.0000
  step   19500  G 0.0142  D 1.6528  Aux 0.2582  R1 0.0000
  diag step   19500  Dreal 1.0082  Dfake -0.0372  Dwrong -4.0467  gap 5.0549  cls_acc 0.969  feat_std 0.781102  ema_div 0.1412
[epoch 049] 39.0s
  step   19600  G 0.0147  D 1.6282  Aux 0.2475  R1 0.0000
  step   19700  G 0.0161  D 1.6352  Aux 0.2491  R1 0.0000
  step   19800  G 0.0146  D 1.6287  Aux 0.2528  R1 0.0000
[epoch 050] 39.3s
  step   19900  G 0.0096  D 1.6309  Aux 0.2467  R1 0.0000
  step   20000  G 0.0129  D 1.6221  Aux 0.2486  R1 0.0000
  diag step   20000  Dreal 1.2081  Dfake 0.0332  Dwrong -3.6482  gap 4.8562  cls_acc 1.000  feat_std 0.767541  ema_div 0.1375
  step   20100  G 0.0107  D 1.6142  Aux 0.2404  R1 0.0000
  step   20200  G 0.0140  D 1.6228  Aux 0.2454  R1 0.0000
[epoch 051] 40.8s
  step   20300  G 0.0040  D 1.6372  Aux 0.2496  R1 0.0000
  step   20400  G 0.0178  D 1.6116  Aux 0.2354  R1 0.0000
  step   20500  G 0.0102  D 1.6094  Aux 0.2309  R1 0.0000
  diag step   20500  Dreal 1.2322  Dfake -0.0394  Dwrong -3.6975  gap 4.9297  cls_acc 0.969  feat_std 0.796694  ema_div 0.1349
  step   20600  G 0.0115  D 1.6231  Aux 0.2484  R1 0.0000
[epoch 052] 39.0s
  step   20700  G 0.0208  D 1.6222  Aux 0.2436  R1 0.0000
  step   20800  G 0.0144  D 1.6036  Aux 0.2364  R1 0.0000
  step   20900  G 0.0111  D 1.6046  Aux 0.2316  R1 0.0000
  step   21000  G 0.0178  D 1.6113  Aux 0.2370  R1 0.0000
  diag step   21000  Dreal 0.9225  Dfake -0.0644  Dwrong -3.8656  gap 4.7881  cls_acc 0.969  feat_std 0.769933  ema_div 0.1369
[epoch 053] 38.8s
  step   21100  G 0.0222  D 1.6084  Aux 0.2365  R1 0.0000
  step   21200  G 0.0111  D 1.5902  Aux 0.2261  R1 0.0000
  step   21300  G 0.0111  D 1.6103  Aux 0.2399  R1 0.0000
  step   21400  G 0.0125  D 1.6127  Aux 0.2360  R1 0.0000
[epoch 054] 39.0s
  step   21500  G 0.0135  D 1.5927  Aux 0.2251  R1 0.0000
  diag step   21500  Dreal 1.0369  Dfake -0.0798  Dwrong -3.5938  gap 4.6306  cls_acc 0.969  feat_std 0.748748  ema_div 0.1408
  step   21600  G 0.0149  D 1.5883  Aux 0.2259  R1 0.0000
  step   21700  G 0.0118  D 1.6032  Aux 0.2351  R1 0.0000
  step   21800  G 0.0113  D 1.6035  Aux 0.2325  R1 0.0000
[epoch 055] 39.4s
  step   21900  G 0.0151  D 1.5955  Aux 0.2352  R1 0.0000
  step   22000  G 0.0158  D 1.5789  Aux 0.2218  R1 0.0000
  diag step   22000  Dreal 1.2745  Dfake 0.0190  Dwrong -3.4569  gap 4.7314  cls_acc 0.984  feat_std 0.817936  ema_div 0.1413
  step   22100  G 0.0099  D 1.5904  Aux 0.2283  R1 0.0000
  step   22200  G 0.0144  D 1.5947  Aux 0.2220  R1 0.0000
[epoch 056] 38.0s
  step   22300  G 0.0160  D 1.5841  Aux 0.2195  R1 0.0000
  step   22400  G 0.0169  D 1.5695  Aux 0.2168  R1 0.0000
  step   22500  G 0.0041  D 1.5868  Aux 0.2232  R1 0.0000
  diag step   22500  Dreal 1.0819  Dfake -0.0999  Dwrong -4.0883  gap 5.1702  cls_acc 1.000  feat_std 0.848005  ema_div 0.1449
  step   22600  G 0.0125  D 1.5988  Aux 0.2298  R1 0.0000
[epoch 057] 36.0s
  step   22700  G 0.0140  D 1.5800  Aux 0.2224  R1 0.0000
  step   22800  G 0.0172  D 1.5706  Aux 0.2166  R1 0.0000
  step   22900  G 0.0069  D 1.5812  Aux 0.2229  R1 0.0000
  step   23000  G 0.0147  D 1.5778  Aux 0.2155  R1 0.0000
  diag step   23000  Dreal 1.1504  Dfake 0.0092  Dwrong -3.8794  gap 5.0299  cls_acc 1.000  feat_std 0.779784  ema_div 0.1346
[epoch 058] 35.8s
  step   23100  G 0.0185  D 1.5544  Aux 0.2066  R1 0.0000
  step   23200  G 0.0081  D 1.5663  Aux 0.2119  R1 0.0000
  step   23300  G 0.0136  D 1.5687  Aux 0.2140  R1 0.0000
  step   23400  G 0.0107  D 1.5874  Aux 0.2247  R1 0.0000
[epoch 059] 35.3s
  step   23500  G 0.0135  D 1.5472  Aux 0.2038  R1 0.0000
  diag step   23500  Dreal 1.1236  Dfake -0.0451  Dwrong -4.5715  gap 5.6951  cls_acc 0.953  feat_std 0.862809  ema_div 0.1394
  step   23600  G 0.0105  D 1.5678  Aux 0.2080  R1 0.0000
  step   23700  G 0.0148  D 1.5716  Aux 0.2149  R1 0.0000
[epoch 060] 35.6s
  step   23800  G 0.0154  D 1.5795  Aux 0.2228  R1 0.0000
  step   23900  G 0.0135  D 1.5430  Aux 0.1985  R1 0.0000
  step   24000  G 0.0065  D 1.5562  Aux 0.2081  R1 0.0000
  diag step   24000  Dreal 1.0268  Dfake -0.0275  Dwrong -3.9545  gap 4.9813  cls_acc 0.984  feat_std 0.839851  ema_div 0.1319
  step   24100  G 0.0104  D 1.5655  Aux 0.2117  R1 0.0000
[epoch 061] 40.1s
  step   24200  G 0.0057  D 1.5746  Aux 0.2171  R1 0.0000
  step   24300  G 0.0251  D 1.5366  Aux 0.1977  R1 0.0000
  step   24400  G 0.0106  D 1.5572  Aux 0.2065  R1 0.0000
  step   24500  G 0.0104  D 1.5563  Aux 0.2042  R1 0.0000
  diag step   24500  Dreal 1.2797  Dfake 0.0401  Dwrong -4.1557  gap 5.4354  cls_acc 0.969  feat_std 0.823973  ema_div 0.1356
[epoch 062] 40.3s
  step   24600  G 0.0124  D 1.5506  Aux 0.2044  R1 0.0000
  step   24700  G 0.0157  D 1.5384  Aux 0.1950  R1 0.0000
  step   24800  G 0.0103  D 1.5501  Aux 0.2004  R1 0.0000
  step   24900  G 0.0089  D 1.5528  Aux 0.2014  R1 0.0000
[epoch 063] 40.3s
  step   25000  G 0.0093  D 1.5605  Aux 0.2065  R1 0.0000
  diag step   25000  Dreal 1.3591  Dfake 0.0797  Dwrong -4.3159  gap 5.6750  cls_acc 0.984  feat_std 0.848217  ema_div 0.1275
  step   25100  G 0.0145  D 1.5313  Aux 0.1958  R1 0.0000
  step   25200  G 0.0153  D 1.5381  Aux 0.1973  R1 0.0000
  step   25300  G 0.0126  D 1.5441  Aux 0.1986  R1 0.0000
[epoch 064] 40.8s
  step   25400  G 0.0175  D 1.5388  Aux 0.2011  R1 0.0000
  step   25500  G 0.0117  D 1.5286  Aux 0.1938  R1 0.0000
  diag step   25500  Dreal 1.2419  Dfake 0.0077  Dwrong -3.5242  gap 4.7661  cls_acc 1.000  feat_std 0.852501  ema_div 0.1253
  step   25600  G 0.0139  D 1.5403  Aux 0.2001  R1 0.0000
  step   25700  G 0.0070  D 1.5354  Aux 0.1945  R1 0.0000
[epoch 065] 38.0s
  step   25800  G 0.0146  D 1.5275  Aux 0.1924  R1 0.0000
  step   25900  G 0.0144  D 1.5279  Aux 0.1881  R1 0.0000
  step   26000  G 0.0089  D 1.5316  Aux 0.1957  R1 0.0000
  diag step   26000  Dreal 1.0563  Dfake -0.0435  Dwrong -3.9203  gap 4.9767  cls_acc 0.969  feat_std 0.853792  ema_div 0.1311
  step   26100  G 0.0086  D 1.5328  Aux 0.1914  R1 0.0000
[epoch 066] 37.6s
  step   26200  G 0.0231  D 1.5120  Aux 0.1818  R1 0.0000
  step   26300  G 0.0109  D 1.5164  Aux 0.1825  R1 0.0000
  step   26400  G 0.0101  D 1.5381  Aux 0.2005  R1 0.0000
  step   26500  G 0.0107  D 1.5338  Aux 0.1945  R1 0.0000
  diag step   26500  Dreal 1.3403  Dfake -0.0246  Dwrong -3.1178  gap 4.4581  cls_acc 0.984  feat_std 0.877919  ema_div 0.1396
[epoch 067] 37.8s
  step   26600  G 0.0166  D 1.5108  Aux 0.1798  R1 0.0000
  step   26700  G 0.0151  D 1.5199  Aux 0.1866  R1 0.0000
  step   26800  G 0.0138  D 1.5229  Aux 0.1918  R1 0.0000
  step   26900  G 0.0117  D 1.5220  Aux 0.1877  R1 0.0000
[epoch 068] 37.3s
  step   27000  G 0.0153  D 1.5080  Aux 0.1799  R1 0.0000
  diag step   27000  Dreal 1.2628  Dfake -0.0382  Dwrong -4.4366  gap 5.6994  cls_acc 1.000  feat_std 0.911071  ema_div 0.1243
  step   27100  G 0.0110  D 1.5086  Aux 0.1791  R1 0.0000
  step   27200  G 0.0090  D 1.5237  Aux 0.1899  R1 0.0000
  step   27300  G 0.0096  D 1.5192  Aux 0.1923  R1 0.0000
[epoch 069] 37.9s
  step   27400  G 0.0159  D 1.4951  Aux 0.1709  R1 0.0000
  step   27500  G 0.0139  D 1.5001  Aux 0.1793  R1 0.0000
  diag step   27500  Dreal 1.2106  Dfake 0.0531  Dwrong -3.5028  gap 4.7134  cls_acc 1.000  feat_std 0.842240  ema_div 0.1279
  step   27600  G 0.0112  D 1.5065  Aux 0.1869  R1 0.0000
[epoch 070] 37.6s
  step   27700  G 0.0168  D 1.5143  Aux 0.1850  R1 0.0000
  step   27800  G 0.0114  D 1.4880  Aux 0.1713  R1 0.0000
  step   27900  G 0.0054  D 1.5060  Aux 0.1822  R1 0.0000
  step   28000  G 0.0112  D 1.5157  Aux 0.1876  R1 0.0000
  diag step   28000  Dreal 1.2474  Dfake 0.0174  Dwrong -4.0546  gap 5.3019  cls_acc 0.984  feat_std 0.938380  ema_div 0.1246
[epoch 071] 41.8s
  step   28100  G 0.0109  D 1.5100  Aux 0.1840  R1 0.0000
  step   28200  G 0.0132  D 1.4859  Aux 0.1664  R1 0.0000
  step   28300  G 0.0129  D 1.4976  Aux 0.1759  R1 0.0000
  step   28400  G 0.0108  D 1.5057  Aux 0.1789  R1 0.0000
[epoch 072] 41.3s
  step   28500  G 0.0115  D 1.4971  Aux 0.1768  R1 0.0000
  diag step   28500  Dreal 1.2166  Dfake -0.0006  Dwrong -3.4084  gap 4.6250  cls_acc 1.000  feat_std 0.883165  ema_div 0.1194
  step   28600  G 0.0200  D 1.4794  Aux 0.1721  R1 0.0000
  step   28700  G 0.0098  D 1.4973  Aux 0.1763  R1 0.0000
  step   28800  G 0.0194  D 1.4999  Aux 0.1778  R1 0.0000
[epoch 073] 39.4s
  step   28900  G 0.0165  D 1.4922  Aux 0.1761  R1 0.0000
  step   29000  G 0.0116  D 1.4887  Aux 0.1676  R1 0.0000
  diag step   29000  Dreal 1.5019  Dfake -0.0214  Dwrong -4.2464  gap 5.7482  cls_acc 0.938  feat_std 0.928643  ema_div 0.1258
  step   29100  G 0.0143  D 1.4839  Aux 0.1702  R1 0.0000
  step   29200  G 0.0101  D 1.4956  Aux 0.1744  R1 0.0000
[epoch 074] 39.2s
  step   29300  G 0.0129  D 1.4774  Aux 0.1669  R1 0.0000
  step   29400  G 0.0138  D 1.4748  Aux 0.1645  R1 0.0000
  step   29500  G 0.0130  D 1.4794  Aux 0.1646  R1 0.0000
  diag step   29500  Dreal 1.1659  Dfake -0.0010  Dwrong -3.7535  gap 4.9194  cls_acc 0.984  feat_std 0.909307  ema_div 0.1299
  step   29600  G 0.0078  D 1.4938  Aux 0.1769  R1 0.0000
[epoch 075] 39.5s
  step   29700  G 0.0138  D 1.4819  Aux 0.1670  R1 0.0000
  step   29800  G 0.0130  D 1.4734  Aux 0.1645  R1 0.0000
  step   29900  G 0.0126  D 1.4765  Aux 0.1600  R1 0.0000
  step   30000  G 0.0085  D 1.4887  Aux 0.1717  R1 0.0000
  diag step   30000  Dreal 1.2725  Dfake -0.0930  Dwrong -3.9416  gap 5.2140  cls_acc 1.000  feat_std 0.986427  ema_div 0.1224
[epoch 076] 38.9s
  step   30100  G 0.0117  D 1.4836  Aux 0.1625  R1 0.0000
  step   30200  G 0.0205  D 1.4583  Aux 0.1552  R1 0.0000
  step   30300  G 0.0155  D 1.4673  Aux 0.1632  R1 0.0000
  step   30400  G 0.0102  D 1.4937  Aux 0.1772  R1 0.0000
[epoch 077] 39.8s
  step   30500  G 0.0163  D 1.4668  Aux 0.1622  R1 0.0000
  diag step   30500  Dreal 1.4560  Dfake 0.0047  Dwrong -3.9878  gap 5.4438  cls_acc 1.000  feat_std 0.965978  ema_div 0.1231
  step   30600  G 0.0156  D 1.4585  Aux 0.1523  R1 0.0000
  step   30700  G 0.0091  D 1.4719  Aux 0.1602  R1 0.0000
  step   30800  G 0.0118  D 1.4772  Aux 0.1650  R1 0.0000
[epoch 078] 39.1s
  step   30900  G 0.0129  D 1.4632  Aux 0.1598  R1 0.0000
  step   31000  G 0.0092  D 1.4611  Aux 0.1588  R1 0.0000
  diag step   31000  Dreal 1.3102  Dfake -0.0545  Dwrong -3.8470  gap 5.1572  cls_acc 1.000  feat_std 0.927223  ema_div 0.1232
  step   31100  G 0.0133  D 1.4702  Aux 0.1602  R1 0.0000
  step   31200  G 0.0060  D 1.4725  Aux 0.1573  R1 0.0000
[epoch 079] 38.9s
  step   31300  G 0.0181  D 1.4546  Aux 0.1547  R1 0.0000
  step   31400  G 0.0088  D 1.4613  Aux 0.1555  R1 0.0000
  step   31500  G 0.0089  D 1.4634  Aux 0.1571  R1 0.0000
  diag step   31500  Dreal 1.2996  Dfake -0.0662  Dwrong -4.1620  gap 5.4616  cls_acc 1.000  feat_std 0.996788  ema_div 0.1201
[epoch 080] 39.0s
  step   31600  G 0.0159  D 1.4682  Aux 0.1648  R1 0.0000
  step   31700  G 0.0152  D 1.4484  Aux 0.1515  R1 0.0000
  step   31800  G 0.0077  D 1.4469  Aux 0.1482  R1 0.0000
  step   31900  G 0.0115  D 1.4580  Aux 0.1543  R1 0.0000
[epoch 081] 38.9s
  step   32000  G 0.0101  D 1.4525  Aux 0.1512  R1 0.0000
  diag step   32000  Dreal 1.3877  Dfake -0.0607  Dwrong -4.3344  gap 5.7222  cls_acc 1.000  feat_std 1.032107  ema_div 0.1243
  step   32100  G 0.0153  D 1.4468  Aux 0.1469  R1 0.0000
  step   32200  G 0.0053  D 1.4595  Aux 0.1565  R1 0.0000
  step   32300  G 0.0163  D 1.4602  Aux 0.1571  R1 0.0000
[epoch 082] 39.0s
  step   32400  G 0.0126  D 1.4499  Aux 0.1548  R1 0.0000
  step   32500  G 0.0123  D 1.4458  Aux 0.1484  R1 0.0000
  diag step   32500  Dreal 1.3408  Dfake -0.0270  Dwrong -3.8974  gap 5.2382  cls_acc 1.000  feat_std 1.075560  ema_div 0.1236
  step   32600  G 0.0113  D 1.4493  Aux 0.1551  R1 0.0000
  step   32700  G 0.0086  D 1.4521  Aux 0.1527  R1 0.0000
[epoch 083] 39.0s
  step   32800  G 0.0178  D 1.4444  Aux 0.1487  R1 0.0000
  step   32900  G 0.0124  D 1.4417  Aux 0.1476  R1 0.0000
  step   33000  G 0.0186  D 1.4397  Aux 0.1483  R1 0.0000
  diag step   33000  Dreal 1.2796  Dfake -0.0751  Dwrong -4.7419  gap 6.0215  cls_acc 1.000  feat_std 1.008885  ema_div 0.1209
  step   33100  G 0.0072  D 1.4462  Aux 0.1531  R1 0.0000
[epoch 084] 39.4s
  step   33200  G 0.0117  D 1.4417  Aux 0.1465  R1 0.0000
  step   33300  G 0.0123  D 1.4366  Aux 0.1440  R1 0.0000
  step   33400  G 0.0139  D 1.4442  Aux 0.1512  R1 0.0000
  step   33500  G 0.0053  D 1.4391  Aux 0.1436  R1 0.0000
  diag step   33500  Dreal 1.4065  Dfake -0.0283  Dwrong -4.5097  gap 5.9162  cls_acc 0.984  feat_std 0.983197  ema_div 0.1166
[epoch 085] 39.7s
  step   33600  G 0.0118  D 1.4344  Aux 0.1420  R1 0.0000
  step   33700  G 0.0144  D 1.4286  Aux 0.1410  R1 0.0000
  step   33800  G 0.0119  D 1.4414  Aux 0.1512  R1 0.0000
  step   33900  G 0.0050  D 1.4370  Aux 0.1453  R1 0.0000
[epoch 086] 38.9s
  step   34000  G 0.0174  D 1.4290  Aux 0.1403  R1 0.0000
  diag step   34000  Dreal 1.2407  Dfake -0.0800  Dwrong -4.0601  gap 5.3009  cls_acc 1.000  feat_std 1.007600  ema_div 0.1093
  step   34100  G 0.0132  D 1.4284  Aux 0.1411  R1 0.0000
  step   34200  G 0.0108  D 1.4411  Aux 0.1481  R1 0.0000
  step   34300  G 0.0083  D 1.4445  Aux 0.1470  R1 0.0000
[epoch 087] 39.5s
  step   34400  G 0.0123  D 1.4255  Aux 0.1374  R1 0.0000
  step   34500  G 0.0138  D 1.4279  Aux 0.1403  R1 0.0000
  diag step   34500  Dreal 1.3741  Dfake 0.0120  Dwrong -4.1171  gap 5.4912  cls_acc 1.000  feat_std 1.017318  ema_div 0.1210
  step   34600  G 0.0123  D 1.4295  Aux 0.1446  R1 0.0000
  step   34700  G 0.0120  D 1.4351  Aux 0.1468  R1 0.0000
[epoch 088] 39.4s
  step   34800  G 0.0108  D 1.4235  Aux 0.1351  R1 0.0000
  step   34900  G 0.0095  D 1.4217  Aux 0.1361  R1 0.0000
  step   35000  G 0.0138  D 1.4324  Aux 0.1410  R1 0.0000
  diag step   35000  Dreal 1.3102  Dfake -0.0213  Dwrong -3.8111  gap 5.1213  cls_acc 0.969  feat_std 0.988376  ema_div 0.1159
  step   35100  G 0.0077  D 1.4359  Aux 0.1452  R1 0.0000
[epoch 089] 39.2s
  step   35200  G 0.0083  D 1.4124  Aux 0.1303  R1 0.0000
  step   35300  G 0.0170  D 1.4153  Aux 0.1356  R1 0.0000
  step   35400  G 0.0159  D 1.4260  Aux 0.1420  R1 0.0000
[epoch 090] 39.0s
  step   35500  G 0.0040  D 1.4223  Aux 0.1398  R1 0.0000
  diag step   35500  Dreal 1.4942  Dfake -0.0359  Dwrong -4.0706  gap 5.5648  cls_acc 1.000  feat_std 1.009799  ema_div 0.1090
  step   35600  G 0.0136  D 1.4064  Aux 0.1257  R1 0.0000
  step   35700  G 0.0061  D 1.4216  Aux 0.1396  R1 0.0000
  step   35800  G 0.0105  D 1.4235  Aux 0.1371  R1 0.0000
[epoch 091] 39.4s
  step   35900  G 0.0098  D 1.4285  Aux 0.1353  R1 0.0000
  step   36000  G 0.0101  D 1.4073  Aux 0.1342  R1 0.0000
  diag step   36000  Dreal 1.0945  Dfake -0.0685  Dwrong -4.6968  gap 5.7913  cls_acc 1.000  feat_std 1.077518  ema_div 0.1133
  step   36100  G 0.0098  D 1.4082  Aux 0.1249  R1 0.0000
  step   36200  G 0.0132  D 1.4193  Aux 0.1390  R1 0.0000
[epoch 092] 40.1s
  step   36300  G 0.0135  D 1.4133  Aux 0.1323  R1 0.0000
  step   36400  G 0.0070  D 1.4052  Aux 0.1324  R1 0.0000
  step   36500  G 0.0143  D 1.4108  Aux 0.1308  R1 0.0000
  diag step   36500  Dreal 1.4978  Dfake 0.0140  Dwrong -4.0601  gap 5.5578  cls_acc 1.000  feat_std 1.048874  ema_div 0.1161
  step   36600  G 0.0100  D 1.4129  Aux 0.1341  R1 0.0000
[epoch 093] 38.9s
  step   36700  G 0.0146  D 1.4065  Aux 0.1295  R1 0.0000
  step   36800  G 0.0089  D 1.3971  Aux 0.1292  R1 0.0000
  step   36900  G 0.0126  D 1.4043  Aux 0.1319  R1 0.0000
  step   37000  G 0.0098  D 1.4159  Aux 0.1391  R1 0.0000
  diag step   37000  Dreal 1.3356  Dfake 0.0425  Dwrong -4.3276  gap 5.6632  cls_acc 1.000  feat_std 0.987672  ema_div 0.1073
[epoch 094] 39.4s
  step   37100  G 0.0141  D 1.3933  Aux 0.1271  R1 0.0000
  step   37200  G 0.0072  D 1.4029  Aux 0.1284  R1 0.0000
  step   37300  G 0.0081  D 1.4076  Aux 0.1306  R1 0.0000
  step   37400  G 0.0131  D 1.4012  Aux 0.1268  R1 0.0000
[epoch 095] 43.9s
  step   37500  G 0.0158  D 1.3997  Aux 0.1245  R1 0.0000
  diag step   37500  Dreal 1.5338  Dfake 0.0718  Dwrong -3.9348  gap 5.4686  cls_acc 1.000  feat_std 0.990266  ema_div 0.1150
  step   37600  G 0.0083  D 1.4012  Aux 0.1290  R1 0.0000
  step   37700  G 0.0146  D 1.4020  Aux 0.1316  R1 0.0000
  step   37800  G 0.0044  D 1.4044  Aux 0.1291  R1 0.0000
[epoch 096] 42.1s
  step   37900  G 0.0159  D 1.3828  Aux 0.1172  R1 0.0000
  step   38000  G 0.0104  D 1.3973  Aux 0.1292  R1 0.0000
  diag step   38000  Dreal 1.6415  Dfake 0.0768  Dwrong -4.1480  gap 5.7895  cls_acc 1.000  feat_std 1.075142  ema_div 0.1161
  step   38100  G 0.0133  D 1.3975  Aux 0.1257  R1 0.0000
  step   38200  G 0.0066  D 1.3997  Aux 0.1245  R1 0.0000
[epoch 097] 41.4s
  step   38300  G 0.0148  D 1.3916  Aux 0.1222  R1 0.0000
  step   38400  G 0.0104  D 1.3890  Aux 0.1214  R1 0.0000
  step   38500  G 0.0067  D 1.3990  Aux 0.1269  R1 0.0000
  diag step   38500  Dreal 1.3190  Dfake 0.0104  Dwrong -4.7565  gap 6.0755  cls_acc 1.000  feat_std 1.131252  ema_div 0.1211
  step   38600  G 0.0016  D 1.4066  Aux 0.1265  R1 0.0000
[epoch 098] 40.3s
  step   38700  G 0.0161  D 1.3825  Aux 0.1176  R1 0.0000
  step   38800  G 0.0174  D 1.3882  Aux 0.1238  R1 0.0000
  step   38900  G 0.0141  D 1.3923  Aux 0.1211  R1 0.0000
  step   39000  G 0.0041  D 1.3989  Aux 0.1256  R1 0.0000
  diag step   39000  Dreal 1.4477  Dfake -0.0027  Dwrong -4.0104  gap 5.4581  cls_acc 1.000  feat_std 1.096786  ema_div 0.1097
[epoch 099] 39.6s
  step   39100  G 0.0177  D 1.3774  Aux 0.1179  R1 0.0000
  step   39200  G 0.0112  D 1.3856  Aux 0.1227  R1 0.0000
  step   39300  G 0.0078  D 1.3947  Aux 0.1242  R1 0.0000
[epoch 100] 39.1s
  step   39400  G 0.0149  D 1.3872  Aux 0.1214  R1 0.0000
  step   39500  G 0.0151  D 1.3757  Aux 0.1185  R1 0.0000
  diag step   39500  Dreal 1.5268  Dfake 0.0575  Dwrong -3.9467  gap 5.4735  cls_acc 1.000  feat_std 1.102552  ema_div 0.1047
  step   39600  G 0.0090  D 1.3796  Aux 0.1181  R1 0.0000
  step   39700  G 0.0059  D 1.3891  Aux 0.1202  R1 0.0000
[epoch 101] 39.1s
  step   39800  G 0.0141  D 1.3839  Aux 0.1200  R1 0.0000
  step   39900  G 0.0136  D 1.3758  Aux 0.1162  R1 0.0000
  step   40000  G 0.0120  D 1.3792  Aux 0.1157  R1 0.0000
  diag step   40000  Dreal 1.4782  Dfake 0.0339  Dwrong -4.7259  gap 6.2041  cls_acc 1.000  feat_std 1.143121  ema_div 0.1117
  step   40100  G 0.0042  D 1.3904  Aux 0.1225  R1 0.0000
[epoch 102] 40.8s
  step   40200  G 0.0144  D 1.3800  Aux 0.1185  R1 0.0000
  step   40300  G 0.0169  D 1.3675  Aux 0.1123  R1 0.0000
  step   40400  G 0.0034  D 1.3799  Aux 0.1204  R1 0.0000
  step   40500  G 0.0109  D 1.3849  Aux 0.1189  R1 0.0000
  diag step   40500  Dreal 1.5182  Dfake 0.0368  Dwrong -3.8705  gap 5.3887  cls_acc 0.984  feat_std 1.096929  ema_div 0.1182
[epoch 103] 39.7s
  step   40600  G 0.0119  D 1.3740  Aux 0.1136  R1 0.0000
  step   40700  G 0.0094  D 1.3638  Aux 0.1093  R1 0.0000
  step   40800  G 0.0159  D 1.3750  Aux 0.1188  R1 0.0000
  step   40900  G 0.0056  D 1.3819  Aux 0.1181  R1 0.0000
[epoch 104] 42.8s
  step   41000  G 0.0100  D 1.3778  Aux 0.1188  R1 0.0000
  diag step   41000  Dreal 1.4906  Dfake -0.0098  Dwrong -4.6213  gap 6.1119  cls_acc 1.000  feat_std 1.192665  ema_div 0.1079
  step   41100  G 0.0093  D 1.3672  Aux 0.1108  R1 0.0000
  step   41200  G 0.0150  D 1.3654  Aux 0.1123  R1 0.0000
  step   41300  G 0.0086  D 1.3699  Aux 0.1146  R1 0.0000
[epoch 105] 40.6s
  step   41400  G 0.0094  D 1.3691  Aux 0.1162  R1 0.0000
  step   41500  G 0.0092  D 1.3718  Aux 0.1118  R1 0.0000
  diag step   41500  Dreal 1.4726  Dfake 0.0633  Dwrong -4.4406  gap 5.9132  cls_acc 1.000  feat_std 1.097373  ema_div 0.1067
  step   41600  G 0.0085  D 1.3618  Aux 0.1085  R1 0.0000
  step   41700  G 0.0070  D 1.3792  Aux 0.1189  R1 0.0000
[epoch 106] 41.0s
  step   41800  G 0.0119  D 1.3617  Aux 0.1104  R1 0.0000
  step   41900  G 0.0082  D 1.3651  Aux 0.1083  R1 0.0000
  step   42000  G 0.0077  D 1.3727  Aux 0.1159  R1 0.0000
  diag step   42000  Dreal 1.4133  Dfake 0.0451  Dwrong -4.2191  gap 5.6324  cls_acc 1.000  feat_std 1.119978  ema_div 0.1051
  step   42100  G 0.0134  D 1.3744  Aux 0.1134  R1 0.0000
[epoch 107] 41.6s
  step   42200  G 0.0122  D 1.3609  Aux 0.1104  R1 0.0000
  step   42300  G 0.0138  D 1.3594  Aux 0.1068  R1 0.0000
  step   42400  G 0.0107  D 1.3717  Aux 0.1164  R1 0.0000
  step   42500  G 0.0067  D 1.3692  Aux 0.1114  R1 0.0000
  diag step   42500  Dreal 1.3249  Dfake -0.0421  Dwrong -3.8994  gap 5.2243  cls_acc 1.000  feat_std 1.136203  ema_div 0.0968
[epoch 108] 42.3s
  step   42600  G 0.0133  D 1.3552  Aux 0.1062  R1 0.0000
  step   42700  G 0.0128  D 1.3608  Aux 0.1080  R1 0.0000
  step   42800  G 0.0084  D 1.3618  Aux 0.1118  R1 0.0000
  step   42900  G 0.0021  D 1.3706  Aux 0.1154  R1 0.0000
[epoch 109] 41.0s
  step   43000  G 0.0147  D 1.3518  Aux 0.1074  R1 0.0000
  diag step   43000  Dreal 1.5251  Dfake -0.0823  Dwrong -3.8140  gap 5.3390  cls_acc 1.000  feat_std 1.162247  ema_div 0.0967
  step   43100  G 0.0123  D 1.3571  Aux 0.1083  R1 0.0000
  step   43200  G 0.0056  D 1.3566  Aux 0.1068  R1 0.0000
[epoch 110] 41.5s
  step   43300  G 0.0111  D 1.3634  Aux 0.1096  R1 0.0000
  step   43400  G 0.0160  D 1.3426  Aux 0.1016  R1 0.0000
  step   43500  G 0.0076  D 1.3583  Aux 0.1093  R1 0.0000
  diag step   43500  Dreal 1.6391  Dfake 0.0739  Dwrong -3.8120  gap 5.4511  cls_acc 0.984  feat_std 1.076836  ema_div 0.1064
  step   43600  G 0.0082  D 1.3621  Aux 0.1120  R1 0.0000
[epoch 111] 42.2s
  step   43700  G 0.0091  D 1.3586  Aux 0.1074  R1 0.0000
  step   43800  G 0.0088  D 1.3485  Aux 0.1028  R1 0.0000
  step   43900  G 0.0081  D 1.3539  Aux 0.1038  R1 0.0000
  step   44000  G 0.0063  D 1.3621  Aux 0.1080  R1 0.0000
  diag step   44000  Dreal 1.4606  Dfake 0.0125  Dwrong -4.2869  gap 5.7475  cls_acc 0.969  feat_std 1.094880  ema_div 0.1036
[epoch 112] 41.8s
  step   44100  G 0.0122  D 1.3476  Aux 0.1081  R1 0.0000
  step   44200  G 0.0171  D 1.3479  Aux 0.1023  R1 0.0000
  step   44300  G 0.0091  D 1.3531  Aux 0.1051  R1 0.0000
  step   44400  G 0.0086  D 1.3497  Aux 0.1030  R1 0.0000
[epoch 113] 40.3s
  step   44500  G 0.0091  D 1.3497  Aux 0.1065  R1 0.0000
  diag step   44500  Dreal 1.4942  Dfake -0.0670  Dwrong -4.1701  gap 5.6643  cls_acc 1.000  feat_std 1.137416  ema_div 0.1021
  step   44600  G 0.0105  D 1.3461  Aux 0.1027  R1 0.0000
  step   44700  G 0.0074  D 1.3435  Aux 0.1037  R1 0.0000
  step   44800  G 0.0119  D 1.3524  Aux 0.1079  R1 0.0000
[epoch 114] 39.9s
  step   44900  G 0.0099  D 1.3441  Aux 0.0992  R1 0.0000
  step   45000  G 0.0076  D 1.3465  Aux 0.1035  R1 0.0000
  diag step   45000  Dreal 1.1792  Dfake 0.0224  Dwrong -3.9975  gap 5.1766  cls_acc 0.969  feat_std 1.120125  ema_div 0.0990
  step   45100  G 0.0132  D 1.3455  Aux 0.1050  R1 0.0000
  step   45200  G 0.0031  D 1.3467  Aux 0.1013  R1 0.0000
[epoch 115] 40.7s
  step   45300  G 0.0127  D 1.3378  Aux 0.1024  R1 0.0000
  step   45400  G 0.0130  D 1.3352  Aux 0.0975  R1 0.0000
  step   45500  G 0.0081  D 1.3365  Aux 0.0968  R1 0.0000
  diag step   45500  Dreal 1.5378  Dfake -0.0616  Dwrong -4.6361  gap 6.1739  cls_acc 1.000  feat_std 1.243671  ema_div 0.0943
  step   45600  G 0.0066  D 1.3511  Aux 0.1049  R1 0.0000
[epoch 116] 40.9s
  step   45700  G 0.0125  D 1.3383  Aux 0.1017  R1 0.0000
  step   45800  G 0.0111  D 1.3410  Aux 0.0999  R1 0.0000
  step   45900  G 0.0055  D 1.3472  Aux 0.1000  R1 0.0000
  step   46000  G 0.0083  D 1.3459  Aux 0.1018  R1 0.0000
  diag step   46000  Dreal 1.3538  Dfake 0.0245  Dwrong -3.7861  gap 5.1399  cls_acc 1.000  feat_std 1.112467  ema_div 0.1015
[epoch 117] 41.1s
  step   46100  G 0.0180  D 1.3240  Aux 0.0938  R1 0.0000
  step   46200  G 0.0070  D 1.3357  Aux 0.0972  R1 0.0000
  step   46300  G 0.0040  D 1.3405  Aux 0.1006  R1 0.0000
  step   46400  G 0.0126  D 1.3417  Aux 0.1015  R1 0.0000
[epoch 118] 40.7s
  step   46500  G 0.0142  D 1.3255  Aux 0.0926  R1 0.0000
  diag step   46500  Dreal 1.7680  Dfake 0.0270  Dwrong -4.3010  gap 6.0690  cls_acc 1.000  feat_std 1.150963  ema_div 0.1052
  step   46600  G 0.0063  D 1.3335  Aux 0.1001  R1 0.0000
  step   46700  G 0.0083  D 1.3349  Aux 0.0980  R1 0.0000
  step   46800  G 0.0095  D 1.3405  Aux 0.1016  R1 0.0000
[epoch 119] 42.2s
  step   46900  G 0.0100  D 1.3280  Aux 0.0953  R1 0.0000
  step   47000  G 0.0135  D 1.3272  Aux 0.0932  R1 0.0000
  diag step   47000  Dreal 1.3772  Dfake -0.0071  Dwrong -4.4232  gap 5.8004  cls_acc 1.000  feat_std 1.189581  ema_div 0.1014
  step   47100  G 0.0090  D 1.3372  Aux 0.0959  R1 0.0000
[epoch 120] 43.6s
  step   47200  G 0.0072  D 1.3386  Aux 0.0981  R1 0.0000
  step   47300  G 0.0152  D 1.3173  Aux 0.0918  R1 0.0000
  step   47400  G 0.0147  D 1.3296  Aux 0.0968  R1 0.0000
  step   47500  G 0.0043  D 1.3317  Aux 0.0957  R1 0.0000
  diag step   47500  Dreal 1.3484  Dfake -0.0589  Dwrong -4.6733  gap 6.0217  cls_acc 1.000  feat_std 1.161262  ema_div 0.0998
[epoch 121] 41.1s
  step   47600  G 0.0064  D 1.3367  Aux 0.0965  R1 0.0000
  step   47700  G 0.0071  D 1.3211  Aux 0.0899  R1 0.0000
  step   47800  G 0.0123  D 1.3283  Aux 0.0941  R1 0.0000
  step   47900  G 0.0095  D 1.3372  Aux 0.0980  R1 0.0000
[epoch 122] 40.4s
  step   48000  G 0.0118  D 1.3335  Aux 0.0938  R1 0.0000
  diag step   48000  Dreal 1.6268  Dfake 0.0222  Dwrong -4.1256  gap 5.7524  cls_acc 0.984  feat_std 1.200050  ema_div 0.0951
  step   48100  G 0.0086  D 1.3222  Aux 0.0905  R1 0.0000
  step   48200  G 0.0047  D 1.3273  Aux 0.0960  R1 0.0000
  step   48300  G 0.0070  D 1.3300  Aux 0.0955  R1 0.0000
[epoch 123] 40.4s
  step   48400  G 0.0109  D 1.3280  Aux 0.0962  R1 0.0000
  step   48500  G 0.0113  D 1.3188  Aux 0.0903  R1 0.0000
  diag step   48500  Dreal 1.3910  Dfake -0.0319  Dwrong -4.0157  gap 5.4066  cls_acc 0.969  feat_std 1.136983  ema_div 0.0942
  step   48600  G 0.0102  D 1.3265  Aux 0.0929  R1 0.0000
  step   48700  G 0.0088  D 1.3281  Aux 0.0928  R1 0.0000
[epoch 124] 39.8s
  step   48800  G 0.0096  D 1.3238  Aux 0.0940  R1 0.0000
  step   48900  G 0.0144  D 1.3143  Aux 0.0886  R1 0.0000
  step   49000  G 0.0041  D 1.3311  Aux 0.0937  R1 0.0000
  diag step   49000  Dreal 1.4173  Dfake 0.0071  Dwrong -4.5939  gap 6.0111  cls_acc 1.000  feat_std 1.209041  ema_div 0.1018
  step   49100  G 0.0132  D 1.3241  Aux 0.0935  R1 0.0000
[epoch 125] 40.3s
  step   49200  G 0.0081  D 1.3199  Aux 0.0941  R1 0.0000
  step   49300  G 0.0130  D 1.3138  Aux 0.0893  R1 0.0000
  step   49400  G 0.0056  D 1.3263  Aux 0.0939  R1 0.0000
  step   49500  G 0.0005  D 1.3216  Aux 0.0898  R1 0.0000
  diag step   49500  Dreal 1.5434  Dfake 0.0584  Dwrong -4.5564  gap 6.0998  cls_acc 1.000  feat_std 1.202248  ema_div 0.1010
[epoch 126] 39.8s
  step   49600  G 0.0142  D 1.3156  Aux 0.0886  R1 0.0000
  step   49700  G 0.0103  D 1.3138  Aux 0.0882  R1 0.0000
  step   49800  G 0.0099  D 1.3252  Aux 0.0918  R1 0.0000
  step   49900  G 0.0063  D 1.3218  Aux 0.0930  R1 0.0000
[epoch 127] 39.9s
  step   50000  G 0.0100  D 1.3050  Aux 0.0867  R1 0.0000
  diag step   50000  Dreal 1.3902  Dfake 0.0077  Dwrong -4.2679  gap 5.6581  cls_acc 1.000  feat_std 1.192168  ema_div 0.0959
  step   50100  G 0.0135  D 1.3164  Aux 0.0877  R1 0.0000
  step   50200  G 0.0039  D 1.3237  Aux 0.0911  R1 0.0000
  step   50300  G 0.0034  D 1.3217  Aux 0.0907  R1 0.0000
[epoch 128] 40.7s
  step   50400  G 0.0145  D 1.3089  Aux 0.0868  R1 0.0000
  step   50500  G 0.0082  D 1.3111  Aux 0.0857  R1 0.0000
  diag step   50500  Dreal 1.7262  Dfake 0.0305  Dwrong -5.1945  gap 6.9207  cls_acc 1.000  feat_std 1.224320  ema_div 0.0989
  step   50600  G 0.0080  D 1.3119  Aux 0.0902  R1 0.0000
  step   50700  G 0.0094  D 1.3193  Aux 0.0898  R1 0.0000
[epoch 129] 44.3s
  step   50800  G 0.0115  D 1.3045  Aux 0.0848  R1 0.0000
  step   50900  G 0.0067  D 1.3090  Aux 0.0832  R1 0.0000
  step   51000  G 0.0071  D 1.3134  Aux 0.0898  R1 0.0000
  diag step   51000  Dreal 1.6087  Dfake 0.0139  Dwrong -4.2058  gap 5.8145  cls_acc 0.984  feat_std 1.177545  ema_div 0.1014
[epoch 130] 41.7s
  step   51100  G 0.0079  D 1.3217  Aux 0.0906  R1 0.0000
  step   51200  G 0.0119  D 1.3057  Aux 0.0879  R1 0.0000
  step   51300  G 0.0106  D 1.3079  Aux 0.0872  R1 0.0000
  step   51400  G 0.0123  D 1.3038  Aux 0.0833  R1 0.0000
[epoch 131] 39.7s
  step   51500  G 0.0030  D 1.3131  Aux 0.0844  R1 0.0000
  diag step   51500  Dreal 1.6887  Dfake 0.0171  Dwrong -4.5368  gap 6.2254  cls_acc 1.000  feat_std 1.270434  ema_div 0.1007
  step   51600  G 0.0118  D 1.3070  Aux 0.0820  R1 0.0000
  step   51700  G 0.0106  D 1.3072  Aux 0.0855  R1 0.0000
  step   51800  G 0.0087  D 1.3119  Aux 0.0893  R1 0.0000
[epoch 132] 38.9s
  step   51900  G 0.0123  D 1.3161  Aux 0.0884  R1 0.0000
  step   52000  G 0.0111  D 1.3011  Aux 0.0830  R1 0.0000
  diag step   52000  Dreal 1.3384  Dfake 0.0006  Dwrong -4.2280  gap 5.5663  cls_acc 1.000  feat_std 1.170439  ema_div 0.1037
  step   52100  G 0.0068  D 1.3073  Aux 0.0863  R1 0.0000
  step   52200  G 0.0083  D 1.3085  Aux 0.0881  R1 0.0000
[epoch 133] 37.9s
  step   52300  G 0.0117  D 1.3031  Aux 0.0825  R1 0.0000
  step   52400  G 0.0102  D 1.2996  Aux 0.0814  R1 0.0000
  step   52500  G 0.0098  D 1.3089  Aux 0.0852  R1 0.0000
  diag step   52500  Dreal 1.4873  Dfake 0.0158  Dwrong -4.4704  gap 5.9577  cls_acc 1.000  feat_std 1.209053  ema_div 0.0895
  step   52600  G 0.0045  D 1.3138  Aux 0.0885  R1 0.0000
[epoch 134] 36.2s
  step   52700  G 0.0113  D 1.3000  Aux 0.0854  R1 0.0000
  step   52800  G 0.0122  D 1.2932  Aux 0.0809  R1 0.0000
  step   52900  G 0.0085  D 1.2994  Aux 0.0839  R1 0.0000
  step   53000  G 0.0060  D 1.3047  Aux 0.0858  R1 0.0000
  diag step   53000  Dreal 1.6614  Dfake -0.0238  Dwrong -4.7485  gap 6.4100  cls_acc 1.000  feat_std 1.346210  ema_div 0.0913
[epoch 135] 35.8s
  step   53100  G 0.0088  D 1.2950  Aux 0.0830  R1 0.0000
  step   53200  G 0.0106  D 1.2958  Aux 0.0832  R1 0.0000
  step   53300  G 0.0068  D 1.3027  Aux 0.0833  R1 0.0000
  step   53400  G 0.0078  D 1.3028  Aux 0.0814  R1 0.0000
[epoch 136] 35.5s
  step   53500  G 0.0097  D 1.2915  Aux 0.0789  R1 0.0000
  diag step   53500  Dreal 1.5003  Dfake -0.0437  Dwrong -3.8769  gap 5.3773  cls_acc 1.000  feat_std 1.299877  ema_div 0.0973
  step   53600  G 0.0074  D 1.2949  Aux 0.0809  R1 0.0000
  step   53700  G 0.0114  D 1.3025  Aux 0.0875  R1 0.0000
  step   53800  G 0.0053  D 1.3085  Aux 0.0861  R1 0.0000
[epoch 137] 35.4s
  step   53900  G 0.0123  D 1.2915  Aux 0.0790  R1 0.0000
  step   54000  G 0.0134  D 1.2916  Aux 0.0820  R1 0.0000
  diag step   54000  Dreal 1.7710  Dfake 0.0186  Dwrong -4.9348  gap 6.7059  cls_acc 1.000  feat_std 1.346717  ema_div 0.0922
  step   54100  G 0.0041  D 1.2973  Aux 0.0784  R1 0.0000
  step   54200  G 0.0076  D 1.3009  Aux 0.0826  R1 0.0000
[epoch 138] 35.6s
  step   54300  G 0.0131  D 1.2889  Aux 0.0792  R1 0.0000
  step   54400  G 0.0078  D 1.2977  Aux 0.0835  R1 0.0000
  step   54500  G 0.0028  D 1.3023  Aux 0.0832  R1 0.0000
  diag step   54500  Dreal 1.5004  Dfake -0.0339  Dwrong -3.9957  gap 5.4961  cls_acc 1.000  feat_std 1.320305  ema_div 0.1012
  step   54600  G 0.0097  D 1.3016  Aux 0.0825  R1 0.0000
[epoch 139] 35.7s
  step   54700  G 0.0110  D 1.2841  Aux 0.0784  R1 0.0000
  step   54800  G 0.0060  D 1.2887  Aux 0.0787  R1 0.0000
  step   54900  G 0.0089  D 1.2959  Aux 0.0816  R1 0.0000
[epoch 140] 36.1s
  step   55000  G 0.0098  D 1.2989  Aux 0.0830  R1 0.0000
  diag step   55000  Dreal 1.4121  Dfake 0.0317  Dwrong -4.2547  gap 5.6669  cls_acc 1.000  feat_std 1.255464  ema_div 0.0862
  step   55100  G 0.0139  D 1.2842  Aux 0.0786  R1 0.0000
  step   55200  G 0.0095  D 1.2878  Aux 0.0779  R1 0.0000
  step   55300  G 0.0041  D 1.2940  Aux 0.0781  R1 0.0000
[epoch 141] 34.8s
  step   55400  G 0.0123  D 1.2922  Aux 0.0810  R1 0.0000
  step   55500  G 0.0111  D 1.2810  Aux 0.0757  R1 0.0000
  diag step   55500  Dreal 1.4712  Dfake -0.0170  Dwrong -4.4510  gap 5.9222  cls_acc 1.000  feat_std 1.367679  ema_div 0.0890
  step   55600  G 0.0126  D 1.2835  Aux 0.0784  R1 0.0000
  step   55700  G 0.0058  D 1.2949  Aux 0.0817  R1 0.0000
[epoch 142] 35.6s
  step   55800  G 0.0079  D 1.2911  Aux 0.0783  R1 0.0000
  step   55900  G 0.0065  D 1.2804  Aux 0.0750  R1 0.0000
  step   56000  G 0.0066  D 1.2907  Aux 0.0764  R1 0.0000
  diag step   56000  Dreal 1.5591  Dfake 0.0460  Dwrong -4.5436  gap 6.1026  cls_acc 1.000  feat_std 1.257484  ema_div 0.0892
  step   56100  G 0.0087  D 1.2875  Aux 0.0775  R1 0.0000
[epoch 143] 35.2s
  step   56200  G 0.0064  D 1.2898  Aux 0.0782  R1 0.0000
  step   56300  G 0.0110  D 1.2777  Aux 0.0719  R1 0.0000
  step   56400  G 0.0088  D 1.2912  Aux 0.0769  R1 0.0000
  step   56500  G 0.0069  D 1.2863  Aux 0.0786  R1 0.0000
  diag step   56500  Dreal 1.5285  Dfake 0.0246  Dwrong -4.8904  gap 6.4189  cls_acc 1.000  feat_std 1.354434  ema_div 0.0875
[epoch 144] 34.6s
  step   56600  G 0.0087  D 1.2788  Aux 0.0735  R1 0.0000
  step   56700  G 0.0078  D 1.2776  Aux 0.0752  R1 0.0000
  step   56800  G 0.0047  D 1.2861  Aux 0.0795  R1 0.0000
  step   56900  G 0.0116  D 1.2871  Aux 0.0763  R1 0.0000
[epoch 145] 35.7s
  step   57000  G 0.0133  D 1.2772  Aux 0.0710  R1 0.0000
  diag step   57000  Dreal 1.3136  Dfake 0.0330  Dwrong -4.5173  gap 5.8309  cls_acc 1.000  feat_std 1.268317  ema_div 0.0891
  step   57100  G 0.0088  D 1.2739  Aux 0.0736  R1 0.0000
  step   57200  G 0.0022  D 1.2862  Aux 0.0778  R1 0.0000
  step   57300  G 0.0115  D 1.2838  Aux 0.0782  R1 0.0000
[epoch 146] 35.1s
  step   57400  G 0.0102  D 1.2777  Aux 0.0721  R1 0.0000
  step   57500  G 0.0093  D 1.2730  Aux 0.0722  R1 0.0000
  diag step   57500  Dreal 1.7704  Dfake 0.0243  Dwrong -4.8701  gap 6.6405  cls_acc 0.984  feat_std 1.382369  ema_div 0.0909
  step   57600  G 0.0026  D 1.2782  Aux 0.0744  R1 0.0000
  step   57700  G 0.0070  D 1.2853  Aux 0.0784  R1 0.0000
[epoch 147] 34.7s
  step   57800  G 0.0100  D 1.2767  Aux 0.0723  R1 0.0000
  step   57900  G 0.0090  D 1.2779  Aux 0.0747  R1 0.0000
  step   58000  G 0.0065  D 1.2858  Aux 0.0757  R1 0.0000
  diag step   58000  Dreal 1.4428  Dfake -0.0291  Dwrong -4.3256  gap 5.7684  cls_acc 1.000  feat_std 1.305847  ema_div 0.0934
  step   58100  G 0.0059  D 1.2871  Aux 0.0792  R1 0.0000
[epoch 148] 34.0s
  step   58200  G 0.0113  D 1.2731  Aux 0.0693  R1 0.0000
  step   58300  G 0.0122  D 1.2759  Aux 0.0725  R1 0.0000
  step   58400  G 0.0074  D 1.2839  Aux 0.0765  R1 0.0000
  step   58500  G 0.0042  D 1.2819  Aux 0.0750  R1 0.0000
  diag step   58500  Dreal 1.6075  Dfake -0.0873  Dwrong -4.4048  gap 6.0123  cls_acc 1.000  feat_std 1.437738  ema_div 0.0918
[epoch 149] 34.3s
  step   58600  G 0.0116  D 1.2707  Aux 0.0702  R1 0.0000
  step   58700  G 0.0102  D 1.2720  Aux 0.0706  R1 0.0000
  step   58800  G 0.0098  D 1.2786  Aux 0.0775  R1 0.0000
[epoch 150] 37.7s
  step   58900  G 0.0060  D 1.2808  Aux 0.0747  R1 0.0000
  step   59000  G 0.0117  D 1.2667  Aux 0.0698  R1 0.0000
  diag step   59000  Dreal 1.6982  Dfake 0.0305  Dwrong -4.6249  gap 6.3232  cls_acc 1.000  feat_std 1.399227  ema_div 0.0819
  step   59100  G 0.0080  D 1.2692  Aux 0.0714  R1 0.0000
  step   59200  G 0.0100  D 1.2782  Aux 0.0756  R1 0.0000
[epoch 151] 40.2s
  step   59300  G 0.0044  D 1.2781  Aux 0.0712  R1 0.0000
  step   59400  G 0.0093  D 1.2680  Aux 0.0724  R1 0.0000
  step   59500  G 0.0114  D 1.2693  Aux 0.0714  R1 0.0000
  diag step   59500  Dreal 1.5020  Dfake -0.0138  Dwrong -4.7465  gap 6.2484  cls_acc 1.000  feat_std 1.384766  ema_div 0.0921
  step   59600  G 0.0085  D 1.2751  Aux 0.0728  R1 0.0000
[epoch 152] 41.6s
  step   59700  G 0.0115  D 1.2712  Aux 0.0741  R1 0.0000
  step   59800  G 0.0091  D 1.2678  Aux 0.0696  R1 0.0000
  step   59900  G 0.0045  D 1.2722  Aux 0.0724  R1 0.0000
  step   60000  G 0.0073  D 1.2753  Aux 0.0726  R1 0.0000
  diag step   60000  Dreal 1.3786  Dfake -0.0200  Dwrong -4.5917  gap 5.9703  cls_acc 1.000  feat_std 1.351884  ema_div 0.0895
[epoch 153] 41.6s
  step   60100  G 0.0085  D 1.2757  Aux 0.0703  R1 0.0000
  step   60200  G 0.0092  D 1.2669  Aux 0.0683  R1 0.0000
  step   60300  G 0.0066  D 1.2720  Aux 0.0729  R1 0.0000
  step   60400  G 0.0064  D 1.2746  Aux 0.0718  R1 0.0000
[epoch 154] 39.4s
  step   60500  G 0.0105  D 1.2691  Aux 0.0709  R1 0.0000
  diag step   60500  Dreal 1.3657  Dfake -0.0638  Dwrong -4.3791  gap 5.7448  cls_acc 1.000  feat_std 1.352145  ema_div 0.0827
  step   60600  G 0.0043  D 1.2664  Aux 0.0674  R1 0.0000
  step   60700  G 0.0085  D 1.2718  Aux 0.0729  R1 0.0000
  step   60800  G 0.0153  D 1.2694  Aux 0.0691  R1 0.0000
[epoch 155] 39.3s
  step   60900  G 0.0067  D 1.2631  Aux 0.0684  R1 0.0000
  step   61000  G 0.0071  D 1.2643  Aux 0.0687  R1 0.0000
  diag step   61000  Dreal 1.4545  Dfake -0.0369  Dwrong -4.8075  gap 6.2620  cls_acc 1.000  feat_std 1.418351  ema_div 0.0840
  step   61100  G 0.0080  D 1.2712  Aux 0.0719  R1 0.0000
  step   61200  G 0.0064  D 1.2707  Aux 0.0709  R1 0.0000
[epoch 156] 39.9s
  step   61300  G 0.0052  D 1.2630  Aux 0.0667  R1 0.0000
  step   61400  G 0.0118  D 1.2675  Aux 0.0695  R1 0.0000
  step   61500  G 0.0118  D 1.2593  Aux 0.0676  R1 0.0000
  diag step   61500  Dreal 1.5649  Dfake -0.0111  Dwrong -4.6530  gap 6.2179  cls_acc 1.000  feat_std 1.429558  ema_div 0.0868
  step   61600  G 0.0070  D 1.2713  Aux 0.0709  R1 0.0000
[epoch 157] 39.8s
  step   61700  G 0.0094  D 1.2608  Aux 0.0676  R1 0.0000
  step   61800  G 0.0071  D 1.2611  Aux 0.0681  R1 0.0000
  step   61900  G 0.0090  D 1.2591  Aux 0.0687  R1 0.0000
  step   62000  G 0.0046  D 1.2686  Aux 0.0712  R1 0.0000
  diag step   62000  Dreal 1.8797  Dfake 0.0403  Dwrong -4.2089  gap 6.0886  cls_acc 1.000  feat_std 1.369279  ema_div 0.0859
[epoch 158] 39.7s
  step   62100  G 0.0082  D 1.2569  Aux 0.0652  R1 0.0000
  step   62200  G 0.0086  D 1.2585  Aux 0.0660  R1 0.0000
  step   62300  G 0.0095  D 1.2631  Aux 0.0686  R1 0.0000
  step   62400  G 0.0064  D 1.2598  Aux 0.0698  R1 0.0000
[epoch 159] 39.8s
  step   62500  G 0.0085  D 1.2535  Aux 0.0669  R1 0.0000
  diag step   62500  Dreal 1.6333  Dfake -0.0209  Dwrong -3.5699  gap 5.2032  cls_acc 1.000  feat_std 1.270012  ema_div 0.0883
  step   62600  G 0.0069  D 1.2628  Aux 0.0696  R1 0.0000
  step   62700  G 0.0093  D 1.2623  Aux 0.0657  R1 0.0000
[epoch 160] 40.0s
  step   62800  G 0.0082  D 1.2645  Aux 0.0708  R1 0.0000
  step   62900  G 0.0104  D 1.2518  Aux 0.0650  R1 0.0000
  step   63000  G 0.0084  D 1.2590  Aux 0.0678  R1 0.0000
  diag step   63000  Dreal 1.8185  Dfake 0.0408  Dwrong -4.4785  gap 6.2970  cls_acc 1.000  feat_std 1.359182  ema_div 0.0832
  step   63100  G 0.0012  D 1.2582  Aux 0.0657  R1 0.0000
[epoch 161] 41.0s
  step   63200  G 0.0057  D 1.2634  Aux 0.0669  R1 0.0000
  step   63300  G 0.0102  D 1.2506  Aux 0.0633  R1 0.0000
  step   63400  G 0.0113  D 1.2603  Aux 0.0690  R1 0.0000
  step   63500  G 0.0115  D 1.2567  Aux 0.0664  R1 0.0000
  diag step   63500  Dreal 1.6257  Dfake -0.0269  Dwrong -4.2086  gap 5.8343  cls_acc 1.000  feat_std 1.427988  ema_div 0.0852
[epoch 162] 40.0s
  step   63600  G 0.0056  D 1.2616  Aux 0.0654  R1 0.0000
  step   63700  G 0.0065  D 1.2508  Aux 0.0641  R1 0.0000
  step   63800  G 0.0023  D 1.2577  Aux 0.0672  R1 0.0000
  step   63900  G 0.0052  D 1.2632  Aux 0.0684  R1 0.0000
[epoch 163] 39.6s
  step   64000  G 0.0047  D 1.2569  Aux 0.0650  R1 0.0000
  diag step   64000  Dreal 1.5313  Dfake 0.0316  Dwrong -4.7700  gap 6.3012  cls_acc 1.000  feat_std 1.327878  ema_div 0.0854
  step   64100  G 0.0117  D 1.2485  Aux 0.0626  R1 0.0000
  step   64200  G 0.0112  D 1.2537  Aux 0.0667  R1 0.0000
  step   64300  G 0.0023  D 1.2608  Aux 0.0692  R1 0.0000
[epoch 164] 40.5s
  step   64400  G 0.0060  D 1.2537  Aux 0.0645  R1 0.0000
  step   64500  G 0.0091  D 1.2524  Aux 0.0647  R1 0.0000
  diag step   64500  Dreal 1.5139  Dfake -0.0375  Dwrong -4.2467  gap 5.7606  cls_acc 1.000  feat_std 1.378302  ema_div 0.0864
  step   64600  G 0.0096  D 1.2518  Aux 0.0651  R1 0.0000
  step   64700  G 0.0071  D 1.2610  Aux 0.0655  R1 0.0000
[epoch 165] 39.6s
  step   64800  G 0.0116  D 1.2536  Aux 0.0651  R1 0.0000
  step   64900  G 0.0056  D 1.2554  Aux 0.0647  R1 0.0000
  step   65000  G 0.0078  D 1.2539  Aux 0.0650  R1 0.0000
  diag step   65000  Dreal 1.8536  Dfake -0.0478  Dwrong -4.2534  gap 6.1070  cls_acc 1.000  feat_std 1.495962  ema_div 0.0790
  step   65100  G 0.0074  D 1.2558  Aux 0.0668  R1 0.0000
[epoch 166] 39.6s
  step   65200  G 0.0059  D 1.2478  Aux 0.0607  R1 0.0000
  step   65300  G 0.0083  D 1.2491  Aux 0.0635  R1 0.0000
  step   65400  G 0.0109  D 1.2504  Aux 0.0634  R1 0.0000
  step   65500  G 0.0077  D 1.2560  Aux 0.0684  R1 0.0000
  diag step   65500  Dreal 1.8364  Dfake 0.0152  Dwrong -4.3249  gap 6.1613  cls_acc 1.000  feat_std 1.513439  ema_div 0.0793
[epoch 167] 39.3s
  step   65600  G 0.0095  D 1.2466  Aux 0.0631  R1 0.0000
  step   65700  G 0.0050  D 1.2491  Aux 0.0618  R1 0.0000
  step   65800  G 0.0081  D 1.2493  Aux 0.0640  R1 0.0000
  step   65900  G 0.0054  D 1.2526  Aux 0.0660  R1 0.0000
[epoch 168] 39.8s
  step   66000  G 0.0148  D 1.2399  Aux 0.0619  R1 0.0000
  diag step   66000  Dreal 1.6164  Dfake -0.0138  Dwrong -4.3115  gap 5.9280  cls_acc 1.000  feat_std 1.384116  ema_div 0.0860
  step   66100  G 0.0072  D 1.2452  Aux 0.0639  R1 0.0000
  step   66200  G 0.0066  D 1.2497  Aux 0.0645  R1 0.0000
  step   66300  G 0.0012  D 1.2550  Aux 0.0646  R1 0.0000
[epoch 169] 39.9s
  step   66400  G 0.0102  D 1.2393  Aux 0.0612  R1 0.0000
  step   66500  G 0.0075  D 1.2450  Aux 0.0608  R1 0.0000
  diag step   66500  Dreal 1.6440  Dfake -0.0261  Dwrong -4.6198  gap 6.2638  cls_acc 1.000  feat_std 1.421474  ema_div 0.0837
  step   66600  G 0.0083  D 1.2447  Aux 0.0624  R1 0.0000
[epoch 170] 41.5s
  step   66700  G 0.0056  D 1.2534  Aux 0.0652  R1 0.0000
  step   66800  G 0.0103  D 1.2368  Aux 0.0602  R1 0.0000
  step   66900  G 0.0024  D 1.2483  Aux 0.0657  R1 0.0000
  step   67000  G 0.0071  D 1.2487  Aux 0.0619  R1 0.0000
  diag step   67000  Dreal 1.8047  Dfake 0.0302  Dwrong -3.9608  gap 5.7655  cls_acc 1.000  feat_std 1.405313  ema_div 0.0836
[epoch 171] 39.8s
  step   67100  G 0.0097  D 1.2507  Aux 0.0624  R1 0.0000
  step   67200  G 0.0121  D 1.2366  Aux 0.0604  R1 0.0000
  step   67300  G 0.0069  D 1.2393  Aux 0.0594  R1 0.0000
  step   67400  G 0.0055  D 1.2508  Aux 0.0624  R1 0.0000
[epoch 172] 40.3s
  step   67500  G 0.0104  D 1.2479  Aux 0.0621  R1 0.0000
  diag step   67500  Dreal 1.6923  Dfake 0.0233  Dwrong -4.9685  gap 6.6607  cls_acc 1.000  feat_std 1.457992  ema_div 0.0823
  step   67600  G 0.0086  D 1.2368  Aux 0.0614  R1 0.0000
  step   67700  G 0.0075  D 1.2443  Aux 0.0620  R1 0.0000
  step   67800  G 0.0069  D 1.2427  Aux 0.0617  R1 0.0000
[epoch 173] 40.0s
  step   67900  G 0.0059  D 1.2467  Aux 0.0604  R1 0.0000
  step   68000  G 0.0112  D 1.2354  Aux 0.0604  R1 0.0000
  diag step   68000  Dreal 1.4496  Dfake -0.0420  Dwrong -4.9962  gap 6.4458  cls_acc 1.000  feat_std 1.475223  ema_div 0.0841
  step   68100  G 0.0018  D 1.2454  Aux 0.0623  R1 0.0000
  step   68200  G 0.0069  D 1.2447  Aux 0.0606  R1 0.0000
[epoch 174] 39.7s
  step   68300  G 0.0096  D 1.2412  Aux 0.0602  R1 0.0000
  step   68400  G 0.0093  D 1.2332  Aux 0.0598  R1 0.0000
  step   68500  G 0.0078  D 1.2368  Aux 0.0614  R1 0.0000
  diag step   68500  Dreal 1.5172  Dfake -0.0366  Dwrong -4.4032  gap 5.9204  cls_acc 1.000  feat_std 1.540801  ema_div 0.0771
  step   68600  G 0.0041  D 1.2453  Aux 0.0604  R1 0.0000
[epoch 175] 40.1s
  step   68700  G 0.0100  D 1.2372  Aux 0.0596  R1 0.0000
  step   68800  G 0.0089  D 1.2400  Aux 0.0600  R1 0.0000
  step   68900  G 0.0077  D 1.2379  Aux 0.0595  R1 0.0000
  step   69000  G 0.0049  D 1.2407  Aux 0.0614  R1 0.0000
  diag step   69000  Dreal 1.5715  Dfake -0.0278  Dwrong -4.7085  gap 6.2800  cls_acc 1.000  feat_std 1.514688  ema_div 0.0785
[epoch 176] 40.6s
  step   69100  G 0.0109  D 1.2364  Aux 0.0582  R1 0.0000
  step   69200  G 0.0101  D 1.2323  Aux 0.0593  R1 0.0000
  step   69300  G 0.0038  D 1.2414  Aux 0.0624  R1 0.0000
  step   69400  G 0.0044  D 1.2403  Aux 0.0590  R1 0.0000
[epoch 177] 41.2s
  step   69500  G 0.0127  D 1.2310  Aux 0.0610  R1 0.0000
  diag step   69500  Dreal 1.5505  Dfake 0.0100  Dwrong -4.6019  gap 6.1524  cls_acc 1.000  feat_std 1.541296  ema_div 0.0801
  step   69600  G 0.0079  D 1.2326  Aux 0.0585  R1 0.0000
  step   69700  G 0.0035  D 1.2400  Aux 0.0592  R1 0.0000
  step   69800  G 0.0041  D 1.2366  Aux 0.0591  R1 0.0000
[epoch 178] 41.7s
  step   69900  G 0.0096  D 1.2280  Aux 0.0571  R1 0.0000
  step   70000  G 0.0090  D 1.2298  Aux 0.0588  R1 0.0000
  diag step   70000  Dreal 1.5855  Dfake 0.0485  Dwrong -4.6994  gap 6.2849  cls_acc 1.000  feat_std 1.427951  ema_div 0.0787
  step   70100  G 0.0024  D 1.2407  Aux 0.0587  R1 0.0000
  step   70200  G 0.0083  D 1.2362  Aux 0.0595  R1 0.0000
[epoch 179] 42.1s
  step   70300  G 0.0096  D 1.2260  Aux 0.0545  R1 0.0000
  step   70400  G 0.0090  D 1.2360  Aux 0.0571  R1 0.0000
  step   70500  G 0.0046  D 1.2364  Aux 0.0575  R1 0.0000
  diag step   70500  Dreal 1.1602  Dfake -0.0544  Dwrong -5.1823  gap 6.3425  cls_acc 1.000  feat_std 1.527936  ema_div 0.0803
[epoch 180] 42.1s
  step   70600  G 0.0053  D 1.2380  Aux 0.0615  R1 0.0000
  step   70700  G 0.0059  D 1.2262  Aux 0.0563  R1 0.0000
  step   70800  G 0.0104  D 1.2325  Aux 0.0567  R1 0.0000
  step   70900  G 0.0051  D 1.2374  Aux 0.0593  R1 0.0000
[epoch 181] 40.5s
  step   71000  G 0.0071  D 1.2386  Aux 0.0586  R1 0.0000
  diag step   71000  Dreal 1.7063  Dfake 0.0000  Dwrong -4.2173  gap 5.9236  cls_acc 0.984  feat_std 1.478753  ema_div 0.0830
  step   71100  G 0.0102  D 1.2261  Aux 0.0556  R1 0.0000
  step   71200  G 0.0071  D 1.2312  Aux 0.0576  R1 0.0000
  step   71300  G 0.0100  D 1.2360  Aux 0.0602  R1 0.0000
[epoch 182] 42.7s
  step   71400  G 0.0059  D 1.2322  Aux 0.0579  R1 0.0000
  step   71500  G 0.0043  D 1.2290  Aux 0.0551  R1 0.0000
  diag step   71500  Dreal 1.5631  Dfake -0.0078  Dwrong -5.1415  gap 6.7046  cls_acc 1.000  feat_std 1.483186  ema_div 0.0786
  step   71600  G 0.0073  D 1.2351  Aux 0.0569  R1 0.0000
  step   71700  G 0.0026  D 1.2354  Aux 0.0572  R1 0.0000
[epoch 183] 42.2s
  step   71800  G 0.0067  D 1.2308  Aux 0.0564  R1 0.0000
  step   71900  G 0.0077  D 1.2202  Aux 0.0550  R1 0.0000
  step   72000  G 0.0081  D 1.2301  Aux 0.0560  R1 0.0000
  diag step   72000  Dreal 1.7106  Dfake -0.0030  Dwrong -4.7043  gap 6.4149  cls_acc 1.000  feat_std 1.489407  ema_div 0.0792
  step   72100  G 0.0047  D 1.2331  Aux 0.0593  R1 0.0000
[epoch 184] 42.0s
  step   72200  G 0.0070  D 1.2312  Aux 0.0576  R1 0.0000
  step   72300  G 0.0101  D 1.2280  Aux 0.0560  R1 0.0000
  step   72400  G 0.0088  D 1.2286  Aux 0.0559  R1 0.0000
  step   72500  G 0.0033  D 1.2350  Aux 0.0572  R1 0.0000
  diag step   72500  Dreal 1.7605  Dfake -0.0169  Dwrong -3.8477  gap 5.6081  cls_acc 1.000  feat_std 1.451216  ema_div 0.0781
[epoch 185] 41.6s
  step   72600  G 0.0116  D 1.2238  Aux 0.0525  R1 0.0000
  step   72700  G 0.0048  D 1.2216  Aux 0.0556  R1 0.0000
  step   72800  G 0.0085  D 1.2273  Aux 0.0555  R1 0.0000
  step   72900  G 0.0067  D 1.2336  Aux 0.0564  R1 0.0000
[epoch 186] 42.1s
  step   73000  G 0.0086  D 1.2293  Aux 0.0556  R1 0.0000
  diag step   73000  Dreal 1.6322  Dfake -0.0085  Dwrong -4.1770  gap 5.8093  cls_acc 1.000  feat_std 1.436767  ema_div 0.0824
  step   73100  G 0.0059  D 1.2223  Aux 0.0543  R1 0.0000
  step   73200  G 0.0063  D 1.2284  Aux 0.0539  R1 0.0000
  step   73300  G 0.0047  D 1.2287  Aux 0.0573  R1 0.0000
[epoch 187] 40.3s
  step   73400  G 0.0064  D 1.2232  Aux 0.0535  R1 0.0000
  step   73500  G 0.0040  D 1.2289  Aux 0.0560  R1 0.0000
  diag step   73500  Dreal 1.8252  Dfake 0.0244  Dwrong -5.0224  gap 6.8475  cls_acc 1.000  feat_std 1.506582  ema_div 0.0773
  step   73600  G 0.0073  D 1.2253  Aux 0.0558  R1 0.0000
  step   73700  G 0.0047  D 1.2296  Aux 0.0562  R1 0.0000
[epoch 188] 38.2s
  step   73800  G 0.0080  D 1.2216  Aux 0.0533  R1 0.0000
  step   73900  G 0.0081  D 1.2233  Aux 0.0558  R1 0.0000
  step   74000  G 0.0044  D 1.2283  Aux 0.0542  R1 0.0000
  diag step   74000  Dreal 1.7602  Dfake -0.0359  Dwrong -4.0429  gap 5.8031  cls_acc 1.000  feat_std 1.531764  ema_div 0.0767
  step   74100  G 0.0089  D 1.2287  Aux 0.0556  R1 0.0000
[epoch 189] 39.0s
  step   74200  G 0.0107  D 1.2167  Aux 0.0531  R1 0.0000
  step   74300  G 0.0074  D 1.2216  Aux 0.0551  R1 0.0000
  step   74400  G 0.0054  D 1.2240  Aux 0.0537  R1 0.0000
[epoch 190] 37.1s
  step   74500  G 0.0026  D 1.2317  Aux 0.0577  R1 0.0000
  diag step   74500  Dreal 1.8013  Dfake -0.0001  Dwrong -4.6339  gap 6.4351  cls_acc 1.000  feat_std 1.560450  ema_div 0.0791
  step   74600  G 0.0068  D 1.2213  Aux 0.0527  R1 0.0000
  step   74700  G 0.0102  D 1.2238  Aux 0.0518  R1 0.0000
  step   74800  G 0.0023  D 1.2262  Aux 0.0549  R1 0.0000
[epoch 191] 36.1s
  step   74900  G 0.0101  D 1.2250  Aux 0.0546  R1 0.0000
  step   75000  G 0.0092  D 1.2151  Aux 0.0510  R1 0.0000
  diag step   75000  Dreal 1.3057  Dfake -0.0073  Dwrong -4.6957  gap 6.0014  cls_acc 1.000  feat_std 1.521039  ema_div 0.0821
  step   75100  G 0.0059  D 1.2238  Aux 0.0540  R1 0.0000
  step   75200  G 0.0046  D 1.2231  Aux 0.0542  R1 0.0000
[epoch 192] 37.7s
  step   75300  G 0.0094  D 1.2241  Aux 0.0513  R1 0.0000
  step   75400  G 0.0092  D 1.2144  Aux 0.0538  R1 0.0000
  step   75500  G 0.0061  D 1.2199  Aux 0.0536  R1 0.0000
  diag step   75500  Dreal 1.6285  Dfake 0.0124  Dwrong -4.3447  gap 5.9732  cls_acc 1.000  feat_std 1.565651  ema_div 0.0763
  step   75600  G 0.0056  D 1.2233  Aux 0.0526  R1 0.0000
[epoch 193] 39.9s
  step   75700  G 0.0057  D 1.2229  Aux 0.0549  R1 0.0000
  step   75800  G 0.0075  D 1.2153  Aux 0.0522  R1 0.0000
  step   75900  G 0.0054  D 1.2193  Aux 0.0523  R1 0.0000
  step   76000  G 0.0062  D 1.2242  Aux 0.0557  R1 0.0000
  diag step   76000  Dreal 1.8536  Dfake -0.0031  Dwrong -4.1880  gap 6.0416  cls_acc 1.000  feat_std 1.535564  ema_div 0.0805
[epoch 194] 40.2s
  step   76100  G 0.0056  D 1.2166  Aux 0.0520  R1 0.0000
  step   76200  G 0.0086  D 1.2179  Aux 0.0498  R1 0.0000
  step   76300  G 0.0073  D 1.2170  Aux 0.0528  R1 0.0000
  step   76400  G 0.0082  D 1.2259  Aux 0.0552  R1 0.0000
[epoch 195] 46.6s
  step   76500  G 0.0069  D 1.2200  Aux 0.0545  R1 0.0000
  diag step   76500  Dreal 1.6417  Dfake -0.0487  Dwrong -4.2459  gap 5.8876  cls_acc 1.000  feat_std 1.530438  ema_div 0.0757
  step   76600  G 0.0043  D 1.2129  Aux 0.0510  R1 0.0000
  step   76700  G 0.0042  D 1.2197  Aux 0.0533  R1 0.0000
  step   76800  G 0.0048  D 1.2247  Aux 0.0530  R1 0.0000
[epoch 196] 42.3s
  step   76900  G 0.0102  D 1.2163  Aux 0.0508  R1 0.0000
  step   77000  G 0.0059  D 1.2172  Aux 0.0523  R1 0.0000
  diag step   77000  Dreal 1.2864  Dfake -0.0601  Dwrong -4.0604  gap 5.3467  cls_acc 1.000  feat_std 1.424566  ema_div 0.0740
  step   77100  G 0.0055  D 1.2221  Aux 0.0543  R1 0.0000
  step   77200  G 0.0032  D 1.2186  Aux 0.0520  R1 0.0000
[epoch 197] 43.6s
  step   77300  G 0.0099  D 1.2147  Aux 0.0497  R1 0.0000
  step   77400  G 0.0078  D 1.2116  Aux 0.0505  R1 0.0000
  step   77500  G 0.0055  D 1.2216  Aux 0.0544  R1 0.0000
  diag step   77500  Dreal 1.7043  Dfake -0.0184  Dwrong -4.3469  gap 6.0512  cls_acc 1.000  feat_std 1.462117  ema_div 0.0749
  step   77600  G 0.0040  D 1.2245  Aux 0.0539  R1 0.0000
[epoch 198] 42.8s
  step   77700  G 0.0105  D 1.2141  Aux 0.0503  R1 0.0000
  step   77800  G 0.0096  D 1.2134  Aux 0.0518  R1 0.0000
  step   77900  G 0.0034  D 1.2151  Aux 0.0510  R1 0.0000
  step   78000  G 0.0045  D 1.2237  Aux 0.0547  R1 0.0000
  diag step   78000  Dreal 1.7747  Dfake -0.0183  Dwrong -3.7631  gap 5.5377  cls_acc 1.000  feat_std 1.509017  ema_div 0.0797
[epoch 199] 40.9s