Dataset: CIFAR-10  batches/epoch: 390
z_dim=128  g_base=64  d_base=64
lr_g=0.0004  lr_d=0.0002  d_steps=1  amp=bf16
wrong_label_weight=0.5  aux_loss_weight=0.1  g_aux_loss_weight=0.1
conditional classes=10  max_steps=None
ckpt: checkpoints_conditional_v3  samples: samples_conditional_v3
  step     100  G 0.1647  D 2.4757  Aux 2.1431  GAux 2.2025  R1 0.0000
  step     200  G 0.1819  D 2.3317  Aux 1.9332  GAux 2.0351  R1 0.0000
  step     300  G 0.1196  D 2.3292  Aux 1.8322  GAux 1.8991  R1 0.0000
[epoch 000] 43.2s
  step     400  G 0.1668  D 2.3089  Aux 1.7569  GAux 1.8291  R1 0.0000
  step     500  G 0.1688  D 2.2991  Aux 1.7185  GAux 1.7666  R1 0.0000
  diag step     500  Dreal 0.2966  Dfake -0.0334  Dwrong -0.4986  gap 0.7952  cls_acc 0.359  feat_std 0.195964  ema_div 0.1221  fake_std 0.1806  fake_min -0.9102  fake_max 0.7773
  step     600  G 0.1512  D 2.3260  Aux 1.6658  GAux 1.6773  R1 0.0000
  step     700  G 0.1524  D 2.3835  Aux 1.6572  GAux 1.6169  R1 0.0000
[epoch 001] 29.5s
  step     800  G 0.1852  D 2.3858  Aux 1.6280  GAux 1.5736  R1 0.0000
  step     900  G 0.1752  D 2.3874  Aux 1.5866  GAux 1.5107  R1 0.0000
  step    1000  G 0.1813  D 2.4040  Aux 1.5662  GAux 1.4701  R1 0.0000
  diag step    1000  Dreal 0.1988  Dfake -0.1618  Dwrong -0.5491  gap 0.7479  cls_acc 0.469  feat_std 0.190982  ema_div 0.1085  fake_std 0.1698  fake_min -0.7695  fake_max 0.6367
  step    1100  G 0.1837  D 2.4043  Aux 1.5347  GAux 1.4264  R1 0.0000
[epoch 002] 29.4s
  step    1200  G 0.1823  D 2.4203  Aux 1.5369  GAux 1.4071  R1 0.0000
  step    1300  G 0.1874  D 2.4117  Aux 1.4870  GAux 1.3357  R1 0.0000
  step    1400  G 0.1917  D 2.4049  Aux 1.4781  GAux 1.3456  R1 0.0000
  step    1500  G 0.1879  D 2.4011  Aux 1.4560  GAux 1.2947  R1 0.0000
  diag step    1500  Dreal 0.4513  Dfake -0.0465  Dwrong -0.8425  gap 1.2938  cls_acc 0.562  feat_std 0.213013  ema_div 0.1234  fake_std 0.1634  fake_min -0.5391  fake_max 0.5195
[epoch 003] 29.3s
  step    1600  G 0.1965  D 2.3935  Aux 1.4391  GAux 1.2865  R1 0.0000
  step    1700  G 0.1934  D 2.3899  Aux 1.4216  GAux 1.2692  R1 0.0000
  step    1800  G 0.1914  D 2.3874  Aux 1.4049  GAux 1.2546  R1 0.0000
  step    1900  G 0.1895  D 2.3872  Aux 1.3975  GAux 1.2352  R1 0.0000
[epoch 004] 29.3s
  step    2000  G 0.1830  D 2.3775  Aux 1.3612  GAux 1.1913  R1 0.0000
  diag step    2000  Dreal 0.1777  Dfake -0.0487  Dwrong -0.9763  gap 1.1541  cls_acc 0.562  feat_std 0.198705  ema_div 0.1442  fake_std 0.2171  fake_min -0.5234  fake_max 0.6719
  step    2100  G 0.1959  D 2.3719  Aux 1.3632  GAux 1.1855  R1 0.0000
  step    2200  G 0.1930  D 2.3617  Aux 1.3336  GAux 1.1478  R1 0.0000
  step    2300  G 0.1952  D 2.3603  Aux 1.3275  GAux 1.1511  R1 0.0000
[epoch 005] 29.8s
  step    2400  G 0.1960  D 2.3616  Aux 1.3165  GAux 1.1294  R1 0.0000
  step    2500  G 0.1910  D 2.3482  Aux 1.2993  GAux 1.1039  R1 0.0000
  diag step    2500  Dreal 0.2635  Dfake -0.0388  Dwrong -0.9446  gap 1.2081  cls_acc 0.562  feat_std 0.232949  ema_div 0.1411  fake_std 0.2090  fake_min -0.5938  fake_max 0.5742
  step    2600  G 0.1793  D 2.3600  Aux 1.2965  GAux 1.1013  R1 0.0000
  step    2700  G 0.1880  D 2.3390  Aux 1.2740  GAux 1.0848  R1 0.0000
[epoch 006] 28.6s
  step    2800  G 0.2008  D 2.3450  Aux 1.2635  GAux 1.0820  R1 0.0000
  step    2900  G 0.1945  D 2.3262  Aux 1.2527  GAux 1.0649  R1 0.0000
  step    3000  G 0.1976  D 2.3327  Aux 1.2557  GAux 1.0601  R1 0.0000
  diag step    3000  Dreal -0.0306  Dfake -0.2247  Dwrong -1.4566  gap 1.4260  cls_acc 0.516  feat_std 0.242433  ema_div 0.1706  fake_std 0.2251  fake_min -0.6094  fake_max 0.6836
  step    3100  G 0.1885  D 2.3231  Aux 1.2277  GAux 1.0273  R1 0.0000
[epoch 007] 28.9s
  step    3200  G 0.2008  D 2.3198  Aux 1.2282  GAux 1.0589  R1 0.0000
  step    3300  G 0.1811  D 2.3127  Aux 1.2089  GAux 1.0212  R1 0.0000
  step    3400  G 0.1946  D 2.3101  Aux 1.1990  GAux 0.9992  R1 0.0000
  step    3500  G 0.1934  D 2.3141  Aux 1.2029  GAux 1.0121  R1 0.0000
  diag step    3500  Dreal 0.1441  Dfake -0.0690  Dwrong -1.0905  gap 1.2346  cls_acc 0.594  feat_std 0.236234  ema_div 0.1720  fake_std 0.2602  fake_min -0.7070  fake_max 0.7930
[epoch 008] 29.2s
  step    3600  G 0.1883  D 2.3072  Aux 1.1731  GAux 0.9815  R1 0.0000
  step    3700  G 0.1918  D 2.2974  Aux 1.1789  GAux 0.9894  R1 0.0000
  step    3800  G 0.1914  D 2.2813  Aux 1.1691  GAux 0.9955  R1 0.0000
  step    3900  G 0.1929  D 2.2880  Aux 1.1704  GAux 0.9868  R1 0.0000
[epoch 009] 29.5s
  step    4000  G 0.1972  D 2.2886  Aux 1.1681  GAux 0.9796  R1 0.0000
  diag step    4000  Dreal 0.0282  Dfake -0.2119  Dwrong -1.5303  gap 1.5585  cls_acc 0.609  feat_std 0.227447  ema_div 0.1892  fake_std 0.2591  fake_min -0.6484  fake_max 0.7578
  step    4100  G 0.1869  D 2.2828  Aux 1.1487  GAux 0.9746  R1 0.0000
  step    4200  G 0.1983  D 2.2791  Aux 1.1403  GAux 0.9569  R1 0.0000
[epoch 010] 29.5s
  step    4300  G 0.1887  D 2.2797  Aux 1.1204  GAux 0.9401  R1 0.0000
  step    4400  G 0.1982  D 2.2667  Aux 1.1239  GAux 0.9280  R1 0.0000
  step    4500  G 0.1929  D 2.2688  Aux 1.1265  GAux 0.9444  R1 0.0000
  diag step    4500  Dreal 0.0544  Dfake -0.1938  Dwrong -1.3605  gap 1.4149  cls_acc 0.547  feat_std 0.236053  ema_div 0.1797  fake_std 0.2582  fake_min -0.7344  fake_max 0.8555
  step    4600  G 0.1817  D 2.2609  Aux 1.1062  GAux 0.9246  R1 0.0000
[epoch 011] 29.1s
  step    4700  G 0.1951  D 2.2607  Aux 1.1064  GAux 0.9251  R1 0.0000
  step    4800  G 0.1940  D 2.2585  Aux 1.0882  GAux 0.8901  R1 0.0000
  step    4900  G 0.1874  D 2.2668  Aux 1.1074  GAux 0.9167  R1 0.0000
  step    5000  G 0.1906  D 2.2571  Aux 1.1008  GAux 0.9072  R1 0.0000
  diag step    5000  Dreal 0.2612  Dfake -0.2198  Dwrong -1.5008  gap 1.7619  cls_acc 0.672  feat_std 0.283072  ema_div 0.2197  fake_std 0.2611  fake_min -0.6992  fake_max 0.7188
[epoch 012] 27.7s
  step    5100  G 0.1855  D 2.2420  Aux 1.0785  GAux 0.8701  R1 0.0000
  step    5200  G 0.1925  D 2.2606  Aux 1.0805  GAux 0.9004  R1 0.0000
  step    5300  G 0.2029  D 2.2537  Aux 1.0820  GAux 0.9029  R1 0.0000
  step    5400  G 0.1839  D 2.2563  Aux 1.0706  GAux 0.8710  R1 0.0000
[epoch 013] 28.1s
  step    5500  G 0.1813  D 2.2487  Aux 1.0642  GAux 0.8536  R1 0.0000
  diag step    5500  Dreal 0.4640  Dfake -0.0211  Dwrong -0.9343  gap 1.3983  cls_acc 0.781  feat_std 0.278407  ema_div 0.2110  fake_std 0.2857  fake_min -0.7305  fake_max 0.8086
  step    5600  G 0.1924  D 2.2408  Aux 1.0510  GAux 0.8614  R1 0.0000
  step    5700  G 0.1856  D 2.2264  Aux 1.0437  GAux 0.8621  R1 0.0000
  step    5800  G 0.1951  D 2.2478  Aux 1.0533  GAux 0.8624  R1 0.0000
[epoch 014] 30.6s
  step    5900  G 0.1917  D 2.2384  Aux 1.0465  GAux 0.8585  R1 0.0000
  step    6000  G 0.1786  D 2.2234  Aux 1.0367  GAux 0.8519  R1 0.0000
  diag step    6000  Dreal 0.2705  Dfake -0.1221  Dwrong -1.5136  gap 1.7840  cls_acc 0.641  feat_std 0.271015  ema_div 0.2112  fake_std 0.2755  fake_min -0.7344  fake_max 0.8789
  step    6100  G 0.1954  D 2.2141  Aux 1.0259  GAux 0.8486  R1 0.0000
  step    6200  G 0.1827  D 2.2206  Aux 1.0191  GAux 0.8149  R1 0.0000
[epoch 015] 28.9s
  step    6300  G 0.1874  D 2.2233  Aux 1.0259  GAux 0.8277  R1 0.0000
  step    6400  G 0.1779  D 2.2255  Aux 1.0218  GAux 0.8318  R1 0.0000
  step    6500  G 0.1990  D 2.2174  Aux 1.0137  GAux 0.8278  R1 0.0000
  diag step    6500  Dreal 0.0894  Dfake -0.1186  Dwrong -1.6826  gap 1.7720  cls_acc 0.656  feat_std 0.292167  ema_div 0.2094  fake_std 0.2957  fake_min -0.8320  fake_max 0.8945
  step    6600  G 0.1971  D 2.2038  Aux 1.0021  GAux 0.8169  R1 0.0000
[epoch 016] 29.6s
  step    6700  G 0.1943  D 2.1941  Aux 0.9955  GAux 0.8013  R1 0.0000
  step    6800  G 0.1864  D 2.2113  Aux 0.9944  GAux 0.8079  R1 0.0000
  step    6900  G 0.1715  D 2.2284  Aux 1.0118  GAux 0.8390  R1 0.0000
  step    7000  G 0.1808  D 2.2018  Aux 0.9900  GAux 0.8059  R1 0.0000
  diag step    7000  Dreal 0.2651  Dfake -0.1720  Dwrong -1.7275  gap 1.9926  cls_acc 0.719  feat_std 0.280840  ema_div 0.2138  fake_std 0.2872  fake_min -0.7812  fake_max 0.8750
[epoch 017] 29.2s
  step    7100  G 0.1921  D 2.1913  Aux 0.9880  GAux 0.7917  R1 0.0000
  step    7200  G 0.1915  D 2.1975  Aux 0.9857  GAux 0.7949  R1 0.0000
  step    7300  G 0.1914  D 2.2063  Aux 0.9821  GAux 0.8017  R1 0.0000
  step    7400  G 0.1844  D 2.2037  Aux 0.9647  GAux 0.7702  R1 0.0000
[epoch 018] 33.1s
  step    7500  G 0.1920  D 2.2062  Aux 0.9731  GAux 0.7857  R1 0.0000
  diag step    7500  Dreal 0.5393  Dfake 0.0384  Dwrong -1.2517  gap 1.7910  cls_acc 0.641  feat_std 0.329039  ema_div 0.2412  fake_std 0.3034  fake_min -0.7773  fake_max 0.8047
  step    7600  G 0.1807  D 2.1763  Aux 0.9578  GAux 0.7646  R1 0.0000
  step    7700  G 0.1798  D 2.2065  Aux 0.9677  GAux 0.7790  R1 0.0000
  step    7800  G 0.1946  D 2.1829  Aux 0.9771  GAux 0.7907  R1 0.0000
[epoch 019] 31.4s
  step    7900  G 0.1844  D 2.1902  Aux 0.9658  GAux 0.7771  R1 0.0000
  step    8000  G 0.1841  D 2.1869  Aux 0.9736  GAux 0.7929  R1 0.0000
  diag step    8000  Dreal 0.2670  Dfake -0.2397  Dwrong -1.5123  gap 1.7794  cls_acc 0.625  feat_std 0.296306  ema_div 0.2196  fake_std 0.2998  fake_min -0.8203  fake_max 0.8672
  step    8100  G 0.1854  D 2.1725  Aux 0.9450  GAux 0.7665  R1 0.0000
[epoch 020] 29.5s
  step    8200  G 0.1833  D 2.1635  Aux 0.9400  GAux 0.7711  R1 0.0000
  step    8300  G 0.1896  D 2.1799  Aux 0.9645  GAux 0.7814  R1 0.0000
  step    8400  G 0.1892  D 2.1550  Aux 0.9317  GAux 0.7805  R1 0.0000
  step    8500  G 0.1989  D 2.1772  Aux 0.9406  GAux 0.7770  R1 0.0000
  diag step    8500  Dreal 0.4252  Dfake -0.0453  Dwrong -1.3386  gap 1.7638  cls_acc 0.641  feat_std 0.298028  ema_div 0.2456  fake_std 0.3011  fake_min -0.7656  fake_max 0.9883
[epoch 021] 29.6s
  step    8600  G 0.1966  D 2.1487  Aux 0.9362  GAux 0.7669  R1 0.0000
  step    8700  G 0.1939  D 2.1482  Aux 0.9330  GAux 0.7747  R1 0.0000
  step    8800  G 0.1919  D 2.1651  Aux 0.9362  GAux 0.7631  R1 0.0000
  step    8900  G 0.2029  D 2.1642  Aux 0.9250  GAux 0.7391  R1 0.0000
[epoch 022] 29.9s
  step    9000  G 0.1927  D 2.1437  Aux 0.9238  GAux 0.7582  R1 0.0000
  diag step    9000  Dreal 0.1441  Dfake -0.1855  Dwrong -1.6347  gap 1.7788  cls_acc 0.703  feat_std 0.294603  ema_div 0.2109  fake_std 0.2970  fake_min -0.7422  fake_max 0.9844
  step    9100  G 0.1874  D 2.1606  Aux 0.9309  GAux 0.7629  R1 0.0000
  step    9200  G 0.1827  D 2.1529  Aux 0.9146  GAux 0.7608  R1 0.0000
  step    9300  G 0.1928  D 2.1465  Aux 0.9337  GAux 0.7599  R1 0.0000
[epoch 023] 29.7s
  step    9400  G 0.2105  D 2.1273  Aux 0.9071  GAux 0.7580  R1 0.0000
  step    9500  G 0.1960  D 2.1433  Aux 0.9249  GAux 0.7526  R1 0.0000
  diag step    9500  Dreal 0.4992  Dfake -0.0187  Dwrong -1.7242  gap 2.2234  cls_acc 0.625  feat_std 0.344200  ema_div 0.1895  fake_std 0.2748  fake_min -0.7656  fake_max 0.9336
  step    9600  G 0.1991  D 2.1441  Aux 0.9143  GAux 0.7357  R1 0.0000
  step    9700  G 0.1890  D 2.1496  Aux 0.9041  GAux 0.7312  R1 0.0000
[epoch 024] 29.6s
  step    9800  G 0.1832  D 2.1523  Aux 0.9233  GAux 0.7488  R1 0.0000
  step    9900  G 0.2106  D 2.1342  Aux 0.8963  GAux 0.7507  R1 0.0000
  step   10000  G 0.1940  D 2.1358  Aux 0.9157  GAux 0.7447  R1 0.0000
  diag step   10000  Dreal 0.1749  Dfake -0.1681  Dwrong -1.8607  gap 2.0356  cls_acc 0.719  feat_std 0.343774  ema_div 0.1952  fake_std 0.3072  fake_min -0.9805  fake_max 0.9883
  step   10100  G 0.1666  D 2.1349  Aux 0.9049  GAux 0.7308  R1 0.0000
[epoch 025] 30.0s
  step   10200  G 0.1928  D 2.1413  Aux 0.9107  GAux 0.7519  R1 0.0000
  step   10300  G 0.1968  D 2.1267  Aux 0.8868  GAux 0.7390  R1 0.0000
  step   10400  G 0.1902  D 2.1502  Aux 0.9120  GAux 0.7452  R1 0.0000
  step   10500  G 0.1853  D 2.1500  Aux 0.8918  GAux 0.7174  R1 0.0000
  diag step   10500  Dreal 0.4090  Dfake -0.1573  Dwrong -1.5336  gap 1.9425  cls_acc 0.781  feat_std 0.317802  ema_div 0.2282  fake_std 0.2753  fake_min -0.9219  fake_max 0.9258
[epoch 026] 28.9s
  step   10600  G 0.2038  D 2.1315  Aux 0.8984  GAux 0.7497  R1 0.0000
  step   10700  G 0.2055  D 2.1284  Aux 0.8799  GAux 0.7277  R1 0.0000
  step   10800  G 0.1974  D 2.1386  Aux 0.8868  GAux 0.7442  R1 0.0000
  step   10900  G 0.1934  D 2.1563  Aux 0.9065  GAux 0.7478  R1 0.0000
[epoch 027] 29.0s
  step   11000  G 0.1925  D 2.1301  Aux 0.8847  GAux 0.7388  R1 0.0000
  diag step   11000  Dreal 0.5708  Dfake -0.0114  Dwrong -1.3522  gap 1.9231  cls_acc 0.672  feat_std 0.320864  ema_div 0.2179  fake_std 0.3027  fake_min -0.9062  fake_max 0.9648
  step   11100  G 0.2076  D 2.1324  Aux 0.8873  GAux 0.7175  R1 0.0000
  step   11200  G 0.1936  D 2.1348  Aux 0.8759  GAux 0.7042  R1 0.0000
  step   11300  G 0.1976  D 2.1247  Aux 0.8984  GAux 0.7524  R1 0.0000
[epoch 028] 28.7s
  step   11400  G 0.1941  D 2.1256  Aux 0.8846  GAux 0.7177  R1 0.0000
  step   11500  G 0.2191  D 2.1282  Aux 0.8823  GAux 0.7159  R1 0.0000
  diag step   11500  Dreal 0.3204  Dfake -0.1225  Dwrong -1.3147  gap 1.6351  cls_acc 0.578  feat_std 0.338992  ema_div 0.1781  fake_std 0.3293  fake_min -0.9531  fake_max 0.9883
  step   11600  G 0.1963  D 2.1282  Aux 0.8823  GAux 0.7278  R1 0.0000
  step   11700  G 0.2047  D 2.1225  Aux 0.8874  GAux 0.7483  R1 0.0000
[epoch 029] 29.5s
  step   11800  G 0.2196  D 2.0978  Aux 0.8732  GAux 0.7448  R1 0.0000
  step   11900  G 0.2003  D 2.0915  Aux 0.8638  GAux 0.7236  R1 0.0000
  step   12000  G 0.2090  D 2.1165  Aux 0.8765  GAux 0.7244  R1 0.0000
  diag step   12000  Dreal 0.3859  Dfake -0.0917  Dwrong -1.4377  gap 1.8236  cls_acc 0.734  feat_std 0.337745  ema_div 0.1826  fake_std 0.2923  fake_min -0.9805  fake_max 0.9961
[epoch 030] 28.9s
  step   12100  G 0.2031  D 2.1101  Aux 0.8779  GAux 0.7360  R1 0.0000
  step   12200  G 0.1767  D 2.0985  Aux 0.8582  GAux 0.7272  R1 0.0000
  step   12300  G 0.2155  D 2.1255  Aux 0.8713  GAux 0.7511  R1 0.0000
  step   12400  G 0.1877  D 2.1260  Aux 0.8820  GAux 0.7381  R1 0.0000
[epoch 031] 33.6s
  step   12500  G 0.1954  D 2.1149  Aux 0.8607  GAux 0.7409  R1 0.0000
  diag step   12500  Dreal 0.2573  Dfake -0.1326  Dwrong -1.5845  gap 1.8417  cls_acc 0.719  feat_std 0.333482  ema_div 0.1722  fake_std 0.2737  fake_min -0.9883  fake_max 0.9961
  step   12600  G 0.2147  D 2.1190  Aux 0.8649  GAux 0.7331  R1 0.0000
  step   12700  G 0.2177  D 2.0940  Aux 0.8555  GAux 0.7114  R1 0.0000
  step   12800  G 0.2045  D 2.0834  Aux 0.8641  GAux 0.7107  R1 0.0000
[epoch 032] 34.6s
  step   12900  G 0.1969  D 2.1207  Aux 0.8651  GAux 0.7412  R1 0.0000
  step   13000  G 0.2394  D 2.0937  Aux 0.8709  GAux 0.7463  R1 0.0000
  diag step   13000  Dreal 0.3918  Dfake -0.1300  Dwrong -1.6199  gap 2.0118  cls_acc 0.656  feat_std 0.347521  ema_div 0.1635  fake_std 0.2147  fake_min -0.8398  fake_max 0.8086
  step   13100  G 0.2132  D 2.0991  Aux 0.8695  GAux 0.7317  R1 0.0000
  step   13200  G 0.2158  D 2.0997  Aux 0.8710  GAux 0.7324  R1 0.0000
[epoch 033] 29.4s
  step   13300  G 0.2151  D 2.1049  Aux 0.8662  GAux 0.7459  R1 0.0000
  step   13400  G 0.2143  D 2.0965  Aux 0.8578  GAux 0.7254  R1 0.0000
  step   13500  G 0.2061  D 2.1137  Aux 0.8597  GAux 0.7270  R1 0.0000
  diag step   13500  Dreal -0.2409  Dfake -0.4232  Dwrong -2.3087  gap 2.0678  cls_acc 0.797  feat_std 0.330628  ema_div 0.1505  fake_std 0.2467  fake_min -0.9023  fake_max 0.8633
  step   13600  G 0.2055  D 2.0992  Aux 0.8807  GAux 0.7439  R1 0.0000
[epoch 034] 33.1s
  step   13700  G 0.2262  D 2.1008  Aux 0.8492  GAux 0.7435  R1 0.0000
  step   13800  G 0.2000  D 2.1173  Aux 0.8664  GAux 0.7263  R1 0.0000
  step   13900  G 0.2088  D 2.1084  Aux 0.8607  GAux 0.7323  R1 0.0000
  step   14000  G 0.2046  D 2.1212  Aux 0.8649  GAux 0.7517  R1 0.0000
  diag step   14000  Dreal 0.2898  Dfake -0.1332  Dwrong -1.5424  gap 1.8322  cls_acc 0.672  feat_std 0.342431  ema_div 0.1416  fake_std 0.2020  fake_min -0.8789  fake_max 0.6523
[epoch 035] 33.4s
  step   14100  G 0.2159  D 2.1271  Aux 0.8927  GAux 0.7544  R1 0.0000
  step   14200  G 0.1902  D 2.0960  Aux 0.8440  GAux 0.7591  R1 0.0000
  step   14300  G 0.2262  D 2.1011  Aux 0.8681  GAux 0.7456  R1 0.0000
  step   14400  G 0.2308  D 2.0964  Aux 0.8652  GAux 0.7407  R1 0.0000
[epoch 036] 30.5s
  step   14500  G 0.2033  D 2.0827  Aux 0.8520  GAux 0.7266  R1 0.0000
  diag step   14500  Dreal 0.2882  Dfake -0.1035  Dwrong -1.5150  gap 1.8032  cls_acc 0.672  feat_std 0.357273  ema_div 0.1335  fake_std 0.2346  fake_min -0.8633  fake_max 0.9531
  step   14600  G 0.2262  D 2.0845  Aux 0.8528  GAux 0.7434  R1 0.0000
  step   14700  G 0.2236  D 2.0863  Aux 0.8693  GAux 0.7369  R1 0.0000
  step   14800  G 0.2235  D 2.1045  Aux 0.8491  GAux 0.7451  R1 0.0000
[epoch 037] 30.3s
  step   14900  G 0.2094  D 2.1034  Aux 0.8599  GAux 0.7391  R1 0.0000
  step   15000  G 0.2478  D 2.0886  Aux 0.8562  GAux 0.7802  R1 0.0000
  diag step   15000  Dreal 0.3434  Dfake -0.2120  Dwrong -1.4502  gap 1.7937  cls_acc 0.750  feat_std 0.350937  ema_div 0.1440  fake_std 0.2369  fake_min -0.9336  fake_max 0.9727
  step   15100  G 0.2047  D 2.0759  Aux 0.8558  GAux 0.7451  R1 0.0000
  step   15200  G 0.2378  D 2.1004  Aux 0.8645  GAux 0.7463  R1 0.0000
[epoch 038] 30.4s
  step   15300  G 0.2183  D 2.1044  Aux 0.8638  GAux 0.7531  R1 0.0000
  step   15400  G 0.2232  D 2.0802  Aux 0.8543  GAux 0.7543  R1 0.0000
  step   15500  G 0.2198  D 2.0875  Aux 0.8532  GAux 0.7576  R1 0.0000
  diag step   15500  Dreal 0.4576  Dfake -0.1441  Dwrong -1.2453  gap 1.7029  cls_acc 0.672  feat_std 0.341190  ema_div 0.1488  fake_std 0.2579  fake_min -0.9375  fake_max 0.9492
  step   15600  G 0.2205  D 2.0828  Aux 0.8504  GAux 0.7379  R1 0.0000
[epoch 039] 31.0s
  step   15700  G 0.2252  D 2.0873  Aux 0.8535  GAux 0.7513  R1 0.0000
  step   15800  G 0.2038  D 2.0608  Aux 0.8498  GAux 0.7663  R1 0.0000
  step   15900  G 0.2295  D 2.0962  Aux 0.8495  GAux 0.7358  R1 0.0000
[epoch 040] 30.3s
  step   16000  G 0.2498  D 2.0930  Aux 0.8587  GAux 0.7739  R1 0.0000
  diag step   16000  Dreal 0.5765  Dfake -0.0640  Dwrong -1.8846  gap 2.4611  cls_acc 0.750  feat_std 0.359131  ema_div 0.1163  fake_std 0.2347  fake_min -0.8633  fake_max 0.8242
  step   16100  G 0.2123  D 2.0880  Aux 0.8568  GAux 0.7588  R1 0.0000
  step   16200  G 0.2364  D 2.0752  Aux 0.8549  GAux 0.7480  R1 0.0000
  step   16300  G 0.2225  D 2.0616  Aux 0.8403  GAux 0.7607  R1 0.0000
[epoch 041] 29.9s
  step   16400  G 0.2226  D 2.0964  Aux 0.8416  GAux 0.7380  R1 0.0000
  step   16500  G 0.2404  D 2.1127  Aux 0.8590  GAux 0.7244  R1 0.0000
  diag step   16500  Dreal 0.3268  Dfake 0.0274  Dwrong -1.5772  gap 1.9040  cls_acc 0.734  feat_std 0.339790  ema_div 0.1461  fake_std 0.2239  fake_min -0.8633  fake_max 0.9883
  step   16600  G 0.2180  D 2.1083  Aux 0.8450  GAux 0.7279  R1 0.0000
  step   16700  G 0.2317  D 2.1083  Aux 0.8647  GAux 0.7377  R1 0.0000
[epoch 042] 31.4s
  step   16800  G 0.2301  D 2.0750  Aux 0.8574  GAux 0.7706  R1 0.0000
  step   16900  G 0.2280  D 2.0831  Aux 0.8467  GAux 0.7581  R1 0.0000
  step   17000  G 0.2325  D 2.0858  Aux 0.8538  GAux 0.7477  R1 0.0000
  diag step   17000  Dreal 0.6679  Dfake -0.2392  Dwrong -1.8681  gap 2.5359  cls_acc 0.859  feat_std 0.419131  ema_div 0.1261  fake_std 0.2232  fake_min -0.9375  fake_max 0.9844
  step   17100  G 0.2391  D 2.0719  Aux 0.8517  GAux 0.8034  R1 0.0000
[epoch 043] 29.7s
  step   17200  G 0.2384  D 2.0803  Aux 0.8390  GAux 0.7403  R1 0.0000
  step   17300  G 0.2051  D 2.0711  Aux 0.8235  GAux 0.7038  R1 0.0000
  step   17400  G 0.2405  D 2.0778  Aux 0.8447  GAux 0.7390  R1 0.0000
  step   17500  G 0.2346  D 2.0742  Aux 0.8419  GAux 0.7485  R1 0.0000
  diag step   17500  Dreal 0.2616  Dfake -0.2425  Dwrong -1.5683  gap 1.8299  cls_acc 0.781  feat_std 0.326493  ema_div 0.1342  fake_std 0.2295  fake_min -0.9453  fake_max 0.9336
[epoch 044] 31.3s
  step   17600  G 0.2315  D 2.0688  Aux 0.8559  GAux 0.7426  R1 0.0000
  step   17700  G 0.2323  D 2.0924  Aux 0.8415  GAux 0.7414  R1 0.0000
  step   17800  G 0.2080  D 2.0961  Aux 0.8552  GAux 0.7504  R1 0.0000
  step   17900  G 0.2331  D 2.1151  Aux 0.8561  GAux 0.7418  R1 0.0000
[epoch 045] 30.4s
  step   18000  G 0.2038  D 2.1091  Aux 0.8474  GAux 0.7517  R1 0.0000
  diag step   18000  Dreal 0.2974  Dfake -0.1751  Dwrong -1.6784  gap 1.9758  cls_acc 0.672  feat_std 0.327949  ema_div 0.1468  fake_std 0.2134  fake_min -0.9258  fake_max 0.9961
  step   18100  G 0.2095  D 2.0912  Aux 0.8462  GAux 0.7143  R1 0.0000
  step   18200  G 0.2097  D 2.0851  Aux 0.8280  GAux 0.7262  R1 0.0000
  step   18300  G 0.2151  D 2.0809  Aux 0.8584  GAux 0.7495  R1 0.0000
[epoch 046] 30.0s
  step   18400  G 0.2343  D 2.0877  Aux 0.8382  GAux 0.7388  R1 0.0000
  step   18500  G 0.2398  D 2.0901  Aux 0.8492  GAux 0.7498  R1 0.0000
  diag step   18500  Dreal 0.2657  Dfake -0.2790  Dwrong -1.8171  gap 2.0829  cls_acc 0.703  feat_std 0.342956  ema_div 0.1139  fake_std 0.2311  fake_min -0.9141  fake_max 0.8633
  step   18600  G 0.2411  D 2.0940  Aux 0.8358  GAux 0.7534  R1 0.0000
  step   18700  G 0.2119  D 2.0854  Aux 0.8408  GAux 0.7323  R1 0.0000
[epoch 047] 29.1s
  step   18800  G 0.2076  D 2.0763  Aux 0.8258  GAux 0.7033  R1 0.0000
  step   18900  G 0.2268  D 2.0642  Aux 0.8409  GAux 0.7229  R1 0.0000
  step   19000  G 0.2379  D 2.0823  Aux 0.8416  GAux 0.7432  R1 0.0000
  diag step   19000  Dreal 0.4399  Dfake -0.0768  Dwrong -1.6491  gap 2.0890  cls_acc 0.766  feat_std 0.361894  ema_div 0.1325  fake_std 0.2296  fake_min -0.9023  fake_max 0.9766
  step   19100  G 0.2255  D 2.0742  Aux 0.8333  GAux 0.7293  R1 0.0000
[epoch 048] 28.4s
  step   19200  G 0.2564  D 2.0546  Aux 0.8424  GAux 0.7650  R1 0.0000
  step   19300  G 0.2337  D 2.0785  Aux 0.8428  GAux 0.7363  R1 0.0000
  step   19400  G 0.2439  D 2.0767  Aux 0.8409  GAux 0.7348  R1 0.0000
  step   19500  G 0.2530  D 2.0835  Aux 0.8307  GAux 0.7338  R1 0.0000
  diag step   19500  Dreal 0.1867  Dfake -0.1697  Dwrong -1.7809  gap 1.9676  cls_acc 0.750  feat_std 0.370225  ema_div 0.1271  fake_std 0.1911  fake_min -0.8359  fake_max 0.9570
[epoch 049] 28.2s
  step   19600  G 0.2258  D 2.0701  Aux 0.8375  GAux 0.7573  R1 0.0000
  step   19700  G 0.2407  D 2.0622  Aux 0.8240  GAux 0.7184  R1 0.0000
  step   19800  G 0.2503  D 2.0597  Aux 0.8188  GAux 0.7068  R1 0.0000
[epoch 050] 28.5s
  step   19900  G 0.2329  D 2.1055  Aux 0.8287  GAux 0.7178  R1 0.0000
  step   20000  G 0.2542  D 2.0645  Aux 0.8234  GAux 0.7368  R1 0.0000
  diag step   20000  Dreal 0.9163  Dfake -0.0450  Dwrong -1.6883  gap 2.6046  cls_acc 0.812  feat_std 0.411737  ema_div 0.1228  fake_std 0.1899  fake_min -0.8555  fake_max 0.9609
  step   20100  G 0.2225  D 2.0770  Aux 0.8308  GAux 0.7235  R1 0.0000
  step   20200  G 0.2414  D 2.0687  Aux 0.8326  GAux 0.7375  R1 0.0000
[epoch 051] 28.7s
  step   20300  G 0.2486  D 2.0514  Aux 0.8127  GAux 0.7389  R1 0.0000
  step   20400  G 0.2376  D 2.0735  Aux 0.8276  GAux 0.7642  R1 0.0000
  step   20500  G 0.2244  D 2.0800  Aux 0.8138  GAux 0.7476  R1 0.0000
  diag step   20500  Dreal -0.0294  Dfake -0.3760  Dwrong -1.9135  gap 1.8841  cls_acc 0.719  feat_std 0.383695  ema_div 0.1134  fake_std 0.2013  fake_min -0.7695  fake_max 0.9727
  step   20600  G 0.2226  D 2.0777  Aux 0.8317  GAux 0.7177  R1 0.0000
[epoch 052] 28.9s
  step   20700  G 0.2196  D 2.0859  Aux 0.8482  GAux 0.7347  R1 0.0000
  step   20800  G 0.2105  D 2.0718  Aux 0.8272  GAux 0.7566  R1 0.0000
  step   20900  G 0.2213  D 2.0817  Aux 0.8288  GAux 0.7489  R1 0.0000
  step   21000  G 0.2606  D 2.0697  Aux 0.8407  GAux 0.7417  R1 0.0000
  diag step   21000  Dreal -0.1501  Dfake -0.4155  Dwrong -2.0997  gap 1.9496  cls_acc 0.688  feat_std 0.352746  ema_div 0.1402  fake_std 0.2488  fake_min -0.9297  fake_max 1.0000
[epoch 053] 29.2s
  step   21100  G 0.2385  D 2.0679  Aux 0.8244  GAux 0.7285  R1 0.0000
  step   21200  G 0.2052  D 2.0786  Aux 0.8134  GAux 0.7661  R1 0.0000
  step   21300  G 0.2422  D 2.0640  Aux 0.8277  GAux 0.7198  R1 0.0000
  step   21400  G 0.2499  D 2.0516  Aux 0.8164  GAux 0.7342  R1 0.0000
[epoch 054] 28.9s
  step   21500  G 0.2090  D 2.0804  Aux 0.8038  GAux 0.7157  R1 0.0000
  diag step   21500  Dreal 0.2778  Dfake -0.1598  Dwrong -1.7543  gap 2.0321  cls_acc 0.781  feat_std 0.330042  ema_div 0.1295  fake_std 0.2349  fake_min -0.9258  fake_max 1.0000
  step   21600  G 0.2522  D 2.0612  Aux 0.8263  GAux 0.6935  R1 0.0000
  step   21700  G 0.2534  D 2.0793  Aux 0.8311  GAux 0.7086  R1 0.0000
  step   21800  G 0.2084  D 2.0863  Aux 0.8072  GAux 0.7021  R1 0.0000
[epoch 055] 28.9s
  step   21900  G 0.2466  D 2.0739  Aux 0.8250  GAux 0.7069  R1 0.0000
  step   22000  G 0.2379  D 2.0828  Aux 0.8263  GAux 0.7633  R1 0.0000
  diag step   22000  Dreal 0.4443  Dfake -0.0625  Dwrong -2.0676  gap 2.5119  cls_acc 0.688  feat_std 0.376522  ema_div 0.1305  fake_std 0.2306  fake_min -0.9766  fake_max 1.0000
  step   22100  G 0.2203  D 2.0826  Aux 0.8175  GAux 0.6888  R1 0.0000
  step   22200  G 0.2032  D 2.0806  Aux 0.8169  GAux 0.7123  R1 0.0000
[epoch 056] 29.4s
  step   22300  G 0.2445  D 2.0666  Aux 0.8217  GAux 0.7303  R1 0.0000
  step   22400  G 0.2114  D 2.0827  Aux 0.8267  GAux 0.7005  R1 0.0000
  step   22500  G 0.2163  D 2.0752  Aux 0.8079  GAux 0.7044  R1 0.0000
  diag step   22500  Dreal 0.4885  Dfake -0.0608  Dwrong -1.7914  gap 2.2799  cls_acc 0.734  feat_std 0.406091  ema_div 0.1259  fake_std 0.2437  fake_min -0.9180  fake_max 1.0000
  step   22600  G 0.2260  D 2.0852  Aux 0.8361  GAux 0.7310  R1 0.0000
[epoch 057] 29.6s
  step   22700  G 0.2439  D 2.1001  Aux 0.8457  GAux 0.7531  R1 0.0000
  step   22800  G 0.2171  D 2.0719  Aux 0.8167  GAux 0.7178  R1 0.0000
  step   22900  G 0.2514  D 2.0466  Aux 0.8199  GAux 0.7030  R1 0.0000
  step   23000  G 0.2271  D 2.0810  Aux 0.8258  GAux 0.7636  R1 0.0000
  diag step   23000  Dreal 0.0603  Dfake -0.3422  Dwrong -1.7595  gap 1.8198  cls_acc 0.719  feat_std 0.368978  ema_div 0.1713  fake_std 0.2309  fake_min -0.9727  fake_max 1.0000
[epoch 058] 29.5s
  step   23100  G 0.2067  D 2.0795  Aux 0.8204  GAux 0.7195  R1 0.0000
  step   23200  G 0.2121  D 2.0846  Aux 0.8184  GAux 0.7189  R1 0.0000
  step   23300  G 0.2385  D 2.0581  Aux 0.8218  GAux 0.7261  R1 0.0000
  step   23400  G 0.2311  D 2.0490  Aux 0.8107  GAux 0.7324  R1 0.0000
[epoch 059] 29.8s
  step   23500  G 0.2314  D 2.0709  Aux 0.7979  GAux 0.7147  R1 0.0000
  diag step   23500  Dreal 0.5491  Dfake -0.0693  Dwrong -1.8861  gap 2.4352  cls_acc 0.812  feat_std 0.405084  ema_div 0.1206  fake_std 0.2103  fake_min -0.9883  fake_max 1.0000
  step   23600  G 0.2489  D 2.0655  Aux 0.8172  GAux 0.7465  R1 0.0000
  step   23700  G 0.2017  D 2.0896  Aux 0.8336  GAux 0.7445  R1 0.0000
[epoch 060] 29.5s
  step   23800  G 0.2138  D 2.0984  Aux 0.8396  GAux 0.7365  R1 0.0000
  step   23900  G 0.2663  D 2.0655  Aux 0.8149  GAux 0.7156  R1 0.0000
  step   24000  G 0.2657  D 2.0556  Aux 0.8257  GAux 0.7427  R1 0.0000
  diag step   24000  Dreal -0.0283  Dfake -0.3927  Dwrong -2.2042  gap 2.1760  cls_acc 0.703  feat_std 0.375170  ema_div 0.1261  fake_std 0.2558  fake_min -0.9648  fake_max 1.0000
  step   24100  G 0.2199  D 2.0531  Aux 0.7971  GAux 0.6866  R1 0.0000
[epoch 061] 31.3s
  step   24200  G 0.1975  D 2.0650  Aux 0.8189  GAux 0.7201  R1 0.0000
  step   24300  G 0.2244  D 2.0617  Aux 0.8104  GAux 0.7424  R1 0.0000
  step   24400  G 0.2126  D 2.0607  Aux 0.8076  GAux 0.6974  R1 0.0000
  step   24500  G 0.2538  D 2.0480  Aux 0.8018  GAux 0.6944  R1 0.0000
  diag step   24500  Dreal -0.0189  Dfake -0.2614  Dwrong -2.0149  gap 1.9960  cls_acc 0.797  feat_std 0.390361  ema_div 0.1387  fake_std 0.2074  fake_min -0.9258  fake_max 0.9453
[epoch 062] 29.9s
  step   24600  G 0.2401  D 2.0443  Aux 0.8098  GAux 0.7312  R1 0.0000
  step   24700  G 0.2426  D 2.0434  Aux 0.8150  GAux 0.7326  R1 0.0000
  step   24800  G 0.2217  D 2.0245  Aux 0.8008  GAux 0.7375  R1 0.0000
  step   24900  G 0.2211  D 2.0513  Aux 0.8141  GAux 0.7321  R1 0.0000
[epoch 063] 30.1s
  step   25000  G 0.2509  D 2.0607  Aux 0.8084  GAux 0.7300  R1 0.0000
  diag step   25000  Dreal 0.6829  Dfake -0.2102  Dwrong -1.7335  gap 2.4164  cls_acc 0.875  feat_std 0.438906  ema_div 0.1109  fake_std 0.2192  fake_min -0.9180  fake_max 0.9922
  step   25100  G 0.2309  D 2.0492  Aux 0.7995  GAux 0.7096  R1 0.0000
  step   25200  G 0.2040  D 2.0537  Aux 0.7921  GAux 0.7020  R1 0.0000
  step   25300  G 0.2149  D 2.0444  Aux 0.8011  GAux 0.7085  R1 0.0000
[epoch 064] 29.5s
  step   25400  G 0.2150  D 2.0470  Aux 0.8124  GAux 0.6927  R1 0.0000
  step   25500  G 0.2230  D 2.0474  Aux 0.8081  GAux 0.7314  R1 0.0000
  diag step   25500  Dreal 0.4341  Dfake -0.1901  Dwrong -2.0117  gap 2.4458  cls_acc 0.750  feat_std 0.437313  ema_div 0.1132  fake_std 0.2392  fake_min -0.9023  fake_max 0.9883
  step   25600  G 0.2304  D 2.0390  Aux 0.7885  GAux 0.7152  R1 0.0000
  step   25700  G 0.2334  D 2.0538  Aux 0.7994  GAux 0.6696  R1 0.0000
[epoch 065] 29.7s
  step   25800  G 0.2170  D 2.0625  Aux 0.8098  GAux 0.7182  R1 0.0000
  step   25900  G 0.2412  D 2.0617  Aux 0.8024  GAux 0.6952  R1 0.0000
  step   26000  G 0.2541  D 2.0268  Aux 0.7959  GAux 0.7057  R1 0.0000
  diag step   26000  Dreal 0.3806  Dfake -0.2407  Dwrong -1.6876  gap 2.0682  cls_acc 0.688  feat_std 0.379060  ema_div 0.1245  fake_std 0.2155  fake_min -0.8906  fake_max 0.9805
  step   26100  G 0.2446  D 2.0173  Aux 0.7947  GAux 0.7141  R1 0.0000
[epoch 066] 29.8s
  step   26200  G 0.2460  D 2.0279  Aux 0.7909  GAux 0.7277  R1 0.0000
  step   26300  G 0.2365  D 2.0284  Aux 0.7891  GAux 0.7503  R1 0.0000
  step   26400  G 0.2160  D 2.0515  Aux 0.8208  GAux 0.7056  R1 0.0000
  step   26500  G 0.2524  D 2.0424  Aux 0.8058  GAux 0.7001  R1 0.0000
  diag step   26500  Dreal 0.7515  Dfake -0.0867  Dwrong -1.5362  gap 2.2877  cls_acc 0.672  feat_std 0.417264  ema_div 0.1197  fake_std 0.1920  fake_min -0.8359  fake_max 0.8242
[epoch 067] 30.5s
  step   26600  G 0.2404  D 2.0212  Aux 0.7965  GAux 0.7327  R1 0.0000
  step   26700  G 0.2100  D 2.0524  Aux 0.8021  GAux 0.6975  R1 0.0000
  step   26800  G 0.2268  D 2.0864  Aux 0.8242  GAux 0.6512  R1 0.0000
  step   26900  G 0.2365  D 2.0388  Aux 0.8072  GAux 0.7056  R1 0.0000
[epoch 068] 30.3s
  step   27000  G 0.2540  D 2.0285  Aux 0.7833  GAux 0.7395  R1 0.0000
  diag step   27000  Dreal 0.5307  Dfake -0.0532  Dwrong -1.9211  gap 2.4518  cls_acc 0.750  feat_std 0.385715  ema_div 0.1080  fake_std 0.1874  fake_min -0.7891  fake_max 0.8359
  step   27100  G 0.1912  D 2.0638  Aux 0.7984  GAux 0.7034  R1 0.0000
  step   27200  G 0.2161  D 2.0714  Aux 0.7931  GAux 0.7106  R1 0.0000
  step   27300  G 0.2300  D 2.0464  Aux 0.7930  GAux 0.6963  R1 0.0000
[epoch 069] 30.5s
  step   27400  G 0.2287  D 2.0657  Aux 0.7911  GAux 0.7117  R1 0.0000
  step   27500  G 0.2180  D 2.0562  Aux 0.7915  GAux 0.7073  R1 0.0000
  diag step   27500  Dreal 0.2993  Dfake -0.1311  Dwrong -1.6738  gap 1.9731  cls_acc 0.781  feat_std 0.395050  ema_div 0.1306  fake_std 0.2331  fake_min -0.9023  fake_max 1.0000
  step   27600  G 0.2107  D 2.0427  Aux 0.7920  GAux 0.6965  R1 0.0000
[epoch 070] 30.1s
  step   27700  G 0.2241  D 2.0719  Aux 0.8026  GAux 0.7371  R1 0.0000
  step   27800  G 0.2375  D 2.0691  Aux 0.7933  GAux 0.7168  R1 0.0000
  step   27900  G 0.2185  D 2.0539  Aux 0.7829  GAux 0.6853  R1 0.0000
  step   28000  G 0.2490  D 2.0448  Aux 0.8035  GAux 0.7120  R1 0.0000
  diag step   28000  Dreal 0.4161  Dfake -0.1927  Dwrong -2.0110  gap 2.4271  cls_acc 0.734  feat_std 0.412136  ema_div 0.1488  fake_std 0.2341  fake_min -0.8984  fake_max 0.9844
[epoch 071] 29.4s
  step   28100  G 0.2112  D 2.0683  Aux 0.8074  GAux 0.7277  R1 0.0000
  step   28200  G 0.2675  D 2.0536  Aux 0.7953  GAux 0.7247  R1 0.0000
  step   28300  G 0.2261  D 2.0591  Aux 0.8001  GAux 0.7469  R1 0.0000
  step   28400  G 0.2190  D 2.0663  Aux 0.7843  GAux 0.7214  R1 0.0000
[epoch 072] 29.1s
  step   28500  G 0.2290  D 2.0381  Aux 0.8019  GAux 0.7041  R1 0.0000
  diag step   28500  Dreal 0.3995  Dfake -0.1015  Dwrong -2.0434  gap 2.4429  cls_acc 0.844  feat_std 0.424457  ema_div 0.1079  fake_std 0.1893  fake_min -0.9062  fake_max 0.8789
  step   28600  G 0.2393  D 2.0218  Aux 0.7814  GAux 0.6760  R1 0.0000
  step   28700  G 0.2172  D 2.0417  Aux 0.7788  GAux 0.7245  R1 0.0000
  step   28800  G 0.2214  D 2.0761  Aux 0.8082  GAux 0.7379  R1 0.0000
[epoch 073] 29.0s
  step   28900  G 0.2102  D 2.0383  Aux 0.7939  GAux 0.7118  R1 0.0000
  step   29000  G 0.2330  D 2.0683  Aux 0.8095  GAux 0.6837  R1 0.0000
  diag step   29000  Dreal 0.3198  Dfake -0.0572  Dwrong -1.6784  gap 1.9982  cls_acc 0.734  feat_std 0.404786  ema_div 0.1237  fake_std 0.2265  fake_min -0.9375  fake_max 1.0000
  step   29100  G 0.2221  D 2.0417  Aux 0.7886  GAux 0.7204  R1 0.0000
  step   29200  G 0.2114  D 2.0433  Aux 0.7851  GAux 0.6969  R1 0.0000
[epoch 074] 29.0s
  step   29300  G 0.2279  D 2.0184  Aux 0.7834  GAux 0.7186  R1 0.0000
  step   29400  G 0.2205  D 2.0487  Aux 0.7949  GAux 0.7336  R1 0.0000
  step   29500  G 0.2511  D 2.0320  Aux 0.7832  GAux 0.7027  R1 0.0000
  diag step   29500  Dreal 0.3555  Dfake -0.2524  Dwrong -1.8946  gap 2.2500  cls_acc 0.812  feat_std 0.412201  ema_div 0.1293  fake_std 0.2244  fake_min -0.9102  fake_max 0.9961
  step   29600  G 0.2188  D 2.0268  Aux 0.7808  GAux 0.7173  R1 0.0000
[epoch 075] 29.4s
  step   29700  G 0.2176  D 2.0553  Aux 0.7846  GAux 0.7056  R1 0.0000
  step   29800  G 0.2080  D 2.0602  Aux 0.7886  GAux 0.7024  R1 0.0000
  step   29900  G 0.2313  D 2.0456  Aux 0.7794  GAux 0.6949  R1 0.0000
  step   30000  G 0.2305  D 2.0300  Aux 0.7936  GAux 0.6967  R1 0.0000
  diag step   30000  Dreal 1.0532  Dfake -0.0280  Dwrong -1.2027  gap 2.2559  cls_acc 0.703  feat_std 0.418093  ema_div 0.1095  fake_std 0.1814  fake_min -0.8750  fake_max 0.9414
[epoch 076] 28.9s
  step   30100  G 0.2220  D 2.0364  Aux 0.7831  GAux 0.7337  R1 0.0000
  step   30200  G 0.2363  D 2.0198  Aux 0.7728  GAux 0.6788  R1 0.0000
  step   30300  G 0.2531  D 2.0318  Aux 0.7862  GAux 0.7205  R1 0.0000
  step   30400  G 0.2247  D 2.0371  Aux 0.7883  GAux 0.7141  R1 0.0000
[epoch 077] 29.8s
  step   30500  G 0.2214  D 2.0437  Aux 0.7887  GAux 0.6951  R1 0.0000
  diag step   30500  Dreal 0.8060  Dfake -0.1307  Dwrong -2.0368  gap 2.8428  cls_acc 0.719  feat_std 0.443529  ema_div 0.1367  fake_std 0.2004  fake_min -1.0000  fake_max 0.9570
  step   30600  G 0.2248  D 2.0102  Aux 0.7694  GAux 0.7020  R1 0.0000
  step   30700  G 0.2416  D 2.0371  Aux 0.7908  GAux 0.7107  R1 0.0000
  step   30800  G 0.2122  D 2.0272  Aux 0.7880  GAux 0.6875  R1 0.0000
[epoch 078] 29.6s
  step   30900  G 0.2505  D 2.0083  Aux 0.7776  GAux 0.7032  R1 0.0000
  step   31000  G 0.2303  D 1.9970  Aux 0.7769  GAux 0.7449  R1 0.0000
  diag step   31000  Dreal 0.5636  Dfake -0.2119  Dwrong -1.7321  gap 2.2956  cls_acc 0.750  feat_std 0.446998  ema_div 0.1174  fake_std 0.2116  fake_min -0.9844  fake_max 0.9297
  step   31100  G 0.2257  D 2.0146  Aux 0.7940  GAux 0.7321  R1 0.0000
  step   31200  G 0.2264  D 2.0206  Aux 0.7811  GAux 0.7440  R1 0.0000
[epoch 079] 29.7s
  step   31300  G 0.2005  D 2.0356  Aux 0.7893  GAux 0.7019  R1 0.0000
  step   31400  G 0.2389  D 1.9911  Aux 0.7837  GAux 0.7211  R1 0.0000
  step   31500  G 0.2217  D 1.9983  Aux 0.7722  GAux 0.7379  R1 0.0000
  diag step   31500  Dreal 0.0542  Dfake -0.4283  Dwrong -2.5678  gap 2.6220  cls_acc 0.797  feat_std 0.450914  ema_div 0.1304  fake_std 0.2353  fake_min -0.8594  fake_max 0.9961
[epoch 080] 30.3s
  step   31600  G 0.2218  D 2.0261  Aux 0.7862  GAux 0.7052  R1 0.0000
  step   31700  G 0.2242  D 2.0003  Aux 0.7846  GAux 0.7190  R1 0.0000
  step   31800  G 0.1810  D 2.0102  Aux 0.7678  GAux 0.6951  R1 0.0000
  step   31900  G 0.2100  D 2.0174  Aux 0.7746  GAux 0.7317  R1 0.0000
[epoch 081] 29.8s
  step   32000  G 0.2153  D 2.0153  Aux 0.7785  GAux 0.7037  R1 0.0000
  diag step   32000  Dreal 0.4509  Dfake -0.1633  Dwrong -2.3246  gap 2.7755  cls_acc 0.750  feat_std 0.459084  ema_div 0.1132  fake_std 0.2045  fake_min -0.8047  fake_max 0.9961
  step   32100  G 0.2563  D 1.9958  Aux 0.7819  GAux 0.7012  R1 0.0000
  step   32200  G 0.2229  D 2.0191  Aux 0.7773  GAux 0.6861  R1 0.0000
  step   32300  G 0.2317  D 2.0143  Aux 0.7838  GAux 0.7042  R1 0.0000
[epoch 082] 29.3s
  step   32400  G 0.2309  D 2.0363  Aux 0.7721  GAux 0.7425  R1 0.0000
  step   32500  G 0.2307  D 2.0118  Aux 0.7871  GAux 0.7136  R1 0.0000
  diag step   32500  Dreal 0.2899  Dfake -0.2500  Dwrong -2.1424  gap 2.4322  cls_acc 0.812  feat_std 0.406457  ema_div 0.1042  fake_std 0.2070  fake_min -0.9375  fake_max 0.8359
  step   32600  G 0.2425  D 1.9901  Aux 0.7784  GAux 0.7132  R1 0.0000
  step   32700  G 0.2129  D 2.0037  Aux 0.7713  GAux 0.6679  R1 0.0000
[epoch 083] 29.9s
  step   32800  G 0.1994  D 2.0486  Aux 0.7815  GAux 0.6849  R1 0.0000
  step   32900  G 0.2153  D 2.0303  Aux 0.7657  GAux 0.7271  R1 0.0000
  step   33000  G 0.2339  D 2.0250  Aux 0.7737  GAux 0.6713  R1 0.0000
  diag step   33000  Dreal 0.8433  Dfake -0.1646  Dwrong -1.6042  gap 2.4474  cls_acc 0.766  feat_std 0.409064  ema_div 0.0973  fake_std 0.2155  fake_min -0.8906  fake_max 0.9609
  step   33100  G 0.2139  D 2.0747  Aux 0.7802  GAux 0.6720  R1 0.0000
[epoch 084] 29.5s
  step   33200  G 0.2277  D 2.0557  Aux 0.7768  GAux 0.7121  R1 0.0000
  step   33300  G 0.2376  D 1.9957  Aux 0.7692  GAux 0.6796  R1 0.0000
  step   33400  G 0.2557  D 2.0148  Aux 0.7808  GAux 0.7281  R1 0.0000
  step   33500  G 0.2246  D 2.0012  Aux 0.7774  GAux 0.6899  R1 0.0000
  diag step   33500  Dreal 0.6904  Dfake -0.1420  Dwrong -1.6847  gap 2.3751  cls_acc 0.812  feat_std 0.409768  ema_div 0.1061  fake_std 0.1781  fake_min -0.8398  fake_max 0.9609
[epoch 085] 29.7s
  step   33600  G 0.2356  D 2.0233  Aux 0.7746  GAux 0.7336  R1 0.0000
  step   33700  G 0.2222  D 1.9959  Aux 0.7614  GAux 0.6895  R1 0.0000
  step   33800  G 0.2375  D 1.9930  Aux 0.7766  GAux 0.7056  R1 0.0000
  step   33900  G 0.2282  D 1.9915  Aux 0.7836  GAux 0.7243  R1 0.0000
[epoch 086] 29.7s
  step   34000  G 0.2137  D 2.0037  Aux 0.7690  GAux 0.7142  R1 0.0000
  diag step   34000  Dreal 0.4084  Dfake -0.2773  Dwrong -2.3100  gap 2.7185  cls_acc 0.734  feat_std 0.440994  ema_div 0.1027  fake_std 0.1564  fake_min -0.6719  fake_max 0.8555
  step   34100  G 0.2156  D 2.0292  Aux 0.7834  GAux 0.6980  R1 0.0000
  step   34200  G 0.2281  D 2.0159  Aux 0.7759  GAux 0.6919  R1 0.0000
  step   34300  G 0.2580  D 2.0101  Aux 0.7949  GAux 0.7473  R1 0.0000
[epoch 087] 29.7s
  step   34400  G 0.2298  D 2.0156  Aux 0.7828  GAux 0.7141  R1 0.0000
  step   34500  G 0.2215  D 1.9920  Aux 0.7591  GAux 0.6758  R1 0.0000
  diag step   34500  Dreal 0.1563  Dfake -0.2806  Dwrong -1.9737  gap 2.1300  cls_acc 0.703  feat_std 0.393862  ema_div 0.1184  fake_std 0.1835  fake_min -0.6953  fake_max 0.8242
  step   34600  G 0.2169  D 2.0185  Aux 0.7948  GAux 0.7235  R1 0.0000
  step   34700  G 0.2555  D 2.0034  Aux 0.7766  GAux 0.7131  R1 0.0000
[epoch 088] 30.2s
  step   34800  G 0.2141  D 2.0208  Aux 0.7700  GAux 0.6819  R1 0.0000
  step   34900  G 0.2535  D 2.0193  Aux 0.7704  GAux 0.6643  R1 0.0000
  step   35000  G 0.2296  D 2.0280  Aux 0.7660  GAux 0.7103  R1 0.0000
  diag step   35000  Dreal 0.4980  Dfake -0.1260  Dwrong -1.9275  gap 2.4255  cls_acc 0.750  feat_std 0.419104  ema_div 0.1285  fake_std 0.2208  fake_min -0.8945  fake_max 0.9023
  step   35100  G 0.2535  D 2.0011  Aux 0.7831  GAux 0.7230  R1 0.0000
[epoch 089] 29.4s
  step   35200  G 0.2501  D 1.9638  Aux 0.7603  GAux 0.7216  R1 0.0000
  step   35300  G 0.2331  D 2.0152  Aux 0.7773  GAux 0.7540  R1 0.0000
  step   35400  G 0.2421  D 2.0129  Aux 0.7780  GAux 0.7262  R1 0.0000
[epoch 090] 29.6s
  step   35500  G 0.2359  D 1.9314  Aux 0.7686  GAux 0.7717  R1 0.0000
  diag step   35500  Dreal 1.2439  Dfake 0.0374  Dwrong -1.8315  gap 3.0754  cls_acc 0.781  feat_std 0.499273  ema_div 0.1176  fake_std 0.2301  fake_min -0.8711  fake_max 1.0000
  step   35600  G 0.2370  D 2.0206  Aux 0.7887  GAux 0.7249  R1 0.0000
  step   35700  G 0.2293  D 1.9656  Aux 0.7871  GAux 0.7294  R1 0.0000
  step   35800  G 0.2156  D 1.9549  Aux 0.7649  GAux 0.7169  R1 0.0000
[epoch 091] 29.3s
  step   35900  G 0.2464  D 1.9521  Aux 0.7766  GAux 0.7316  R1 0.0000
  step   36000  G 0.2664  D 1.9722  Aux 0.7827  GAux 0.8073  R1 0.0000
  diag step   36000  Dreal 0.1111  Dfake -0.3652  Dwrong -2.3473  gap 2.4584  cls_acc 0.828  feat_std 0.466693  ema_div 0.0925  fake_std 0.2070  fake_min -0.7539  fake_max 0.9531
  step   36100  G 0.2485  D 1.9329  Aux 0.7597  GAux 0.7578  R1 0.0000
  step   36200  G 0.2553  D 1.9504  Aux 0.7769  GAux 0.7137  R1 0.0000
[epoch 092] 29.1s
  step   36300  G 0.2418  D 1.9630  Aux 0.7745  GAux 0.7436  R1 0.0000
  step   36400  G 0.2403  D 1.9449  Aux 0.7779  GAux 0.6955  R1 0.0000
  step   36500  G 0.2110  D 1.9604  Aux 0.7760  GAux 0.7343  R1 0.0000
  diag step   36500  Dreal 0.7856  Dfake -0.1579  Dwrong -1.7696  gap 2.5552  cls_acc 0.766  feat_std 0.459521  ema_div 0.0877  fake_std 0.1852  fake_min -0.7773  fake_max 0.8359
  step   36600  G 0.2457  D 1.9284  Aux 0.7610  GAux 0.7942  R1 0.0000
[epoch 093] 28.8s
  step   36700  G 0.2526  D 1.9537  Aux 0.7606  GAux 0.7566  R1 0.0000
  step   36800  G 0.2608  D 1.9289  Aux 0.7555  GAux 0.7413  R1 0.0000
  step   36900  G 0.2425  D 1.9405  Aux 0.7702  GAux 0.7334  R1 0.0000
  step   37000  G 0.2215  D 1.9525  Aux 0.7733  GAux 0.7721  R1 0.0000
  diag step   37000  Dreal 0.4535  Dfake -0.2630  Dwrong -1.7498  gap 2.2032  cls_acc 0.719  feat_std 0.447352  ema_div 0.0675  fake_std 0.1601  fake_min -0.6875  fake_max 0.4551
[epoch 094] 29.3s
  step   37100  G 0.2420  D 1.9353  Aux 0.7732  GAux 0.7389  R1 0.0000
  step   37200  G 0.2620  D 1.9304  Aux 0.7618  GAux 0.7407  R1 0.0000
  step   37300  G 0.2641  D 1.9069  Aux 0.7666  GAux 0.7681  R1 0.0000
  step   37400  G 0.2435  D 1.9330  Aux 0.7661  GAux 0.7647  R1 0.0000
[epoch 095] 29.3s
  step   37500  G 0.2362  D 1.8991  Aux 0.7579  GAux 0.7886  R1 0.0000
  diag step   37500  Dreal 0.4251  Dfake -0.1255  Dwrong -2.2905  gap 2.7156  cls_acc 0.828  feat_std 0.467847  ema_div 0.0660  fake_std 0.1598  fake_min -0.7500  fake_max 0.9766
  step   37600  G 0.2527  D 1.9326  Aux 0.7763  GAux 0.7382  R1 0.0000
  step   37700  G 0.2297  D 1.9206  Aux 0.7778  GAux 0.7653  R1 0.0000
  step   37800  G 0.2463  D 1.9059  Aux 0.7705  GAux 0.7424  R1 0.0000
[epoch 096] 29.5s
  step   37900  G 0.2348  D 1.9169  Aux 0.7553  GAux 0.8029  R1 0.0000
  step   38000  G 0.2360  D 1.8794  Aux 0.7730  GAux 0.8051  R1 0.0000
  diag step   38000  Dreal 0.2422  Dfake -0.1954  Dwrong -2.2157  gap 2.4579  cls_acc 0.703  feat_std 0.497539  ema_div 0.0540  fake_std 0.1548  fake_min -0.6719  fake_max 0.7734
  step   38100  G 0.2456  D 1.8877  Aux 0.7724  GAux 0.7823  R1 0.0000
  step   38200  G 0.2253  D 1.8713  Aux 0.7591  GAux 0.8065  R1 0.0000
[epoch 097] 29.8s
  step   38300  G 0.2382  D 1.9397  Aux 0.8064  GAux 0.7868  R1 0.0000
  step   38400  G 0.2521  D 1.9332  Aux 0.7781  GAux 0.7864  R1 0.0000
  step   38500  G 0.2552  D 1.8929  Aux 0.7848  GAux 0.8498  R1 0.0000
  diag step   38500  Dreal 0.1247  Dfake -0.3594  Dwrong -2.7058  gap 2.8305  cls_acc 0.672  feat_std 0.511223  ema_div 0.0331  fake_std 0.1486  fake_min -0.6367  fake_max 0.5820
  step   38600  G 0.2415  D 1.9334  Aux 0.7654  GAux 0.7324  R1 0.0000
[epoch 098] 29.7s
  step   38700  G 0.2344  D 1.9148  Aux 0.7826  GAux 0.8247  R1 0.0000
  step   38800  G 0.2384  D 1.9299  Aux 0.7898  GAux 0.8163  R1 0.0000
  step   38900  G 0.2763  D 1.9242  Aux 0.7891  GAux 0.7894  R1 0.0000
  step   39000  G 0.2299  D 1.9246  Aux 0.7771  GAux 0.7204  R1 0.0000
  diag step   39000  Dreal 0.9636  Dfake -0.0954  Dwrong -2.0661  gap 3.0297  cls_acc 0.703  feat_std 0.478593  ema_div 0.0434  fake_std 0.1484  fake_min -0.5977  fake_max 0.5586
[epoch 099] 29.4s
  step   39100  G 0.2748  D 1.8874  Aux 0.7736  GAux 0.7877  R1 0.0000
  step   39200  G 0.1895  D 1.9211  Aux 0.7840  GAux 0.7616  R1 0.0000
  step   39300  G 0.2517  D 1.8677  Aux 0.7722  GAux 0.8001  R1 0.0000
[epoch 100] 29.6s
  step   39400  G 0.2119  D 1.8878  Aux 0.7641  GAux 0.8357  R1 0.0000
  step   39500  G 0.2361  D 1.8935  Aux 0.7876  GAux 0.8101  R1 0.0000
  diag step   39500  Dreal 0.3583  Dfake -0.1229  Dwrong -2.1489  gap 2.5072  cls_acc 0.688  feat_std 0.507146  ema_div 0.0407  fake_std 0.1497  fake_min -0.6445  fake_max 0.6719
  step   39600  G 0.2239  D 1.8904  Aux 0.7623  GAux 0.8065  R1 0.0000
  step   39700  G 0.2200  D 1.9043  Aux 0.7674  GAux 0.8178  R1 0.0000
[epoch 101] 29.5s
  step   39800  G 0.2280  D 1.9231  Aux 0.7714  GAux 0.7940  R1 0.0000
  step   39900  G 0.2512  D 1.8541  Aux 0.7706  GAux 0.8320  R1 0.0000
  step   40000  G 0.2565  D 1.8940  Aux 0.7890  GAux 0.8179  R1 0.0000
  diag step   40000  Dreal 1.0643  Dfake 0.0261  Dwrong -1.9154  gap 2.9797  cls_acc 0.828  feat_std 0.536243  ema_div 0.0386  fake_std 0.1518  fake_min -0.7500  fake_max 0.8867
  step   40100  G 0.2250  D 1.9349  Aux 0.7845  GAux 0.8215  R1 0.0000
[epoch 102] 29.4s
  step   40200  G 0.2313  D 1.8993  Aux 0.7890  GAux 0.8526  R1 0.0000
  step   40300  G 0.1943  D 1.9546  Aux 0.7905  GAux 0.8704  R1 0.0000
  step   40400  G 0.2674  D 1.9008  Aux 0.7901  GAux 0.8327  R1 0.0000
  step   40500  G 0.2573  D 1.8663  Aux 0.7634  GAux 0.8279  R1 0.0000
  diag step   40500  Dreal 0.8323  Dfake -0.1991  Dwrong -1.5887  gap 2.4210  cls_acc 0.750  feat_std 0.480900  ema_div 0.0400  fake_std 0.1475  fake_min -0.6875  fake_max 0.7969
[epoch 103] 29.5s
  step   40600  G 0.2427  D 1.9506  Aux 0.7863  GAux 0.8302  R1 0.0000
  step   40700  G 0.2307  D 1.8813  Aux 0.7637  GAux 0.8166  R1 0.0000
  step   40800  G 0.2370  D 1.8967  Aux 0.7873  GAux 0.8498  R1 0.0000
  step   40900  G 0.2692  D 1.8730  Aux 0.7660  GAux 0.7794  R1 0.0000
[epoch 104] 27.7s
  step   41000  G 0.2273  D 1.8723  Aux 0.7782  GAux 0.9119  R1 0.0000
  diag step   41000  Dreal 1.0834  Dfake -0.1949  Dwrong -2.5179  gap 3.6013  cls_acc 0.797  feat_std 0.580841  ema_div 0.0309  fake_std 0.1580  fake_min -0.6484  fake_max 0.9258
  step   41100  G 0.2385  D 1.8937  Aux 0.7647  GAux 0.8555  R1 0.0000
  step   41200  G 0.2107  D 1.9157  Aux 0.7726  GAux 0.8412  R1 0.0000
  step   41300  G 0.2416  D 1.9327  Aux 0.7751  GAux 0.8395  R1 0.0000
[epoch 105] 26.5s
  step   41400  G 0.2978  D 1.8941  Aux 0.7872  GAux 0.8032  R1 0.0000
  step   41500  G 0.2447  D 1.9031  Aux 0.7799  GAux 0.8032  R1 0.0000
  diag step   41500  Dreal 0.6200  Dfake -0.1782  Dwrong -1.8031  gap 2.4231  cls_acc 0.703  feat_std 0.504243  ema_div 0.0494  fake_std 0.1430  fake_min -0.7617  fake_max 0.9492
  step   41600  G 0.2302  D 1.8864  Aux 0.7624  GAux 0.8290  R1 0.0000
  step   41700  G 0.2168  D 1.9340  Aux 0.7769  GAux 0.8321  R1 0.0000
[epoch 106] 26.6s
  step   41800  G 0.2435  D 1.9329  Aux 0.7775  GAux 0.8054  R1 0.0000
  step   41900  G 0.2442  D 1.8748  Aux 0.7500  GAux 0.7735  R1 0.0000
  step   42000  G 0.2223  D 1.9143  Aux 0.7899  GAux 0.7816  R1 0.0000
  diag step   42000  Dreal 0.7810  Dfake -0.1192  Dwrong -2.0897  gap 2.8708  cls_acc 0.766  feat_std 0.517111  ema_div 0.0324  fake_std 0.1313  fake_min -0.5977  fake_max 0.5234
  step   42100  G 0.2397  D 1.8820  Aux 0.7710  GAux 0.8461  R1 0.0000
[epoch 107] 28.6s
  step   42200  G 0.2295  D 1.8898  Aux 0.7681  GAux 0.8343  R1 0.0000
  step   42300  G 0.2168  D 1.8860  Aux 0.7597  GAux 0.8399  R1 0.0000
  step   42400  G 0.2303  D 1.8798  Aux 0.7724  GAux 0.8151  R1 0.0000
  step   42500  G 0.2232  D 1.9421  Aux 0.7832  GAux 0.8363  R1 0.0000
  diag step   42500  Dreal 0.7337  Dfake -0.0089  Dwrong -2.0641  gap 2.7978  cls_acc 0.812  feat_std 0.519206  ema_div 0.0396  fake_std 0.1570  fake_min -0.6797  fake_max 0.4902
[epoch 108] 28.6s
  step   42600  G 0.2420  D 1.9094  Aux 0.7780  GAux 0.8054  R1 0.0000
  step   42700  G 0.2290  D 1.9197  Aux 0.7817  GAux 0.8125  R1 0.0000
  step   42800  G 0.2471  D 1.8847  Aux 0.7629  GAux 0.8325  R1 0.0000
  step   42900  G 0.2264  D 1.8907  Aux 0.7694  GAux 0.8003  R1 0.0000
[epoch 109] 29.5s
  step   43000  G 0.2026  D 1.9004  Aux 0.7695  GAux 0.8137  R1 0.0000
  diag step   43000  Dreal 1.0111  Dfake -0.0260  Dwrong -1.9327  gap 2.9438  cls_acc 0.797  feat_std 0.484011  ema_div 0.0396  fake_std 0.1536  fake_min -0.7266  fake_max 0.4375
  step   43100  G 0.2497  D 1.8954  Aux 0.7634  GAux 0.8142  R1 0.0000
  step   43200  G 0.2439  D 1.8877  Aux 0.7627  GAux 0.8626  R1 0.0000
[epoch 110] 30.1s
  step   43300  G 0.2593  D 1.8472  Aux 0.7672  GAux 0.8290  R1 0.0000
  step   43400  G 0.2207  D 1.8828  Aux 0.7586  GAux 0.8514  R1 0.0000
  step   43500  G 0.2291  D 1.8969  Aux 0.7750  GAux 0.8191  R1 0.0000
  diag step   43500  Dreal 0.5586  Dfake -0.1019  Dwrong -1.9180  gap 2.4766  cls_acc 0.719  feat_std 0.444328  ema_div 0.0301  fake_std 0.1520  fake_min -0.6992  fake_max 0.6875
  step   43600  G 0.2031  D 1.8948  Aux 0.7720  GAux 0.7843  R1 0.0000
[epoch 111] 29.9s
  step   43700  G 0.2768  D 1.8957  Aux 0.7559  GAux 0.8103  R1 0.0000
  step   43800  G 0.2286  D 1.8847  Aux 0.7623  GAux 0.8277  R1 0.0000
  step   43900  G 0.2245  D 1.8927  Aux 0.7570  GAux 0.8198  R1 0.0000
  step   44000  G 0.2376  D 1.8756  Aux 0.7680  GAux 0.8499  R1 0.0000
  diag step   44000  Dreal 0.9727  Dfake -0.0200  Dwrong -2.1511  gap 3.1238  cls_acc 0.766  feat_std 0.545186  ema_div 0.0357  fake_std 0.1393  fake_min -0.5977  fake_max 0.4043
[epoch 112] 30.2s
  step   44100  G 0.2331  D 1.8695  Aux 0.7895  GAux 0.8238  R1 0.0000
  step   44200  G 0.2340  D 1.8962  Aux 0.7684  GAux 0.8158  R1 0.0000
  step   44300  G 0.2254  D 1.8761  Aux 0.7689  GAux 0.8557  R1 0.0000
  step   44400  G 0.2376  D 1.8743  Aux 0.7603  GAux 0.7916  R1 0.0000
[epoch 113] 29.5s
  step   44500  G 0.2271  D 1.9319  Aux 0.8044  GAux 0.8563  R1 0.0000
  diag step   44500  Dreal 0.4785  Dfake -0.2637  Dwrong -1.7204  gap 2.1988  cls_acc 0.703  feat_std 0.466899  ema_div 0.0375  fake_std 0.1489  fake_min -0.5391  fake_max 0.4805
  step   44600  G 0.2282  D 1.8834  Aux 0.7609  GAux 0.8377  R1 0.0000
  step   44700  G 0.2387  D 1.8491  Aux 0.7388  GAux 0.8129  R1 0.0000
  step   44800  G 0.2278  D 1.9058  Aux 0.7756  GAux 0.8274  R1 0.0000
[epoch 114] 29.2s
  step   44900  G 0.2665  D 1.8369  Aux 0.7372  GAux 0.8467  R1 0.0000
  step   45000  G 0.2593  D 1.8585  Aux 0.7724  GAux 0.8484  R1 0.0000
  diag step   45000  Dreal 0.6316  Dfake -0.1082  Dwrong -1.7219  gap 2.3535  cls_acc 0.703  feat_std 0.505983  ema_div 0.0331  fake_std 0.1285  fake_min -0.5469  fake_max 0.4434
  step   45100  G 0.2187  D 1.8568  Aux 0.7636  GAux 0.8302  R1 0.0000
  step   45200  G 0.2392  D 1.8577  Aux 0.7583  GAux 0.8399  R1 0.0000
[epoch 115] 29.4s
  step   45300  G 0.2047  D 1.8907  Aux 0.7865  GAux 0.8608  R1 0.0000
  step   45400  G 0.2300  D 1.8694  Aux 0.7584  GAux 0.8527  R1 0.0000
  step   45500  G 0.2222  D 1.9152  Aux 0.7749  GAux 0.8011  R1 0.0000
  diag step   45500  Dreal 0.4904  Dfake -0.1993  Dwrong -1.7079  gap 2.1984  cls_acc 0.750  feat_std 0.517004  ema_div 0.0301  fake_std 0.1263  fake_min -0.5586  fake_max 0.4141
  step   45600  G 0.2523  D 1.8497  Aux 0.7702  GAux 0.8636  R1 0.0000
[epoch 116] 29.3s
  step   45700  G 0.2283  D 1.8793  Aux 0.7776  GAux 0.8746  R1 0.0000
  step   45800  G 0.2162  D 1.9107  Aux 0.7765  GAux 0.8151  R1 0.0000
  step   45900  G 0.2225  D 1.8937  Aux 0.7742  GAux 0.8178  R1 0.0000
  step   46000  G 0.2216  D 1.9101  Aux 0.7669  GAux 0.8211  R1 0.0000
  diag step   46000  Dreal 0.5608  Dfake -0.1074  Dwrong -1.6794  gap 2.2403  cls_acc 0.812  feat_std 0.444199  ema_div 0.0331  fake_std 0.1340  fake_min -0.6641  fake_max 0.6953
[epoch 117] 29.6s
  step   46100  G 0.2621  D 1.8737  Aux 0.7738  GAux 0.8312  R1 0.0000
  step   46200  G 0.2261  D 1.8839  Aux 0.7612  GAux 0.8052  R1 0.0000
  step   46300  G 0.2445  D 1.8989  Aux 0.7741  GAux 0.8239  R1 0.0000
  step   46400  G 0.2183  D 1.8856  Aux 0.7531  GAux 0.8101  R1 0.0000
[epoch 118] 29.3s
  step   46500  G 0.2372  D 1.8618  Aux 0.7450  GAux 0.8519  R1 0.0000
  diag step   46500  Dreal 0.8115  Dfake -0.1146  Dwrong -2.0184  gap 2.8299  cls_acc 0.703  feat_std 0.506533  ema_div 0.0322  fake_std 0.1576  fake_min -0.6367  fake_max 0.6055
  step   46600  G 0.2334  D 1.8946  Aux 0.7712  GAux 0.8219  R1 0.0000
  step   46700  G 0.2361  D 1.8998  Aux 0.7897  GAux 0.8540  R1 0.0000
  step   46800  G 0.2137  D 1.9242  Aux 0.7703  GAux 0.8021  R1 0.0000
[epoch 119] 29.7s
  step   46900  G 0.2148  D 1.9269  Aux 0.7774  GAux 0.8443  R1 0.0000
  step   47000  G 0.2179  D 1.9231  Aux 0.7586  GAux 0.7807  R1 0.0000
  diag step   47000  Dreal 0.5784  Dfake -0.1383  Dwrong -1.9071  gap 2.4855  cls_acc 0.766  feat_std 0.570751  ema_div 0.0335  fake_std 0.1588  fake_min -0.6680  fake_max 0.4297
  step   47100  G 0.2369  D 1.8974  Aux 0.7763  GAux 0.8481  R1 0.0000
[epoch 120] 30.0s
  step   47200  G 0.2241  D 1.9128  Aux 0.7646  GAux 0.8403  R1 0.0000
  step   47300  G 0.2645  D 1.8813  Aux 0.7662  GAux 0.8666  R1 0.0000
  step   47400  G 0.2501  D 1.8585  Aux 0.7764  GAux 0.8042  R1 0.0000
  step   47500  G 0.2318  D 1.8796  Aux 0.7575  GAux 0.8531  R1 0.0000
  diag step   47500  Dreal 0.9625  Dfake -0.0507  Dwrong -1.9298  gap 2.8922  cls_acc 0.734  feat_std 0.529788  ema_div 0.0303  fake_std 0.1430  fake_min -0.5469  fake_max 0.4512
[epoch 121] 30.0s
  step   47600  G 0.2196  D 1.9109  Aux 0.7687  GAux 0.8449  R1 0.0000
  step   47700  G 0.2466  D 1.8928  Aux 0.7739  GAux 0.8280  R1 0.0000
  step   47800  G 0.2258  D 1.8899  Aux 0.7823  GAux 0.8426  R1 0.0000
  step   47900  G 0.2786  D 1.8897  Aux 0.7825  GAux 0.8257  R1 0.0000
[epoch 122] 29.4s
  step   48000  G 0.2432  D 1.8328  Aux 0.7623  GAux 0.8763  R1 0.0000
  diag step   48000  Dreal 0.6378  Dfake -0.1207  Dwrong -2.1500  gap 2.7877  cls_acc 0.797  feat_std 0.515933  ema_div 0.0313  fake_std 0.1404  fake_min -0.5820  fake_max 0.3945
  step   48100  G 0.2509  D 1.8495  Aux 0.7772  GAux 0.8812  R1 0.0000
  step   48200  G 0.2250  D 1.8930  Aux 0.7802  GAux 0.8186  R1 0.0000
  step   48300  G 0.2915  D 1.8263  Aux 0.7617  GAux 0.8627  R1 0.0000
[epoch 123] 29.4s
  step   48400  G 0.2385  D 1.8628  Aux 0.7609  GAux 0.8426  R1 0.0000
  step   48500  G 0.2194  D 1.9061  Aux 0.7693  GAux 0.8249  R1 0.0000
  diag step   48500  Dreal 0.7509  Dfake 0.0470  Dwrong -1.7425  gap 2.4934  cls_acc 0.719  feat_std 0.481936  ema_div 0.0240  fake_std 0.1481  fake_min -0.5391  fake_max 0.4219
  step   48600  G 0.2445  D 1.8475  Aux 0.7678  GAux 0.8655  R1 0.0000
  step   48700  G 0.2577  D 1.8482  Aux 0.7587  GAux 0.8589  R1 0.0000
[epoch 124] 29.5s
  step   48800  G 0.2313  D 1.8752  Aux 0.7608  GAux 0.8572  R1 0.0000
  step   48900  G 0.2277  D 1.8651  Aux 0.7543  GAux 0.8505  R1 0.0000
  step   49000  G 0.2521  D 1.8905  Aux 0.7915  GAux 0.8676  R1 0.0000
  diag step   49000  Dreal 0.8434  Dfake -0.1591  Dwrong -2.2414  gap 3.0848  cls_acc 0.688  feat_std 0.559111  ema_div 0.0225  fake_std 0.1295  fake_min -0.4551  fake_max 0.4082
  step   49100  G 0.2456  D 1.8585  Aux 0.7817  GAux 0.8844  R1 0.0000
[epoch 125] 29.4s
  step   49200  G 0.2511  D 1.8566  Aux 0.7766  GAux 0.8273  R1 0.0000
  step   49300  G 0.2406  D 1.8702  Aux 0.7647  GAux 0.8747  R1 0.0000
  step   49400  G 0.2214  D 1.8959  Aux 0.7839  GAux 0.8409  R1 0.0000
  step   49500  G 0.2545  D 1.8629  Aux 0.7608  GAux 0.8910  R1 0.0000
  diag step   49500  Dreal 0.7087  Dfake -0.1657  Dwrong -1.8119  gap 2.5206  cls_acc 0.656  feat_std 0.536186  ema_div 0.0166  fake_std 0.1338  fake_min -0.4316  fake_max 0.4395
[epoch 126] 29.6s
  step   49600  G 0.2464  D 1.8393  Aux 0.7553  GAux 0.8562  R1 0.0000
  step   49700  G 0.2446  D 1.8460  Aux 0.7541  GAux 0.8319  R1 0.0000
  step   49800  G 0.2345  D 1.8979  Aux 0.7836  GAux 0.8790  R1 0.0000
  step   49900  G 0.2322  D 1.8561  Aux 0.7737  GAux 0.9127  R1 0.0000
[epoch 127] 30.1s
  step   50000  G 0.2490  D 1.8723  Aux 0.7456  GAux 0.8434  R1 0.0000
  diag step   50000  Dreal 0.6484  Dfake -0.2378  Dwrong -2.1236  gap 2.7721  cls_acc 0.828  feat_std 0.534685  ema_div 0.0185  fake_std 0.1443  fake_min -0.4336  fake_max 0.3809
  step   50100  G 0.2291  D 1.8623  Aux 0.7697  GAux 0.8487  R1 0.0000
  step   50200  G 0.2609  D 1.8851  Aux 0.7877  GAux 0.8561  R1 0.0000
  step   50300  G 0.2874  D 1.8477  Aux 0.7827  GAux 0.9210  R1 0.0000
[epoch 128] 29.8s
  step   50400  G 0.2286  D 1.8635  Aux 0.7680  GAux 0.8586  R1 0.0000
  step   50500  G 0.2386  D 1.8687  Aux 0.7774  GAux 0.8651  R1 0.0000
  diag step   50500  Dreal 1.1198  Dfake -0.1023  Dwrong -2.3283  gap 3.4482  cls_acc 0.703  feat_std 0.632058  ema_div 0.0149  fake_std 0.1324  fake_min -0.5391  fake_max 0.3691
  step   50600  G 0.2739  D 1.8392  Aux 0.7756  GAux 0.8570  R1 0.0000
  step   50700  G 0.2633  D 1.8560  Aux 0.7927  GAux 0.9635  R1 0.0000
[epoch 129] 29.6s
  step   50800  G 0.2251  D 1.8432  Aux 0.7753  GAux 0.8836  R1 0.0000
  step   50900  G 0.2552  D 1.8745  Aux 0.7916  GAux 0.8685  R1 0.0000
  step   51000  G 0.2838  D 1.8534  Aux 0.7889  GAux 0.8552  R1 0.0000
  diag step   51000  Dreal 1.0863  Dfake -0.0325  Dwrong -1.9116  gap 2.9979  cls_acc 0.781  feat_std 0.610329  ema_div 0.0144  fake_std 0.1261  fake_min -0.5117  fake_max 0.3027
[epoch 130] 29.8s
  step   51100  G 0.2586  D 1.8657  Aux 0.7704  GAux 0.8440  R1 0.0000
  step   51200  G 0.2641  D 1.8745  Aux 0.8033  GAux 0.9116  R1 0.0000
  step   51300  G 0.2614  D 1.8536  Aux 0.7722  GAux 0.8918  R1 0.0000
  step   51400  G 0.2192  D 1.8775  Aux 0.7692  GAux 0.8135  R1 0.0000
[epoch 131] 29.3s
  step   51500  G 0.2276  D 1.9012  Aux 0.7681  GAux 0.8360  R1 0.0000
  diag step   51500  Dreal 0.9925  Dfake -0.0201  Dwrong -1.7626  gap 2.7551  cls_acc 0.766  feat_std 0.561842  ema_div 0.0116  fake_std 0.1414  fake_min -0.5312  fake_max 0.3516
  step   51600  G 0.2349  D 1.8844  Aux 0.7685  GAux 0.8354  R1 0.0000
  step   51700  G 0.2926  D 1.8117  Aux 0.7672  GAux 0.9141  R1 0.0000
  step   51800  G 0.2304  D 1.8881  Aux 0.7806  GAux 0.8190  R1 0.0000
[epoch 132] 29.5s
  step   51900  G 0.2360  D 1.8488  Aux 0.7731  GAux 0.8705  R1 0.0000
  step   52000  G 0.2425  D 1.8889  Aux 0.7725  GAux 0.8489  R1 0.0000
  diag step   52000  Dreal 0.5970  Dfake -0.1119  Dwrong -1.9775  gap 2.5745  cls_acc 0.781  feat_std 0.542610  ema_div 0.0123  fake_std 0.1357  fake_min -0.5234  fake_max 0.3477
  step   52100  G 0.2458  D 1.8980  Aux 0.7903  GAux 0.8579  R1 0.0000
  step   52200  G 0.2518  D 1.8877  Aux 0.7879  GAux 0.8683  R1 0.0000
[epoch 133] 29.8s
  step   52300  G 0.2463  D 1.8860  Aux 0.7709  GAux 0.8640  R1 0.0000
  step   52400  G 0.2456  D 1.8506  Aux 0.7806  GAux 0.9127  R1 0.0000
  step   52500  G 0.2256  D 1.8861  Aux 0.8011  GAux 0.8928  R1 0.0000
  diag step   52500  Dreal 0.5143  Dfake -0.1254  Dwrong -2.3096  gap 2.8239  cls_acc 0.766  feat_std 0.507436  ema_div 0.0138  fake_std 0.1182  fake_min -0.4492  fake_max 0.5195
  step   52600  G 0.2245  D 1.9192  Aux 0.7941  GAux 0.7980  R1 0.0000
[epoch 134] 29.5s
  step   52700  G 0.2575  D 1.8914  Aux 0.7845  GAux 0.8678  R1 0.0000
  step   52800  G 0.2763  D 1.8241  Aux 0.7674  GAux 0.8964  R1 0.0000
  step   52900  G 0.2247  D 1.8872  Aux 0.7894  GAux 0.8715  R1 0.0000
  step   53000  G 0.2328  D 1.8852  Aux 0.7885  GAux 0.8741  R1 0.0000
  diag step   53000  Dreal 0.6077  Dfake -0.1023  Dwrong -2.3317  gap 2.9394  cls_acc 0.750  feat_std 0.627630  ema_div 0.0129  fake_std 0.1104  fake_min -0.5312  fake_max 0.3555
[epoch 135] 29.2s
  step   53100  G 0.2436  D 1.8962  Aux 0.7830  GAux 0.8726  R1 0.0000
  step   53200  G 0.2501  D 1.9136  Aux 0.7846  GAux 0.8695  R1 0.0000
  step   53300  G 0.2467  D 1.9064  Aux 0.7917  GAux 0.8311  R1 0.0000
  step   53400  G 0.2475  D 1.8572  Aux 0.7701  GAux 0.8694  R1 0.0000
[epoch 136] 29.7s
  step   53500  G 0.2012  D 1.9182  Aux 0.7595  GAux 0.8365  R1 0.0000
  diag step   53500  Dreal 0.4076  Dfake -0.2642  Dwrong -2.2105  gap 2.6181  cls_acc 0.734  feat_std 0.504605  ema_div 0.0135  fake_std 0.1368  fake_min -0.4922  fake_max 0.3594
  step   53600  G 0.2690  D 1.8382  Aux 0.7636  GAux 0.8371  R1 0.0000
  step   53700  G 0.2827  D 1.8895  Aux 0.8025  GAux 0.8844  R1 0.0000
  step   53800  G 0.2456  D 1.8917  Aux 0.7836  GAux 0.8661  R1 0.0000
[epoch 137] 29.8s
  step   53900  G 0.2516  D 1.8628  Aux 0.7767  GAux 0.8666  R1 0.0000
  step   54000  G 0.2418  D 1.8599  Aux 0.7900  GAux 0.8603  R1 0.0000
  diag step   54000  Dreal 1.2353  Dfake -0.0013  Dwrong -1.9133  gap 3.1486  cls_acc 0.766  feat_std 0.626032  ema_div 0.0109  fake_std 0.1200  fake_min -0.5117  fake_max 0.2930
  step   54100  G 0.2416  D 1.8822  Aux 0.7677  GAux 0.8701  R1 0.0000
  step   54200  G 0.2325  D 1.8795  Aux 0.7922  GAux 0.8810  R1 0.0000
[epoch 138] 29.8s
  step   54300  G 0.2339  D 1.8881  Aux 0.7964  GAux 0.8307  R1 0.0000
  step   54400  G 0.2238  D 1.9127  Aux 0.7888  GAux 0.8135  R1 0.0000
  step   54500  G 0.2423  D 1.8834  Aux 0.7615  GAux 0.8253  R1 0.0000
  diag step   54500  Dreal 0.7575  Dfake -0.2015  Dwrong -2.2165  gap 2.9740  cls_acc 0.797  feat_std 0.567921  ema_div 0.0135  fake_std 0.1343  fake_min -0.5781  fake_max 0.4629
  step   54600  G 0.2525  D 1.8597  Aux 0.7749  GAux 0.8146  R1 0.0000
[epoch 139] 29.8s
  step   54700  G 0.2462  D 1.8873  Aux 0.7866  GAux 0.8347  R1 0.0000
  step   54800  G 0.2340  D 1.9058  Aux 0.7716  GAux 0.8590  R1 0.0000
  step   54900  G 0.2844  D 1.8665  Aux 0.7915  GAux 0.8768  R1 0.0000
[epoch 140] 29.9s
  step   55000  G 0.2312  D 1.8866  Aux 0.8011  GAux 0.9363  R1 0.0000
  diag step   55000  Dreal 0.3942  Dfake -0.2251  Dwrong -2.2202  gap 2.6144  cls_acc 0.703  feat_std 0.506171  ema_div 0.0131  fake_std 0.1416  fake_min -0.5273  fake_max 0.4277
  step   55100  G 0.2216  D 1.8846  Aux 0.7967  GAux 0.8617  R1 0.0000
  step   55200  G 0.2701  D 1.8640  Aux 0.7846  GAux 0.8470  R1 0.0000
  step   55300  G 0.2268  D 1.8857  Aux 0.7882  GAux 0.8743  R1 0.0000
[epoch 141] 30.0s
  step   55400  G 0.2647  D 1.9065  Aux 0.7929  GAux 0.8832  R1 0.0000
  step   55500  G 0.2397  D 1.9226  Aux 0.7814  GAux 0.8317  R1 0.0000
  diag step   55500  Dreal 0.8158  Dfake -0.2299  Dwrong -2.2360  gap 3.0518  cls_acc 0.859  feat_std 0.636406  ema_div 0.0141  fake_std 0.1420  fake_min -0.6797  fake_max 0.4141
  step   55600  G 0.2469  D 1.8769  Aux 0.7935  GAux 0.8697  R1 0.0000
  step   55700  G 0.2476  D 1.9049  Aux 0.7901  GAux 0.8551  R1 0.0000
[epoch 142] 29.6s
  step   55800  G 0.2497  D 1.8435  Aux 0.7839  GAux 0.8191  R1 0.0000
  step   55900  G 0.2368  D 1.8917  Aux 0.7904  GAux 0.8797  R1 0.0000
  step   56000  G 0.2727  D 1.8841  Aux 0.7789  GAux 0.8276  R1 0.0000
  diag step   56000  Dreal 0.8629  Dfake -0.1076  Dwrong -1.9589  gap 2.8217  cls_acc 0.797  feat_std 0.602877  ema_div 0.0147  fake_std 0.1260  fake_min -0.4688  fake_max 0.4766
  step   56100  G 0.2376  D 1.9148  Aux 0.7869  GAux 0.8262  R1 0.0000
[epoch 143] 30.3s
  step   56200  G 0.2061  D 1.9009  Aux 0.7739  GAux 0.8118  R1 0.0000
  step   56300  G 0.2275  D 1.8432  Aux 0.7703  GAux 0.8857  R1 0.0000
  step   56400  G 0.2734  D 1.8477  Aux 0.7810  GAux 0.9127  R1 0.0000
  step   56500  G 0.2020  D 1.9226  Aux 0.7914  GAux 0.8567  R1 0.0000
  diag step   56500  Dreal 0.6515  Dfake -0.2484  Dwrong -2.6962  gap 3.3477  cls_acc 0.828  feat_std 0.603851  ema_div 0.0124  fake_std 0.1266  fake_min -0.5273  fake_max 0.4043
[epoch 144] 30.5s
  step   56600  G 0.2325  D 1.9362  Aux 0.7803  GAux 0.8271  R1 0.0000
  step   56700  G 0.2737  D 1.9237  Aux 0.8124  GAux 0.8995  R1 0.0000
  step   56800  G 0.2190  D 1.9180  Aux 0.8007  GAux 0.8150  R1 0.0000
  step   56900  G 0.2515  D 1.9095  Aux 0.7919  GAux 0.8219  R1 0.0000
[epoch 145] 29.6s
  step   57000  G 0.2616  D 1.8764  Aux 0.7767  GAux 0.8856  R1 0.0000
  diag step   57000  Dreal 0.4844  Dfake -0.0733  Dwrong -1.9062  gap 2.3907  cls_acc 0.719  feat_std 0.492681  ema_div 0.0121  fake_std 0.1110  fake_min -0.5312  fake_max 0.3340
  step   57100  G 0.2518  D 1.9138  Aux 0.7846  GAux 0.8444  R1 0.0000
  step   57200  G 0.2369  D 1.9493  Aux 0.7906  GAux 0.8337  R1 0.0000
  step   57300  G 0.2492  D 1.9015  Aux 0.7855  GAux 0.8132  R1 0.0000
[epoch 146] 30.0s
  step   57400  G 0.2447  D 1.9375  Aux 0.7818  GAux 0.8468  R1 0.0000
  step   57500  G 0.2560  D 1.8770  Aux 0.7808  GAux 0.7748  R1 0.0000
  diag step   57500  Dreal 0.9280  Dfake -0.0095  Dwrong -2.2311  gap 3.1591  cls_acc 0.703  feat_std 0.573371  ema_div 0.0120  fake_std 0.1281  fake_min -0.5781  fake_max 0.3672
  step   57600  G 0.2657  D 1.8865  Aux 0.7941  GAux 0.8759  R1 0.0000
  step   57700  G 0.2346  D 1.9099  Aux 0.8040  GAux 0.8429  R1 0.0000
[epoch 147] 31.5s
  step   57800  G 0.2684  D 1.9161  Aux 0.7942  GAux 0.8473  R1 0.0000
  step   57900  G 0.2401  D 1.9447  Aux 0.8057  GAux 0.8171  R1 0.0000
  step   58000  G 0.2320  D 1.9137  Aux 0.7816  GAux 0.8336  R1 0.0000
  diag step   58000  Dreal 0.6815  Dfake -0.1312  Dwrong -1.8202  gap 2.5017  cls_acc 0.750  feat_std 0.578079  ema_div 0.0123  fake_std 0.1246  fake_min -0.4707  fake_max 0.4043
  step   58100  G 0.2748  D 1.8983  Aux 0.8097  GAux 0.8593  R1 0.0000
[epoch 148] 30.6s
  step   58200  G 0.2032  D 1.9264  Aux 0.7847  GAux 0.8203  R1 0.0000
  step   58300  G 0.2392  D 1.8827  Aux 0.7726  GAux 0.8212  R1 0.0000
  step   58400  G 0.2511  D 1.9072  Aux 0.8044  GAux 0.8993  R1 0.0000
  step   58500  G 0.2247  D 1.9080  Aux 0.7822  GAux 0.8337  R1 0.0000
  diag step   58500  Dreal 0.7420  Dfake -0.2049  Dwrong -2.0122  gap 2.7542  cls_acc 0.734  feat_std 0.607093  ema_div 0.0126  fake_std 0.1239  fake_min -0.4805  fake_max 0.3262
[epoch 149] 29.4s
  step   58600  G 0.2320  D 1.9120  Aux 0.7987  GAux 0.8950  R1 0.0000
  step   58700  G 0.2194  D 1.9159  Aux 0.8003  GAux 0.8342  R1 0.0000
  step   58800  G 0.2319  D 1.9241  Aux 0.7916  GAux 0.8625  R1 0.0000
[epoch 150] 29.4s
  step   58900  G 0.2502  D 1.8875  Aux 0.7805  GAux 0.8294  R1 0.0000
  step   59000  G 0.2657  D 1.9002  Aux 0.7769  GAux 0.8311  R1 0.0000
  diag step   59000  Dreal 0.1566  Dfake -0.2762  Dwrong -2.8414  gap 2.9980  cls_acc 0.828  feat_std 0.635299  ema_div 0.0120  fake_std 0.1114  fake_min -0.5664  fake_max 0.3984
  step   59100  G 0.2179  D 1.9129  Aux 0.7769  GAux 0.9045  R1 0.0000
  step   59200  G 0.2536  D 1.9057  Aux 0.7810  GAux 0.8039  R1 0.0000
[epoch 151] 28.9s
  step   59300  G 0.2120  D 1.8781  Aux 0.7658  GAux 0.8731  R1 0.0000
  step   59400  G 0.2361  D 1.8759  Aux 0.7710  GAux 0.8858  R1 0.0000
  step   59500  G 0.2441  D 1.8792  Aux 0.7650  GAux 0.8059  R1 0.0000
  diag step   59500  Dreal 1.1035  Dfake -0.0933  Dwrong -2.2428  gap 3.3463  cls_acc 0.750  feat_std 0.591307  ema_div 0.0112  fake_std 0.1121  fake_min -0.4316  fake_max 0.3691
  step   59600  G 0.2393  D 1.9068  Aux 0.7920  GAux 0.8630  R1 0.0000
[epoch 152] 29.4s
  step   59700  G 0.2581  D 1.8788  Aux 0.7863  GAux 0.8991  R1 0.0000
  step   59800  G 0.2343  D 1.8802  Aux 0.7725  GAux 0.8450  R1 0.0000
  step   59900  G 0.2241  D 1.9187  Aux 0.7768  GAux 0.7965  R1 0.0000
  step   60000  G 0.2362  D 1.9013  Aux 0.7812  GAux 0.8526  R1 0.0000
  diag step   60000  Dreal 0.6085  Dfake -0.0292  Dwrong -1.4063  gap 2.0148  cls_acc 0.828  feat_std 0.505361  ema_div 0.0138  fake_std 0.1523  fake_min -0.5703  fake_max 0.4766
[epoch 153] 27.8s
  step   60100  G 0.2425  D 1.9100  Aux 0.7764  GAux 0.8161  R1 0.0000
  step   60200  G 0.2198  D 1.9310  Aux 0.7838  GAux 0.8284  R1 0.0000
  step   60300  G 0.2264  D 1.8597  Aux 0.7776  GAux 0.8027  R1 0.0000
  step   60400  G 0.2471  D 1.8643  Aux 0.7822  GAux 0.8510  R1 0.0000
[epoch 154] 27.5s
  step   60500  G 0.1930  D 1.8853  Aux 0.7671  GAux 0.8719  R1 0.0000
  diag step   60500  Dreal 0.4479  Dfake -0.1060  Dwrong -1.7631  gap 2.2111  cls_acc 0.703  feat_std 0.474241  ema_div 0.0134  fake_std 0.1207  fake_min -0.5078  fake_max 0.4863
  step   60600  G 0.2674  D 1.9115  Aux 0.7822  GAux 0.8021  R1 0.0000
  step   60700  G 0.2398  D 1.9154  Aux 0.8009  GAux 0.8136  R1 0.0000
  step   60800  G 0.2564  D 1.9041  Aux 0.7903  GAux 0.8434  R1 0.0000
[epoch 155] 27.6s
  step   60900  G 0.2299  D 1.9131  Aux 0.7756  GAux 0.8067  R1 0.0000
  step   61000  G 0.2397  D 1.8922  Aux 0.7857  GAux 0.8472  R1 0.0000
  diag step   61000  Dreal 0.9612  Dfake -0.0327  Dwrong -2.0216  gap 2.9828  cls_acc 0.750  feat_std 0.602928  ema_div 0.0122  fake_std 0.1112  fake_min -0.4492  fake_max 0.4238
  step   61100  G 0.2417  D 1.9184  Aux 0.7830  GAux 0.8070  R1 0.0000
  step   61200  G 0.2407  D 1.9011  Aux 0.7687  GAux 0.7953  R1 0.0000
[epoch 156] 28.0s
  step   61300  G 0.2501  D 1.8885  Aux 0.7768  GAux 0.8747  R1 0.0000
  step   61400  G 0.2425  D 1.9055  Aux 0.7762  GAux 0.9023  R1 0.0000
  step   61500  G 0.2682  D 1.9242  Aux 0.7790  GAux 0.7732  R1 0.0000
  diag step   61500  Dreal 1.1380  Dfake -0.2465  Dwrong -2.4818  gap 3.6198  cls_acc 0.797  feat_std 0.658101  ema_div 0.0147  fake_std 0.1555  fake_min -0.6250  fake_max 0.4922
  step   61600  G 0.2389  D 1.9385  Aux 0.7846  GAux 0.8238  R1 0.0000
[epoch 157] 28.4s
  step   61700  G 0.2517  D 1.9125  Aux 0.7898  GAux 0.8069  R1 0.0000
  step   61800  G 0.2552  D 1.8937  Aux 0.7700  GAux 0.7973  R1 0.0000
  step   61900  G 0.2027  D 1.8925  Aux 0.7696  GAux 0.8416  R1 0.0000
  step   62000  G 0.2560  D 1.8797  Aux 0.7732  GAux 0.8302  R1 0.0000
  diag step   62000  Dreal 0.7995  Dfake -0.1300  Dwrong -1.7400  gap 2.5394  cls_acc 0.812  feat_std 0.626529  ema_div 0.0131  fake_std 0.1393  fake_min -0.5508  fake_max 0.4473
[epoch 158] 27.7s
  step   62100  G 0.2588  D 1.8941  Aux 0.7813  GAux 0.8570  R1 0.0000
  step   62200  G 0.2146  D 1.9093  Aux 0.7794  GAux 0.8665  R1 0.0000
  step   62300  G 0.2421  D 1.9129  Aux 0.7902  GAux 0.8663  R1 0.0000
  step   62400  G 0.2487  D 1.8679  Aux 0.7834  GAux 0.8974  R1 0.0000
[epoch 159] 27.5s
  step   62500  G 0.2285  D 1.9152  Aux 0.8045  GAux 0.8308  R1 0.0000
  diag step   62500  Dreal 0.7172  Dfake -0.0037  Dwrong -1.7412  gap 2.4583  cls_acc 0.688  feat_std 0.545713  ema_div 0.0123  fake_std 0.1238  fake_min -0.5977  fake_max 0.4160
  step   62600  G 0.2188  D 1.9452  Aux 0.7993  GAux 0.8386  R1 0.0000
  step   62700  G 0.2203  D 1.9405  Aux 0.7820  GAux 0.7924  R1 0.0000
[epoch 160] 28.7s
  step   62800  G 0.2220  D 1.9225  Aux 0.7936  GAux 0.8201  R1 0.0000
  step   62900  G 0.2319  D 1.9208  Aux 0.7814  GAux 0.8148  R1 0.0000
  step   63000  G 0.2499  D 1.9085  Aux 0.7782  GAux 0.8369  R1 0.0000
  diag step   63000  Dreal 0.5874  Dfake -0.1072  Dwrong -1.8391  gap 2.4265  cls_acc 0.750  feat_std 0.673270  ema_div 0.0120  fake_std 0.1311  fake_min -0.6094  fake_max 0.3691
  step   63100  G 0.2119  D 1.9325  Aux 0.7803  GAux 0.8297  R1 0.0000
[epoch 161] 29.1s
  step   63200  G 0.2359  D 1.9342  Aux 0.7854  GAux 0.7709  R1 0.0000
  step   63300  G 0.2605  D 1.8944  Aux 0.7885  GAux 0.8682  R1 0.0000
  step   63400  G 0.2154  D 1.9384  Aux 0.7961  GAux 0.7969  R1 0.0000
  step   63500  G 0.2638  D 1.9366  Aux 0.7857  GAux 0.7901  R1 0.0000
  diag step   63500  Dreal 0.6152  Dfake -0.0011  Dwrong -2.1494  gap 2.7646  cls_acc 0.719  feat_std 0.579570  ema_div 0.0132  fake_std 0.1234  fake_min -0.5781  fake_max 0.4336
[epoch 162] 29.0s
  step   63600  G 0.2231  D 1.9369  Aux 0.7891  GAux 0.7862  R1 0.0000
  step   63700  G 0.2293  D 1.9160  Aux 0.7971  GAux 0.8187  R1 0.0000
  step   63800  G 0.2501  D 1.9264  Aux 0.7816  GAux 0.7580  R1 0.0000
  step   63900  G 0.2522  D 1.9373  Aux 0.8035  GAux 0.8419  R1 0.0000
[epoch 163] 27.8s
  step   64000  G 0.2075  D 1.8829  Aux 0.7706  GAux 0.8178  R1 0.0000
  diag step   64000  Dreal 0.3819  Dfake -0.1408  Dwrong -2.6031  gap 2.9850  cls_acc 0.812  feat_std 0.571080  ema_div 0.0147  fake_std 0.1377  fake_min -0.5742  fake_max 0.4434
  step   64100  G 0.2359  D 1.9555  Aux 0.8054  GAux 0.7784  R1 0.0000
  step   64200  G 0.2764  D 1.9704  Aux 0.8048  GAux 0.7863  R1 0.0000
  step   64300  G 0.2515  D 1.9440  Aux 0.8061  GAux 0.7932  R1 0.0000
[epoch 164] 27.5s
  step   64400  G 0.2291  D 1.9234  Aux 0.7881  GAux 0.7723  R1 0.0000
  step   64500  G 0.2271  D 1.9435  Aux 0.8001  GAux 0.7760  R1 0.0000
  diag step   64500  Dreal 0.9899  Dfake -0.0502  Dwrong -1.5214  gap 2.5114  cls_acc 0.672  feat_std 0.665733  ema_div 0.0150  fake_std 0.1509  fake_min -0.5586  fake_max 0.4551
  step   64600  G 0.2391  D 1.9293  Aux 0.7780  GAux 0.8076  R1 0.0000
  step   64700  G 0.2210  D 1.9024  Aux 0.7710  GAux 0.8063  R1 0.0000
[epoch 165] 28.4s
  step   64800  G 0.2400  D 1.9342  Aux 0.7965  GAux 0.8220  R1 0.0000
  step   64900  G 0.2549  D 1.9467  Aux 0.7981  GAux 0.8158  R1 0.0000
  step   65000  G 0.2284  D 1.9365  Aux 0.7910  GAux 0.7680  R1 0.0000
  diag step   65000  Dreal 0.2590  Dfake -0.2055  Dwrong -2.4585  gap 2.7175  cls_acc 0.812  feat_std 0.638680  ema_div 0.0139  fake_std 0.1292  fake_min -0.6367  fake_max 0.4453
  step   65100  G 0.2604  D 1.9193  Aux 0.7843  GAux 0.8398  R1 0.0000
[epoch 166] 27.8s
  step   65200  G 0.2130  D 1.9489  Aux 0.7963  GAux 0.8534  R1 0.0000
  step   65300  G 0.2565  D 1.8866  Aux 0.7940  GAux 0.8115  R1 0.0000
  step   65400  G 0.2447  D 1.8996  Aux 0.7570  GAux 0.8096  R1 0.0000
  step   65500  G 0.2320  D 1.9043  Aux 0.7805  GAux 0.7701  R1 0.0000
  diag step   65500  Dreal 0.8808  Dfake -0.1848  Dwrong -1.5779  gap 2.4587  cls_acc 0.797  feat_std 0.599495  ema_div 0.0132  fake_std 0.1588  fake_min -0.6055  fake_max 0.4102
[epoch 167] 27.2s
  step   65600  G 0.2497  D 1.9094  Aux 0.7970  GAux 0.8222  R1 0.0000
  step   65700  G 0.2152  D 1.9052  Aux 0.7681  GAux 0.8093  R1 0.0000
  step   65800  G 0.2370  D 1.9778  Aux 0.8055  GAux 0.8037  R1 0.0000
  step   65900  G 0.2657  D 1.9030  Aux 0.7950  GAux 0.8296  R1 0.0000
[epoch 168] 27.1s
  step   66000  G 0.2232  D 1.9325  Aux 0.7749  GAux 0.7721  R1 0.0000
  diag step   66000  Dreal 0.9713  Dfake -0.0263  Dwrong -1.7189  gap 2.6902  cls_acc 0.734  feat_std 0.684537  ema_div 0.0128  fake_std 0.1213  fake_min -0.4824  fake_max 0.4609
  step   66100  G 0.2191  D 1.9189  Aux 0.7945  GAux 0.8177  R1 0.0000
  step   66200  G 0.2560  D 1.9537  Aux 0.8083  GAux 0.7780  R1 0.0000
  step   66300  G 0.2630  D 1.9030  Aux 0.7837  GAux 0.7693  R1 0.0000
[epoch 169] 27.8s
  step   66400  G 0.2420  D 1.9280  Aux 0.7843  GAux 0.8345  R1 0.0000
  step   66500  G 0.2328  D 1.9006  Aux 0.7622  GAux 0.7852  R1 0.0000
  diag step   66500  Dreal 0.5059  Dfake -0.2379  Dwrong -1.7515  gap 2.2573  cls_acc 0.781  feat_std 0.597737  ema_div 0.0153  fake_std 0.1611  fake_min -0.6289  fake_max 0.5273
  step   66600  G 0.2324  D 1.9232  Aux 0.7907  GAux 0.7891  R1 0.0000
[epoch 170] 30.9s
  step   66700  G 0.2509  D 1.8905  Aux 0.7604  GAux 0.8213  R1 0.0000
  step   66800  G 0.2390  D 1.9113  Aux 0.7763  GAux 0.8000  R1 0.0000
  step   66900  G 0.2540  D 1.9440  Aux 0.8045  GAux 0.8379  R1 0.0000
  step   67000  G 0.2414  D 1.9611  Aux 0.7868  GAux 0.8010  R1 0.0000
  diag step   67000  Dreal 1.0181  Dfake -0.1531  Dwrong -2.3451  gap 3.3632  cls_acc 0.781  feat_std 0.681689  ema_div 0.0135  fake_std 0.1682  fake_min -0.5508  fake_max 0.4336
[epoch 171] 29.3s
  step   67100  G 0.2491  D 1.9520  Aux 0.8002  GAux 0.7896  R1 0.0000
  step   67200  G 0.2530  D 1.9491  Aux 0.8160  GAux 0.8224  R1 0.0000
  step   67300  G 0.2684  D 1.9069  Aux 0.7945  GAux 0.7802  R1 0.0000
  step   67400  G 0.2472  D 1.9673  Aux 0.7863  GAux 0.7768  R1 0.0000
[epoch 172] 28.3s
  step   67500  G 0.2631  D 1.9568  Aux 0.8190  GAux 0.8240  R1 0.0000
  diag step   67500  Dreal 0.5850  Dfake -0.1362  Dwrong -1.9670  gap 2.5520  cls_acc 0.812  feat_std 0.650712  ema_div 0.0136  fake_std 0.1453  fake_min -0.5898  fake_max 0.3574
  step   67600  G 0.2312  D 1.9550  Aux 0.7954  GAux 0.8164  R1 0.0000
  step   67700  G 0.2196  D 1.9722  Aux 0.7933  GAux 0.7577  R1 0.0000
  step   67800  G 0.2685  D 1.9385  Aux 0.7876  GAux 0.7865  R1 0.0000
[epoch 173] 28.0s
  step   67900  G 0.2397  D 1.9356  Aux 0.7814  GAux 0.7798  R1 0.0000
  step   68000  G 0.2320  D 1.9104  Aux 0.7794  GAux 0.8182  R1 0.0000
  diag step   68000  Dreal 0.7676  Dfake -0.1206  Dwrong -2.2532  gap 3.0208  cls_acc 0.859  feat_std 0.698725  ema_div 0.0146  fake_std 0.1317  fake_min -0.5820  fake_max 0.3887
  step   68100  G 0.2474  D 1.9275  Aux 0.8032  GAux 0.8013  R1 0.0000
  step   68200  G 0.2313  D 1.9234  Aux 0.7845  GAux 0.7870  R1 0.0000
[epoch 174] 28.2s
  step   68300  G 0.2405  D 1.9501  Aux 0.7896  GAux 0.7607  R1 0.0000
  step   68400  G 0.2146  D 1.9350  Aux 0.7775  GAux 0.8153  R1 0.0000
  step   68500  G 0.2341  D 1.9454  Aux 0.7878  GAux 0.7621  R1 0.0000
  diag step   68500  Dreal 0.3510  Dfake -0.2076  Dwrong -2.2991  gap 2.6501  cls_acc 0.719  feat_std 0.548702  ema_div 0.0133  fake_std 0.1478  fake_min -0.6250  fake_max 0.4023
  step   68600  G 0.2341  D 1.9179  Aux 0.7882  GAux 0.7734  R1 0.0000
[epoch 175] 29.0s
  step   68700  G 0.2405  D 1.9779  Aux 0.8084  GAux 0.7538  R1 0.0000
  step   68800  G 0.2223  D 1.9759  Aux 0.8093  GAux 0.7900  R1 0.0000
  step   68900  G 0.2598  D 1.9457  Aux 0.7761  GAux 0.8054  R1 0.0000
  step   69000  G 0.2536  D 1.9192  Aux 0.7760  GAux 0.7576  R1 0.0000
  diag step   69000  Dreal 0.8184  Dfake -0.1740  Dwrong -1.7100  gap 2.5284  cls_acc 0.766  feat_std 0.691126  ema_div 0.0144  fake_std 0.1529  fake_min -0.7422  fake_max 0.4375
[epoch 176] 28.0s
  step   69100  G 0.2391  D 1.9217  Aux 0.7708  GAux 0.8018  R1 0.0000
  step   69200  G 0.2396  D 1.9352  Aux 0.7887  GAux 0.7810  R1 0.0000
  step   69300  G 0.2244  D 1.9185  Aux 0.7994  GAux 0.7826  R1 0.0000
  step   69400  G 0.2378  D 1.8713  Aux 0.7663  GAux 0.8495  R1 0.0000
[epoch 177] 27.9s
  step   69500  G 0.1983  D 1.9526  Aux 0.7899  GAux 0.8400  R1 0.0000
  diag step   69500  Dreal 0.8040  Dfake -0.0229  Dwrong -1.5264  gap 2.3304  cls_acc 0.828  feat_std 0.525670  ema_div 0.0126  fake_std 0.1310  fake_min -0.6367  fake_max 0.3613
  step   69600  G 0.2356  D 1.9409  Aux 0.7949  GAux 0.8279  R1 0.0000
  step   69700  G 0.2493  D 1.9350  Aux 0.7749  GAux 0.7680  R1 0.0000
  step   69800  G 0.2397  D 1.9227  Aux 0.7841  GAux 0.7701  R1 0.0000
[epoch 178] 27.6s
  step   69900  G 0.1981  D 1.9611  Aux 0.7843  GAux 0.7357  R1 0.0000
  step   70000  G 0.2525  D 1.9251  Aux 0.7863  GAux 0.7472  R1 0.0000
  diag step   70000  Dreal 0.9213  Dfake 0.0164  Dwrong -1.6791  gap 2.6004  cls_acc 0.750  feat_std 0.592063  ema_div 0.0119  fake_std 0.1384  fake_min -0.5742  fake_max 0.4395
  step   70100  G 0.2190  D 1.9272  Aux 0.7621  GAux 0.7944  R1 0.0000
  step   70200  G 0.2408  D 1.9706  Aux 0.7947  GAux 0.7835  R1 0.0000
[epoch 179] 28.0s
  step   70300  G 0.2529  D 1.9106  Aux 0.7842  GAux 0.7998  R1 0.0000
  step   70400  G 0.2181  D 1.9166  Aux 0.7805  GAux 0.8146  R1 0.0000
  step   70500  G 0.2361  D 1.9355  Aux 0.7837  GAux 0.7573  R1 0.0000
  diag step   70500  Dreal 0.7379  Dfake -0.0776  Dwrong -2.2029  gap 2.9408  cls_acc 0.750  feat_std 0.663313  ema_div 0.0136  fake_std 0.1332  fake_min -0.6719  fake_max 0.3633
[epoch 180] 27.7s
  step   70600  G 0.2307  D 1.9784  Aux 0.7966  GAux 0.7731  R1 0.0000
  step   70700  G 0.2511  D 1.9404  Aux 0.7857  GAux 0.7667  R1 0.0000
  step   70800  G 0.2461  D 1.9508  Aux 0.8082  GAux 0.8012  R1 0.0000
  step   70900  G 0.2247  D 1.9682  Aux 0.7888  GAux 0.7728  R1 0.0000
[epoch 181] 26.9s
  step   71000  G 0.2388  D 1.9513  Aux 0.7791  GAux 0.7412  R1 0.0000
  diag step   71000  Dreal 0.3914  Dfake -0.1394  Dwrong -2.2329  gap 2.6243  cls_acc 0.734  feat_std 0.597470  ema_div 0.0136  fake_std 0.1308  fake_min -0.5664  fake_max 0.4277
  step   71100  G 0.2536  D 1.9256  Aux 0.7846  GAux 0.7837  R1 0.0000
  step   71200  G 0.2173  D 1.9528  Aux 0.7906  GAux 0.8153  R1 0.0000
  step   71300  G 0.2355  D 1.9379  Aux 0.8024  GAux 0.7564  R1 0.0000
[epoch 182] 29.5s
  step   71400  G 0.2226  D 1.9414  Aux 0.7897  GAux 0.8023  R1 0.0000
  step   71500  G 0.2289  D 1.9558  Aux 0.7874  GAux 0.7299  R1 0.0000
  diag step   71500  Dreal 0.5099  Dfake -0.1715  Dwrong -2.5159  gap 3.0258  cls_acc 0.750  feat_std 0.718743  ema_div 0.0136  fake_std 0.1346  fake_min -0.5820  fake_max 0.3574
  step   71600  G 0.2106  D 1.9335  Aux 0.7787  GAux 0.7741  R1 0.0000
  step   71700  G 0.2521  D 1.9768  Aux 0.8026  GAux 0.7685  R1 0.0000
[epoch 183] 29.5s
  step   71800  G 0.2359  D 1.9625  Aux 0.7824  GAux 0.7461  R1 0.0000
  step   71900  G 0.2391  D 1.9285  Aux 0.7780  GAux 0.7799  R1 0.0000
  step   72000  G 0.2168  D 1.9600  Aux 0.7983  GAux 0.7800  R1 0.0000
  diag step   72000  Dreal 0.6978  Dfake -0.1645  Dwrong -2.4851  gap 3.1829  cls_acc 0.750  feat_std 0.666851  ema_div 0.0134  fake_std 0.1259  fake_min -0.5625  fake_max 0.4141
  step   72100  G 0.2506  D 1.9265  Aux 0.7905  GAux 0.7942  R1 0.0000
[epoch 184] 28.4s
  step   72200  G 0.2616  D 1.9477  Aux 0.8046  GAux 0.7683  R1 0.0000
  step   72300  G 0.1842  D 1.9821  Aux 0.8043  GAux 0.7821  R1 0.0000
  step   72400  G 0.2571  D 2.0088  Aux 0.7957  GAux 0.7476  R1 0.0000
  step   72500  G 0.2571  D 1.9352  Aux 0.7910  GAux 0.8042  R1 0.0000
  diag step   72500  Dreal 0.8019  Dfake -0.1462  Dwrong -1.9644  gap 2.7663  cls_acc 0.781  feat_std 0.633214  ema_div 0.0120  fake_std 0.1223  fake_min -0.4473  fake_max 0.4453
[epoch 185] 31.4s
  step   72600  G 0.2248  D 1.9927  Aux 0.7708  GAux 0.6715  R1 0.0000
  step   72700  G 0.2572  D 1.9655  Aux 0.8062  GAux 0.7807  R1 0.0000
  step   72800  G 0.2497  D 1.9361  Aux 0.7647  GAux 0.7228  R1 0.0000
  step   72900  G 0.2444  D 1.9099  Aux 0.7963  GAux 0.7716  R1 0.0000
[epoch 186] 31.1s
  step   73000  G 0.2431  D 1.9494  Aux 0.7786  GAux 0.7494  R1 0.0000
  diag step   73000  Dreal 0.5588  Dfake -0.0347  Dwrong -1.3341  gap 1.8929  cls_acc 0.672  feat_std 0.560449  ema_div 0.0131  fake_std 0.1645  fake_min -0.6484  fake_max 0.4688
  step   73100  G 0.2298  D 1.9067  Aux 0.7664  GAux 0.7499  R1 0.0000
  step   73200  G 0.2180  D 1.9277  Aux 0.7776  GAux 0.7342  R1 0.0000
  step   73300  G 0.2412  D 1.9534  Aux 0.8006  GAux 0.7919  R1 0.0000
[epoch 187] 29.6s
  step   73400  G 0.2600  D 1.9673  Aux 0.7937  GAux 0.8177  R1 0.0000
  step   73500  G 0.2613  D 1.9422  Aux 0.7777  GAux 0.7225  R1 0.0000
  diag step   73500  Dreal 0.9921  Dfake 0.0042  Dwrong -1.7130  gap 2.7052  cls_acc 0.750  feat_std 0.638729  ema_div 0.0125  fake_std 0.1391  fake_min -0.4316  fake_max 0.4902
  step   73600  G 0.2327  D 1.9530  Aux 0.7944  GAux 0.8631  R1 0.0000
  step   73700  G 0.2430  D 1.9587  Aux 0.7827  GAux 0.7692  R1 0.0000
[epoch 188] 29.9s
  step   73800  G 0.2557  D 1.9469  Aux 0.7942  GAux 0.7522  R1 0.0000
  step   73900  G 0.2188  D 1.9239  Aux 0.7732  GAux 0.7347  R1 0.0000
  step   74000  G 0.2290  D 1.9352  Aux 0.7687  GAux 0.7574  R1 0.0000
  diag step   74000  Dreal 0.9363  Dfake -0.0715  Dwrong -2.1833  gap 3.1196  cls_acc 0.719  feat_std 0.710540  ema_div 0.0141  fake_std 0.1546  fake_min -0.6094  fake_max 0.4863
  step   74100  G 0.2619  D 1.9736  Aux 0.8010  GAux 0.8211  R1 0.0000
[epoch 189] 29.5s
  step   74200  G 0.2097  D 1.9859  Aux 0.7953  GAux 0.7329  R1 0.0000
  step   74300  G 0.2523  D 1.9364  Aux 0.7961  GAux 0.7605  R1 0.0000
  step   74400  G 0.2041  D 1.9741  Aux 0.7713  GAux 0.7185  R1 0.0000
[epoch 190] 29.4s
  step   74500  G 0.2476  D 1.9742  Aux 0.7909  GAux 0.7557  R1 0.0000
  diag step   74500  Dreal 0.5066  Dfake -0.1576  Dwrong -1.4495  gap 1.9561  cls_acc 0.781  feat_std 0.580978  ema_div 0.0132  fake_std 0.1769  fake_min -0.8164  fake_max 0.4648
  step   74600  G 0.2320  D 1.9538  Aux 0.7874  GAux 0.7617  R1 0.0000
  step   74700  G 0.2033  D 1.9603  Aux 0.7739  GAux 0.7189  R1 0.0000
  step   74800  G 0.2548  D 1.9269  Aux 0.7952  GAux 0.7658  R1 0.0000
[epoch 191] 29.5s
  step   74900  G 0.2430  D 1.9175  Aux 0.7757  GAux 0.8042  R1 0.0000
  step   75000  G 0.2288  D 1.9385  Aux 0.7681  GAux 0.7053  R1 0.0000
  diag step   75000  Dreal 0.6055  Dfake -0.0489  Dwrong -1.3876  gap 1.9932  cls_acc 0.688  feat_std 0.609650  ema_div 0.0118  fake_std 0.1243  fake_min -0.5312  fake_max 0.4531
  step   75100  G 0.2729  D 1.9361  Aux 0.7656  GAux 0.7466  R1 0.0000
  step   75200  G 0.2247  D 1.9617  Aux 0.7807  GAux 0.7501  R1 0.0000
[epoch 192] 30.3s
  step   75300  G 0.2597  D 1.9580  Aux 0.7858  GAux 0.7860  R1 0.0000
  step   75400  G 0.2322  D 1.9718  Aux 0.7812  GAux 0.7131  R1 0.0000
  step   75500  G 0.2439  D 1.9622  Aux 0.7887  GAux 0.7409  R1 0.0000
  diag step   75500  Dreal 0.7475  Dfake -0.0709  Dwrong -1.6828  gap 2.4303  cls_acc 0.750  feat_std 0.578320  ema_div 0.0132  fake_std 0.1390  fake_min -0.5703  fake_max 0.4219
  step   75600  G 0.2565  D 1.9513  Aux 0.7969  GAux 0.7321  R1 0.0000
[epoch 193] 29.2s
  step   75700  G 0.2125  D 1.9554  Aux 0.7781  GAux 0.7220  R1 0.0000
  step   75800  G 0.2394  D 1.9757  Aux 0.8008  GAux 0.7466  R1 0.0000
  step   75900  G 0.2374  D 1.9552  Aux 0.7752  GAux 0.7015  R1 0.0000
  step   76000  G 0.2321  D 1.9725  Aux 0.7834  GAux 0.7319  R1 0.0000
  diag step   76000  Dreal 0.3750  Dfake -0.1465  Dwrong -1.6531  gap 2.0280  cls_acc 0.688  feat_std 0.697432  ema_div 0.0138  fake_std 0.1365  fake_min -0.6055  fake_max 0.5508
[epoch 194] 29.3s
  step   76100  G 0.2124  D 1.9599  Aux 0.7837  GAux 0.7464  R1 0.0000
  step   76200  G 0.2640  D 1.9373  Aux 0.7810  GAux 0.7513  R1 0.0000
  step   76300  G 0.2195  D 1.9548  Aux 0.7876  GAux 0.7362  R1 0.0000
  step   76400  G 0.2367  D 1.9625  Aux 0.7818  GAux 0.7806  R1 0.0000
[epoch 195] 29.7s
  step   76500  G 0.2196  D 1.9495  Aux 0.7939  GAux 0.7305  R1 0.0000
  diag step   76500  Dreal 0.4093  Dfake -0.0777  Dwrong -1.6922  gap 2.1015  cls_acc 0.766  feat_std 0.608316  ema_div 0.0140  fake_std 0.1369  fake_min -0.5469  fake_max 0.4688
  step   76600  G 0.1991  D 2.0051  Aux 0.7887  GAux 0.7393  R1 0.0000
  step   76700  G 0.2503  D 1.9706  Aux 0.7880  GAux 0.6964  R1 0.0000
  step   76800  G 0.2395  D 1.9710  Aux 0.7853  GAux 0.7063  R1 0.0000
[epoch 196] 29.5s
  step   76900  G 0.2378  D 1.9471  Aux 0.7889  GAux 0.7564  R1 0.0000
  step   77000  G 0.2483  D 1.9748  Aux 0.7898  GAux 0.7540  R1 0.0000
  diag step   77000  Dreal 0.4881  Dfake -0.0803  Dwrong -1.7006  gap 2.1886  cls_acc 0.688  feat_std 0.629355  ema_div 0.0136  fake_std 0.1375  fake_min -0.6055  fake_max 0.4395
  step   77100  G 0.2264  D 1.9803  Aux 0.7923  GAux 0.8132  R1 0.0000
  step   77200  G 0.2396  D 1.9307  Aux 0.7692  GAux 0.7231  R1 0.0000
[epoch 197] 29.4s
  step   77300  G 0.2358  D 1.9677  Aux 0.7762  GAux 0.7550  R1 0.0000
  step   77400  G 0.2435  D 1.9465  Aux 0.7845  GAux 0.7381  R1 0.0000
  step   77500  G 0.2475  D 1.9684  Aux 0.7949  GAux 0.8094  R1 0.0000
  diag step   77500  Dreal 0.7137  Dfake -0.0459  Dwrong -1.7488  gap 2.4626  cls_acc 0.812  feat_std 0.724494  ema_div 0.0124  fake_std 0.1557  fake_min -0.5508  fake_max 0.4316
  step   77600  G 0.2150  D 1.9172  Aux 0.7826  GAux 0.7420  R1 0.0000
[epoch 198] 29.6s
  step   77700  G 0.2408  D 1.9271  Aux 0.7873  GAux 0.7419  R1 0.0000
  step   77800  G 0.2125  D 1.9353  Aux 0.7822  GAux 0.7685  R1 0.0000
  step   77900  G 0.2583  D 1.9342  Aux 0.7803  GAux 0.7347  R1 0.0000
  step   78000  G 0.2251  D 1.9905  Aux 0.7914  GAux 0.7562  R1 0.0000
  diag step   78000  Dreal 0.2970  Dfake -0.1299  Dwrong -1.4614  gap 1.7585  cls_acc 0.719  feat_std 0.536558  ema_div 0.0129  fake_std 0.1506  fake_min -0.6367  fake_max 0.4434
[epoch 199] 29.2s