D:\Study_tasks\NN_Img\GAN_CIFAR\.venv\Lib\site-packages\torchvision\datasets\cifar.py:83: VisibleDeprecationWarning: dtype(): align should be passed as Python or NumPy boolean but got `align=0`. Did you mean to pass a tuple to create a subarray type? (Deprecated NumPy 2.4)
  entry = pickle.load(f, encoding="latin1")
Dataset: CIFAR-10  batches/epoch: 390
z_dim=128  g_base=64  d_base=64
lr_g=0.0002  lr_d=0.0002  d_steps=1  adv_loss=ralsgan  amp=bf16
wrong_label_weight=0.5  aux_loss_weight=0.1  g_aux_loss_weight=0.0
conditional classes=10  max_steps=None
keep_ckpt_every=5000  ckpt_every_epochs=5
ckpt: checkpoints_conditional_v6  samples: samples_conditional_v6
  step     100  G 4.1686  D 1.8216  Aux 2.2174  GAux 2.2559  R1 0.0000
  step     200  G 2.5638  D 1.3410  Aux 2.1001  GAux 2.0927  R1 0.0000
  step     300  G 2.2602  D 1.3961  Aux 2.0448  GAux 1.9888  R1 0.0000
[epoch 000] 44.8s
  step     400  G 1.9413  D 1.4662  Aux 1.9953  GAux 1.9282  R1 0.0000
  step     500  G 1.8471  D 1.4816  Aux 1.9637  GAux 1.8850  R1 0.0000
  diag step     500  Dreal 0.1096  Dfake -0.0332  Dwrong -0.1730  gap 0.2826  cls_acc 0.500  feat_std 0.071483  ema_div 0.4371  fake_std 0.5196  fake_min -1.0000  fake_max 1.0000
  step     600  G 1.7674  D 1.4850  Aux 1.9414  GAux 1.8529  R1 0.0000
  step     700  G 1.8484  D 1.4610  Aux 1.9082  GAux 1.8115  R1 0.0000
[epoch 001] 31.2s
  step     800  G 1.8803  D 1.4238  Aux 1.8602  GAux 1.7638  R1 0.0000
  step     900  G 1.9017  D 1.4039  Aux 1.8222  GAux 1.7144  R1 0.0000
  step    1000  G 1.9208  D 1.3957  Aux 1.7905  GAux 1.6739  R1 0.0000
  diag step    1000  Dreal 0.4995  Dfake 0.0991  Dwrong 0.0058  gap 0.4936  cls_acc 0.484  feat_std 0.109443  ema_div 0.2743  fake_std 0.3422  fake_min -0.9609  fake_max 0.9844
  step    1100  G 1.7568  D 1.4344  Aux 1.7707  GAux 1.6474  R1 0.0000
[epoch 002] 33.2s
  step    1200  G 1.7439  D 1.4313  Aux 1.7490  GAux 1.6232  R1 0.0000
  step    1300  G 1.7172  D 1.4272  Aux 1.7318  GAux 1.6036  R1 0.0000
  step    1400  G 1.7394  D 1.4202  Aux 1.7098  GAux 1.5812  R1 0.0000
  step    1500  G 1.6859  D 1.4139  Aux 1.6854  GAux 1.5463  R1 0.0000
  diag step    1500  Dreal 0.1811  Dfake -0.1733  Dwrong -0.2623  gap 0.4434  cls_acc 0.406  feat_std 0.106965  ema_div 0.2357  fake_std 0.3391  fake_min -0.9336  fake_max 0.9883
[epoch 003] 32.7s
  step    1600  G 1.6882  D 1.4072  Aux 1.6570  GAux 1.5149  R1 0.0000
  step    1700  G 1.7159  D 1.3876  Aux 1.6349  GAux 1.4815  R1 0.0000
  step    1800  G 1.6954  D 1.4069  Aux 1.6268  GAux 1.4741  R1 0.0000
  step    1900  G 1.7185  D 1.3817  Aux 1.6099  GAux 1.4600  R1 0.0000
[epoch 004] 32.3s
  step    2000  G 1.7197  D 1.3779  Aux 1.5838  GAux 1.4236  R1 0.0000
  diag step    2000  Dreal 0.3116  Dfake -0.0227  Dwrong -0.2681  gap 0.5797  cls_acc 0.547  feat_std 0.134071  ema_div 0.2863  fake_std 0.3504  fake_min -0.9570  fake_max 0.9805
  step    2100  G 1.7588  D 1.3599  Aux 1.5729  GAux 1.4159  R1 0.0000
  step    2200  G 1.7540  D 1.3523  Aux 1.5500  GAux 1.3723  R1 0.0000
  step    2300  G 1.7377  D 1.3579  Aux 1.5384  GAux 1.3700  R1 0.0000
[epoch 005] 32.1s
  step    2400  G 1.7664  D 1.3430  Aux 1.5348  GAux 1.3568  R1 0.0000
  step    2500  G 1.7982  D 1.3308  Aux 1.5094  GAux 1.3464  R1 0.0000
  diag step    2500  Dreal 0.1500  Dfake -0.1801  Dwrong -0.4227  gap 0.5727  cls_acc 0.625  feat_std 0.135360  ema_div 0.2814  fake_std 0.3516  fake_min -0.9531  fake_max 0.9805
  step    2600  G 1.7979  D 1.3164  Aux 1.4986  GAux 1.3314  R1 0.0000
  step    2700  G 1.7473  D 1.3291  Aux 1.4868  GAux 1.3060  R1 0.0000
[epoch 006] 31.9s
  step    2800  G 1.8244  D 1.3083  Aux 1.4685  GAux 1.2869  R1 0.0000
  step    2900  G 1.8245  D 1.3055  Aux 1.4563  GAux 1.2798  R1 0.0000
  step    3000  G 1.8018  D 1.3098  Aux 1.4443  GAux 1.2619  R1 0.0000
  diag step    3000  Dreal 0.3712  Dfake 0.0038  Dwrong -0.1544  gap 0.5256  cls_acc 0.344  feat_std 0.149539  ema_div 0.3234  fake_std 0.3942  fake_min -0.9609  fake_max 0.9922
  step    3100  G 1.8138  D 1.3082  Aux 1.4415  GAux 1.2675  R1 0.0000
[epoch 007] 29.9s
  step    3200  G 1.8179  D 1.3014  Aux 1.4248  GAux 1.2431  R1 0.0000
  step    3300  G 1.7838  D 1.2972  Aux 1.4227  GAux 1.2347  R1 0.0000
  step    3400  G 1.8181  D 1.2808  Aux 1.4068  GAux 1.2104  R1 0.0000
  step    3500  G 1.8052  D 1.2950  Aux 1.3948  GAux 1.2063  R1 0.0000
  diag step    3500  Dreal 0.1340  Dfake -0.1043  Dwrong -0.4652  gap 0.5993  cls_acc 0.531  feat_std 0.147399  ema_div 0.3367  fake_std 0.3953  fake_min -0.9688  fake_max 0.9961
[epoch 008] 29.7s
  step    3600  G 1.8077  D 1.2847  Aux 1.3841  GAux 1.2001  R1 0.0000
  step    3700  G 1.8150  D 1.2840  Aux 1.3772  GAux 1.2035  R1 0.0000
  step    3800  G 1.7891  D 1.2849  Aux 1.3775  GAux 1.1909  R1 0.0000
  step    3900  G 1.7941  D 1.2826  Aux 1.3660  GAux 1.1848  R1 0.0000
[epoch 009] 29.9s
  step    4000  G 1.8267  D 1.2610  Aux 1.3467  GAux 1.1586  R1 0.0000
  diag step    4000  Dreal 0.5366  Dfake 0.0327  Dwrong -0.0783  gap 0.6150  cls_acc 0.641  feat_std 0.144288  ema_div 0.3418  fake_std 0.4388  fake_min -0.9805  fake_max 1.0000
  step    4100  G 1.8225  D 1.2661  Aux 1.3374  GAux 1.1497  R1 0.0000
  step    4200  G 1.8105  D 1.2595  Aux 1.3405  GAux 1.1411  R1 0.0000
[epoch 010] 29.7s
  step    4300  G 1.8165  D 1.2676  Aux 1.3264  GAux 1.1334  R1 0.0000
  step    4400  G 1.8632  D 1.2392  Aux 1.3014  GAux 1.1102  R1 0.0000
  step    4500  G 1.8645  D 1.2383  Aux 1.3009  GAux 1.1086  R1 0.0000
  diag step    4500  Dreal 0.4349  Dfake 0.0412  Dwrong -0.1870  gap 0.6219  cls_acc 0.672  feat_std 0.174093  ema_div 0.3554  fake_std 0.4215  fake_min -0.9922  fake_max 0.9688
  step    4600  G 1.8484  D 1.2485  Aux 1.3035  GAux 1.1015  R1 0.0000
[epoch 011] 33.3s
  step    4700  G 1.8618  D 1.2395  Aux 1.2864  GAux 1.0931  R1 0.0000
  step    4800  G 1.8935  D 1.2224  Aux 1.2821  GAux 1.0735  R1 0.0000
  step    4900  G 1.8955  D 1.2215  Aux 1.2723  GAux 1.0805  R1 0.0000
  step    5000  G 1.8612  D 1.2377  Aux 1.2827  GAux 1.0764  R1 0.0000
  diag step    5000  Dreal 0.1324  Dfake -0.1707  Dwrong -0.4041  gap 0.5365  cls_acc 0.672  feat_std 0.147146  ema_div 0.3245  fake_std 0.3685  fake_min -0.9531  fake_max 1.0000
[epoch 012] 32.0s
  step    5100  G 1.8935  D 1.2168  Aux 1.2573  GAux 1.0579  R1 0.0000
  step    5200  G 1.9344  D 1.2009  Aux 1.2443  GAux 1.0547  R1 0.0000
  step    5300  G 1.9098  D 1.2009  Aux 1.2542  GAux 1.0588  R1 0.0000
  step    5400  G 1.9315  D 1.2029  Aux 1.2372  GAux 1.0365  R1 0.0000
[epoch 013] 31.7s
  step    5500  G 1.9208  D 1.1989  Aux 1.2302  GAux 1.0188  R1 0.0000
  diag step    5500  Dreal 0.2988  Dfake -0.0658  Dwrong -0.3857  gap 0.6845  cls_acc 0.703  feat_std 0.186276  ema_div 0.3814  fake_std 0.4311  fake_min -0.9883  fake_max 0.9922
  step    5600  G 1.9479  D 1.1940  Aux 1.2347  GAux 1.0285  R1 0.0000
  step    5700  G 1.9359  D 1.1996  Aux 1.2184  GAux 1.0144  R1 0.0000
  step    5800  G 1.9578  D 1.1914  Aux 1.2166  GAux 1.0086  R1 0.0000
[epoch 014] 30.9s
  step    5900  G 1.9628  D 1.1777  Aux 1.1983  GAux 1.0073  R1 0.0000
  step    6000  G 1.9739  D 1.1660  Aux 1.1913  GAux 1.0007  R1 0.0000
  diag step    6000  Dreal 0.3489  Dfake -0.0469  Dwrong -0.2821  gap 0.6310  cls_acc 0.672  feat_std 0.181771  ema_div 0.3661  fake_std 0.4149  fake_min -0.9805  fake_max 1.0000
  step    6100  G 1.9771  D 1.1723  Aux 1.1883  GAux 0.9865  R1 0.0000
  step    6200  G 1.9758  D 1.1664  Aux 1.1830  GAux 1.0020  R1 0.0000
[epoch 015] 30.9s
  step    6300  G 1.9893  D 1.1564  Aux 1.1785  GAux 0.9607  R1 0.0000
  step    6400  G 1.9690  D 1.1651  Aux 1.1771  GAux 0.9782  R1 0.0000
  step    6500  G 2.0473  D 1.1304  Aux 1.1685  GAux 0.9741  R1 0.0000
  diag step    6500  Dreal 0.1243  Dfake -0.3014  Dwrong -0.5434  gap 0.6677  cls_acc 0.656  feat_std 0.195270  ema_div 0.3947  fake_std 0.4452  fake_min -0.9961  fake_max 1.0000
  step    6600  G 2.0081  D 1.1524  Aux 1.1493  GAux 0.9485  R1 0.0000
[epoch 016] 31.0s
  step    6700  G 2.0308  D 1.1421  Aux 1.1575  GAux 0.9572  R1 0.0000
  step    6800  G 2.0421  D 1.1383  Aux 1.1390  GAux 0.9417  R1 0.0000
  step    6900  G 2.0317  D 1.1432  Aux 1.1485  GAux 0.9445  R1 0.0000
  step    7000  G 2.0429  D 1.1409  Aux 1.1385  GAux 0.9302  R1 0.0000
  diag step    7000  Dreal 0.5640  Dfake 0.1346  Dwrong -0.1736  gap 0.7376  cls_acc 0.578  feat_std 0.205659  ema_div 0.4178  fake_std 0.4237  fake_min -1.0000  fake_max 1.0000
[epoch 017] 31.1s
  step    7100  G 2.0487  D 1.1311  Aux 1.1322  GAux 0.9322  R1 0.0000
  step    7200  G 2.0646  D 1.1272  Aux 1.1301  GAux 0.9252  R1 0.0000
  step    7300  G 2.0535  D 1.1329  Aux 1.1325  GAux 0.9220  R1 0.0000
  step    7400  G 2.0462  D 1.1355  Aux 1.1247  GAux 0.9390  R1 0.0000
[epoch 018] 31.2s
  step    7500  G 2.0754  D 1.1134  Aux 1.1126  GAux 0.9049  R1 0.0000
  diag step    7500  Dreal 0.5432  Dfake 0.1023  Dwrong -0.2156  gap 0.7588  cls_acc 0.672  feat_std 0.208007  ema_div 0.4297  fake_std 0.4451  fake_min -0.9961  fake_max 1.0000
  step    7600  G 2.0730  D 1.1205  Aux 1.1282  GAux 0.9320  R1 0.0000
  step    7700  G 2.0743  D 1.1189  Aux 1.1061  GAux 0.9134  R1 0.0000
  step    7800  G 2.0831  D 1.1067  Aux 1.0919  GAux 0.9071  R1 0.0000
[epoch 019] 31.2s
  step    7900  G 2.1299  D 1.0952  Aux 1.1020  GAux 0.9030  R1 0.0000
  step    8000  G 2.1087  D 1.1031  Aux 1.0897  GAux 0.9003  R1 0.0000
  diag step    8000  Dreal 0.4190  Dfake 0.0405  Dwrong -0.3581  gap 0.7771  cls_acc 0.781  feat_std 0.201132  ema_div 0.3781  fake_std 0.4096  fake_min -1.0000  fake_max 0.9844
  step    8100  G 2.1223  D 1.1003  Aux 1.0867  GAux 0.8879  R1 0.0000
[epoch 020] 31.1s
  step    8200  G 2.0929  D 1.1031  Aux 1.0886  GAux 0.8848  R1 0.0000
  step    8300  G 2.1490  D 1.0824  Aux 1.0768  GAux 0.8699  R1 0.0000
  step    8400  G 2.1640  D 1.0838  Aux 1.0799  GAux 0.8690  R1 0.0000
  step    8500  G 2.1519  D 1.0825  Aux 1.0735  GAux 0.8743  R1 0.0000
  diag step    8500  Dreal 0.4741  Dfake -0.0346  Dwrong -0.2319  gap 0.7061  cls_acc 0.672  feat_std 0.225051  ema_div 0.4147  fake_std 0.4961  fake_min -1.0000  fake_max 1.0000
[epoch 021] 31.1s
  step    8600  G 2.1582  D 1.0759  Aux 1.0628  GAux 0.8652  R1 0.0000
  step    8700  G 2.1811  D 1.0688  Aux 1.0659  GAux 0.8763  R1 0.0000
  step    8800  G 2.1832  D 1.0623  Aux 1.0546  GAux 0.8633  R1 0.0000
  step    8900  G 2.2139  D 1.0600  Aux 1.0578  GAux 0.8691  R1 0.0000
[epoch 022] 30.9s
  step    9000  G 2.1807  D 1.0866  Aux 1.0582  GAux 0.8646  R1 0.0000
  diag step    9000  Dreal 0.3754  Dfake -0.0772  Dwrong -0.2885  gap 0.6639  cls_acc 0.734  feat_std 0.207238  ema_div 0.4229  fake_std 0.4610  fake_min -1.0000  fake_max 1.0000
  step    9100  G 2.2339  D 1.0401  Aux 1.0449  GAux 0.8487  R1 0.0000
  step    9200  G 2.2169  D 1.0662  Aux 1.0483  GAux 0.8398  R1 0.0000
  step    9300  G 2.2602  D 1.0461  Aux 1.0326  GAux 0.8370  R1 0.0000
[epoch 023] 34.1s
  step    9400  G 2.2320  D 1.0440  Aux 1.0263  GAux 0.8485  R1 0.0000
  step    9500  G 2.2521  D 1.0400  Aux 1.0379  GAux 0.8341  R1 0.0000
  diag step    9500  Dreal 0.6304  Dfake 0.1963  Dwrong -0.1146  gap 0.7450  cls_acc 0.844  feat_std 0.213535  ema_div 0.4214  fake_std 0.4511  fake_min -0.9961  fake_max 1.0000
  step    9600  G 2.2679  D 1.0338  Aux 1.0189  GAux 0.8177  R1 0.0000
  step    9700  G 2.2367  D 1.0491  Aux 1.0294  GAux 0.8263  R1 0.0000
[epoch 024] 30.2s
  step    9800  G 2.2522  D 1.0333  Aux 1.0370  GAux 0.8234  R1 0.0000
  step    9900  G 2.2724  D 1.0354  Aux 1.0251  GAux 0.8433  R1 0.0000
  step   10000  G 2.2575  D 1.0424  Aux 1.0229  GAux 0.8117  R1 0.0000
  diag step   10000  Dreal 0.7983  Dfake 0.2602  Dwrong -0.1697  gap 0.9680  cls_acc 0.734  feat_std 0.246370  ema_div 0.4060  fake_std 0.4329  fake_min -0.9805  fake_max 1.0000
  step   10100  G 2.2402  D 1.0327  Aux 1.0081  GAux 0.8220  R1 0.0000
[epoch 025] 32.6s
  step   10200  G 2.3110  D 1.0124  Aux 1.0042  GAux 0.8077  R1 0.0000
  step   10300  G 2.3096  D 1.0039  Aux 1.0002  GAux 0.8240  R1 0.0000
  step   10400  G 2.2896  D 1.0248  Aux 0.9970  GAux 0.8214  R1 0.0000
  step   10500  G 2.2682  D 1.0306  Aux 1.0049  GAux 0.8059  R1 0.0000
  diag step   10500  Dreal 0.0356  Dfake -0.3280  Dwrong -0.6710  gap 0.7065  cls_acc 0.656  feat_std 0.216557  ema_div 0.3950  fake_std 0.4782  fake_min -0.9922  fake_max 1.0000
[epoch 026] 31.7s
  step   10600  G 2.3096  D 1.0161  Aux 0.9998  GAux 0.8118  R1 0.0000
  step   10700  G 2.3229  D 1.0064  Aux 0.9957  GAux 0.8102  R1 0.0000
  step   10800  G 2.3252  D 0.9995  Aux 1.0001  GAux 0.8131  R1 0.0000
  step   10900  G 2.3135  D 1.0143  Aux 0.9798  GAux 0.8069  R1 0.0000
[epoch 027] 30.5s
  step   11000  G 2.3596  D 0.9928  Aux 0.9849  GAux 0.7862  R1 0.0000
  diag step   11000  Dreal -0.0952  Dfake -0.6196  Dwrong -0.7121  gap 0.6169  cls_acc 0.734  feat_std 0.229663  ema_div 0.4663  fake_std 0.5147  fake_min -1.0000  fake_max 1.0000
  step   11100  G 2.3494  D 0.9929  Aux 0.9711  GAux 0.7809  R1 0.0000
  step   11200  G 2.3691  D 0.9911  Aux 0.9900  GAux 0.7936  R1 0.0000
  step   11300  G 2.3691  D 0.9914  Aux 0.9767  GAux 0.7765  R1 0.0000
[epoch 028] 32.0s
  step   11400  G 2.4025  D 0.9688  Aux 0.9736  GAux 0.7741  R1 0.0000
  step   11500  G 2.4067  D 0.9699  Aux 0.9661  GAux 0.7987  R1 0.0000
  diag step   11500  Dreal 0.4959  Dfake 0.0960  Dwrong -0.2127  gap 0.7086  cls_acc 0.688  feat_std 0.244134  ema_div 0.4073  fake_std 0.4525  fake_min -0.9844  fake_max 1.0000
  step   11600  G 2.3953  D 0.9860  Aux 0.9642  GAux 0.7727  R1 0.0000
  step   11700  G 2.3645  D 0.9864  Aux 0.9657  GAux 0.7768  R1 0.0000
[epoch 029] 31.3s
  step   11800  G 2.3884  D 0.9661  Aux 0.9718  GAux 0.7767  R1 0.0000
  step   11900  G 2.4145  D 0.9611  Aux 0.9564  GAux 0.7681  R1 0.0000
  step   12000  G 2.4337  D 0.9674  Aux 0.9428  GAux 0.7523  R1 0.0000
  diag step   12000  Dreal 0.9154  Dfake 0.3915  Dwrong 0.0590  gap 0.8564  cls_acc 0.719  feat_std 0.251204  ema_div 0.4322  fake_std 0.4599  fake_min -1.0000  fake_max 1.0000
[epoch 030] 30.4s
  step   12100  G 2.4075  D 0.9721  Aux 0.9501  GAux 0.7631  R1 0.0000
  step   12200  G 2.4681  D 0.9523  Aux 0.9469  GAux 0.7671  R1 0.0000
  step   12300  G 2.4532  D 0.9483  Aux 0.9413  GAux 0.7642  R1 0.0000
  step   12400  G 2.4454  D 0.9651  Aux 0.9520  GAux 0.7502  R1 0.0000
[epoch 031] 29.8s
  step   12500  G 2.4322  D 0.9549  Aux 0.9443  GAux 0.7618  R1 0.0000
  diag step   12500  Dreal 0.5955  Dfake 0.0862  Dwrong -0.2222  gap 0.8178  cls_acc 0.797  feat_std 0.234890  ema_div 0.4383  fake_std 0.4654  fake_min -1.0000  fake_max 1.0000
  step   12600  G 2.4370  D 0.9606  Aux 0.9549  GAux 0.7717  R1 0.0000
  step   12700  G 2.4641  D 0.9640  Aux 0.9386  GAux 0.7557  R1 0.0000
  step   12800  G 2.4074  D 0.9745  Aux 0.9532  GAux 0.7613  R1 0.0000
[epoch 032] 30.6s
  step   12900  G 2.4722  D 0.9335  Aux 0.9246  GAux 0.7378  R1 0.0000
  step   13000  G 2.4835  D 0.9429  Aux 0.9282  GAux 0.7370  R1 0.0000
  diag step   13000  Dreal 0.5917  Dfake 0.0439  Dwrong -0.1733  gap 0.7650  cls_acc 0.766  feat_std 0.236850  ema_div 0.4269  fake_std 0.5058  fake_min -1.0000  fake_max 1.0000
  step   13100  G 2.4701  D 0.9355  Aux 0.9340  GAux 0.7373  R1 0.0000
  step   13200  G 2.4919  D 0.9390  Aux 0.9193  GAux 0.7371  R1 0.0000
[epoch 033] 32.7s
  step   13300  G 2.5055  D 0.9406  Aux 0.9320  GAux 0.7378  R1 0.0000
  step   13400  G 2.4680  D 0.9371  Aux 0.9191  GAux 0.7325  R1 0.0000
  step   13500  G 2.4860  D 0.9262  Aux 0.9148  GAux 0.7226  R1 0.0000
  diag step   13500  Dreal 0.3999  Dfake -0.0940  Dwrong -0.3195  gap 0.7194  cls_acc 0.734  feat_std 0.254925  ema_div 0.4547  fake_std 0.4720  fake_min -1.0000  fake_max 1.0000
  step   13600  G 2.4655  D 0.9368  Aux 0.9181  GAux 0.7209  R1 0.0000
[epoch 034] 32.2s
  step   13700  G 2.5160  D 0.9212  Aux 0.9075  GAux 0.7275  R1 0.0000
  step   13800  G 2.5570  D 0.9139  Aux 0.9213  GAux 0.7446  R1 0.0000
  step   13900  G 2.5023  D 0.9144  Aux 0.9061  GAux 0.7202  R1 0.0000
  step   14000  G 2.5144  D 0.9258  Aux 0.9189  GAux 0.7119  R1 0.0000
  diag step   14000  Dreal 0.3700  Dfake -0.1318  Dwrong -0.3331  gap 0.7031  cls_acc 0.719  feat_std 0.246237  ema_div 0.4484  fake_std 0.4704  fake_min -0.9961  fake_max 1.0000
[epoch 035] 32.8s
  step   14100  G 2.5255  D 0.9105  Aux 0.9002  GAux 0.7198  R1 0.0000
  step   14200  G 2.5247  D 0.9111  Aux 0.9052  GAux 0.7150  R1 0.0000
  step   14300  G 2.5359  D 0.9310  Aux 0.9150  GAux 0.7246  R1 0.0000
  step   14400  G 2.5225  D 0.9186  Aux 0.9097  GAux 0.7270  R1 0.0000
[epoch 036] 32.4s
  step   14500  G 2.5401  D 0.9136  Aux 0.8990  GAux 0.7232  R1 0.0000
  diag step   14500  Dreal 0.1502  Dfake -0.2571  Dwrong -0.6018  gap 0.7520  cls_acc 0.641  feat_std 0.251273  ema_div 0.4124  fake_std 0.4519  fake_min -0.9883  fake_max 1.0000
  step   14600  G 2.5510  D 0.8972  Aux 0.8955  GAux 0.6981  R1 0.0000
  step   14700  G 2.5424  D 0.9155  Aux 0.8934  GAux 0.7083  R1 0.0000
  step   14800  G 2.5440  D 0.9009  Aux 0.8875  GAux 0.7101  R1 0.0000
[epoch 037] 32.1s
  step   14900  G 2.6208  D 0.8856  Aux 0.8870  GAux 0.7217  R1 0.0000
  step   15000  G 2.6104  D 0.8860  Aux 0.8843  GAux 0.6920  R1 0.0000
  diag step   15000  Dreal 0.8490  Dfake 0.3387  Dwrong -0.0738  gap 0.9228  cls_acc 0.734  feat_std 0.296506  ema_div 0.4437  fake_std 0.4488  fake_min -0.9883  fake_max 1.0000
  step   15100  G 2.5570  D 0.9002  Aux 0.8934  GAux 0.7047  R1 0.0000
  step   15200  G 2.5859  D 0.8920  Aux 0.8832  GAux 0.6971  R1 0.0000
[epoch 038] 31.6s
  step   15300  G 2.6348  D 0.8931  Aux 0.8875  GAux 0.6999  R1 0.0000
  step   15400  G 2.6290  D 0.8786  Aux 0.8782  GAux 0.6893  R1 0.0000
  step   15500  G 2.5818  D 0.8858  Aux 0.8717  GAux 0.6967  R1 0.0000
  diag step   15500  Dreal 0.3346  Dfake -0.0986  Dwrong -0.2878  gap 0.6224  cls_acc 0.750  feat_std 0.248127  ema_div 0.4213  fake_std 0.4531  fake_min -1.0000  fake_max 1.0000
  step   15600  G 2.5756  D 0.9007  Aux 0.8823  GAux 0.6869  R1 0.0000
[epoch 039] 31.8s
  step   15700  G 2.6311  D 0.8768  Aux 0.8613  GAux 0.6717  R1 0.0000
  step   15800  G 2.6845  D 0.8617  Aux 0.8691  GAux 0.6743  R1 0.0000
  step   15900  G 2.6512  D 0.8738  Aux 0.8659  GAux 0.6709  R1 0.0000
[epoch 040] 32.8s
  step   16000  G 2.6524  D 0.8728  Aux 0.8669  GAux 0.6879  R1 0.0000
  diag step   16000  Dreal 0.8321  Dfake 0.2628  Dwrong -0.0253  gap 0.8574  cls_acc 0.750  feat_std 0.279284  ema_div 0.3823  fake_std 0.4614  fake_min -0.9805  fake_max 1.0000
  step   16100  G 2.7011  D 0.8547  Aux 0.8665  GAux 0.6882  R1 0.0000
  step   16200  G 2.6587  D 0.8665  Aux 0.8554  GAux 0.6893  R1 0.0000
  step   16300  G 2.6794  D 0.8692  Aux 0.8628  GAux 0.6728  R1 0.0000
[epoch 041] 31.7s
  step   16400  G 2.6515  D 0.8651  Aux 0.8691  GAux 0.6757  R1 0.0000
  step   16500  G 2.7209  D 0.8480  Aux 0.8492  GAux 0.6607  R1 0.0000
  diag step   16500  Dreal 0.1615  Dfake -0.3842  Dwrong -0.5985  gap 0.7600  cls_acc 0.750  feat_std 0.272161  ema_div 0.3813  fake_std 0.4555  fake_min -0.9922  fake_max 1.0000
  step   16600  G 2.6926  D 0.8521  Aux 0.8483  GAux 0.6541  R1 0.0000
  step   16700  G 2.6533  D 0.8699  Aux 0.8669  GAux 0.6661  R1 0.0000
[epoch 042] 31.7s
  step   16800  G 2.6535  D 0.8615  Aux 0.8522  GAux 0.6639  R1 0.0000
  step   16900  G 2.7409  D 0.8294  Aux 0.8337  GAux 0.6701  R1 0.0000
  step   17000  G 2.7033  D 0.8516  Aux 0.8498  GAux 0.6833  R1 0.0000
  diag step   17000  Dreal 0.5738  Dfake -0.0277  Dwrong -0.2268  gap 0.8005  cls_acc 0.828  feat_std 0.281024  ema_div 0.3857  fake_std 0.4807  fake_min -0.9961  fake_max 1.0000
  step   17100  G 2.7021  D 0.8589  Aux 0.8582  GAux 0.6815  R1 0.0000
[epoch 043] 31.5s
  step   17200  G 2.6557  D 0.8622  Aux 0.8583  GAux 0.6775  R1 0.0000
  step   17300  G 2.7849  D 0.8314  Aux 0.8455  GAux 0.6736  R1 0.0000
  step   17400  G 2.7410  D 0.8353  Aux 0.8353  GAux 0.6555  R1 0.0000
  step   17500  G 2.7285  D 0.8382  Aux 0.8382  GAux 0.6594  R1 0.0000
  diag step   17500  Dreal 0.5623  Dfake -0.0837  Dwrong -0.3899  gap 0.9522  cls_acc 0.719  feat_std 0.293433  ema_div 0.4193  fake_std 0.4439  fake_min -0.9805  fake_max 1.0000
[epoch 044] 32.5s
  step   17600  G 2.7327  D 0.8409  Aux 0.8471  GAux 0.6630  R1 0.0000
  step   17700  G 2.7547  D 0.8269  Aux 0.8293  GAux 0.6621  R1 0.0000
  step   17800  G 2.7641  D 0.8279  Aux 0.8443  GAux 0.6528  R1 0.0000
  step   17900  G 2.7645  D 0.8292  Aux 0.8290  GAux 0.6523  R1 0.0000
[epoch 045] 32.9s
  step   18000  G 2.7703  D 0.8229  Aux 0.8336  GAux 0.6621  R1 0.0000
  diag step   18000  Dreal 0.5543  Dfake -0.1079  Dwrong -0.3041  gap 0.8585  cls_acc 0.703  feat_std 0.295426  ema_div 0.4297  fake_std 0.5019  fake_min -0.9883  fake_max 1.0000
  step   18100  G 2.7839  D 0.8155  Aux 0.8294  GAux 0.6603  R1 0.0000
  step   18200  G 2.7629  D 0.8299  Aux 0.8250  GAux 0.6317  R1 0.0000
  step   18300  G 2.7749  D 0.8273  Aux 0.8269  GAux 0.6313  R1 0.0000
[epoch 046] 31.5s
  step   18400  G 2.7529  D 0.8298  Aux 0.8323  GAux 0.6596  R1 0.0000
  step   18500  G 2.7891  D 0.8150  Aux 0.8118  GAux 0.6631  R1 0.0000
  diag step   18500  Dreal 0.7123  Dfake 0.0916  Dwrong -0.1754  gap 0.8877  cls_acc 0.766  feat_std 0.287507  ema_div 0.3732  fake_std 0.4277  fake_min -0.9805  fake_max 1.0000
  step   18600  G 2.7956  D 0.8236  Aux 0.8250  GAux 0.6458  R1 0.0000
  step   18700  G 2.7605  D 0.8323  Aux 0.8343  GAux 0.6550  R1 0.0000
[epoch 047] 31.9s
  step   18800  G 2.8282  D 0.8003  Aux 0.8179  GAux 0.6451  R1 0.0000
  step   18900  G 2.8253  D 0.7934  Aux 0.8137  GAux 0.6491  R1 0.0000
  step   19000  G 2.7941  D 0.7955  Aux 0.8051  GAux 0.6410  R1 0.0000
  diag step   19000  Dreal 0.8566  Dfake 0.1134  Dwrong -0.0160  gap 0.8726  cls_acc 0.812  feat_std 0.283572  ema_div 0.4329  fake_std 0.4946  fake_min -0.9922  fake_max 1.0000
  step   19100  G 2.7883  D 0.8216  Aux 0.8307  GAux 0.6245  R1 0.0000
[epoch 048] 31.6s
  step   19200  G 2.8558  D 0.7892  Aux 0.8138  GAux 0.6370  R1 0.0000
  step   19300  G 2.8383  D 0.7974  Aux 0.8123  GAux 0.6392  R1 0.0000
  step   19400  G 2.8479  D 0.7911  Aux 0.7950  GAux 0.6271  R1 0.0000
  step   19500  G 2.8165  D 0.8122  Aux 0.8082  GAux 0.6496  R1 0.0000
  diag step   19500  Dreal 1.0349  Dfake 0.4539  Dwrong -0.0075  gap 1.0424  cls_acc 0.891  feat_std 0.305135  ema_div 0.4475  fake_std 0.4929  fake_min -0.9922  fake_max 1.0000
[epoch 049] 32.1s
  step   19600  G 2.8672  D 0.7776  Aux 0.7866  GAux 0.6402  R1 0.0000
  step   19700  G 2.8714  D 0.7794  Aux 0.8019  GAux 0.6473  R1 0.0000
  step   19800  G 2.8437  D 0.7974  Aux 0.8069  GAux 0.6372  R1 0.0000
[epoch 050] 31.6s
  step   19900  G 2.8743  D 0.7962  Aux 0.8180  GAux 0.6389  R1 0.0000
  step   20000  G 2.9087  D 0.7592  Aux 0.7890  GAux 0.6259  R1 0.0000
  diag step   20000  Dreal 0.9065  Dfake 0.1751  Dwrong -0.0505  gap 0.9570  cls_acc 0.828  feat_std 0.290207  ema_div 0.4293  fake_std 0.4805  fake_min -0.9922  fake_max 1.0000
  step   20100  G 2.9045  D 0.7811  Aux 0.8064  GAux 0.6324  R1 0.0000
  step   20200  G 2.8362  D 0.7916  Aux 0.7984  GAux 0.6231  R1 0.0000
[epoch 051] 32.8s
  step   20300  G 2.8784  D 0.7737  Aux 0.7874  GAux 0.6073  R1 0.0000
  step   20400  G 2.8989  D 0.7710  Aux 0.7845  GAux 0.6205  R1 0.0000
  step   20500  G 2.8992  D 0.7727  Aux 0.8008  GAux 0.6316  R1 0.0000
  diag step   20500  Dreal 0.8740  Dfake 0.3488  Dwrong 0.0367  gap 0.8373  cls_acc 0.797  feat_std 0.290748  ema_div 0.3650  fake_std 0.4281  fake_min -0.9883  fake_max 1.0000
  step   20600  G 2.8787  D 0.7781  Aux 0.7905  GAux 0.6308  R1 0.0000
[epoch 052] 32.7s
  step   20700  G 2.8753  D 0.7754  Aux 0.7986  GAux 0.6326  R1 0.0000
  step   20800  G 2.8967  D 0.7665  Aux 0.7858  GAux 0.6283  R1 0.0000
  step   20900  G 2.8816  D 0.7732  Aux 0.7839  GAux 0.6200  R1 0.0000
  step   21000  G 2.8623  D 0.7817  Aux 0.7864  GAux 0.6068  R1 0.0000
  diag step   21000  Dreal 0.9804  Dfake 0.3357  Dwrong 0.0460  gap 0.9344  cls_acc 0.797  feat_std 0.298065  ema_div 0.3926  fake_std 0.4657  fake_min -0.9922  fake_max 1.0000
[epoch 053] 31.8s
  step   21100  G 2.9141  D 0.7748  Aux 0.7899  GAux 0.6219  R1 0.0000
  step   21200  G 2.8999  D 0.7753  Aux 0.7824  GAux 0.6269  R1 0.0000
  step   21300  G 2.9175  D 0.7767  Aux 0.7807  GAux 0.6192  R1 0.0000
  step   21400  G 2.8714  D 0.7728  Aux 0.7912  GAux 0.6294  R1 0.0000
[epoch 054] 31.7s
  step   21500  G 2.9204  D 0.7628  Aux 0.7755  GAux 0.6149  R1 0.0000
  diag step   21500  Dreal 0.9424  Dfake 0.4100  Dwrong -0.0325  gap 0.9749  cls_acc 0.781  feat_std 0.314298  ema_div 0.4309  fake_std 0.4676  fake_min -0.9922  fake_max 1.0000
  step   21600  G 2.9588  D 0.7522  Aux 0.7775  GAux 0.6295  R1 0.0000
  step   21700  G 2.9569  D 0.7485  Aux 0.7748  GAux 0.6182  R1 0.0000
  step   21800  G 2.9200  D 0.7680  Aux 0.7882  GAux 0.6135  R1 0.0000
[epoch 055] 32.0s
  step   21900  G 2.9589  D 0.7585  Aux 0.7787  GAux 0.6128  R1 0.0000
  step   22000  G 2.9365  D 0.7514  Aux 0.7667  GAux 0.6017  R1 0.0000
  diag step   22000  Dreal 0.7362  Dfake 0.1458  Dwrong -0.1488  gap 0.8850  cls_acc 0.719  feat_std 0.290355  ema_div 0.4167  fake_std 0.4539  fake_min -0.9883  fake_max 1.0000
  step   22100  G 2.9612  D 0.7542  Aux 0.7815  GAux 0.6176  R1 0.0000
  step   22200  G 2.9613  D 0.7636  Aux 0.7791  GAux 0.6088  R1 0.0000
[epoch 056] 32.1s
  step   22300  G 2.9819  D 0.7404  Aux 0.7668  GAux 0.6069  R1 0.0000
  step   22400  G 3.0008  D 0.7232  Aux 0.7525  GAux 0.6129  R1 0.0000
  step   22500  G 3.0059  D 0.7388  Aux 0.7653  GAux 0.5998  R1 0.0000
  diag step   22500  Dreal 0.7975  Dfake 0.2299  Dwrong -0.1277  gap 0.9252  cls_acc 0.672  feat_std 0.300896  ema_div 0.4599  fake_std 0.4750  fake_min -1.0000  fake_max 1.0000
  step   22600  G 2.9661  D 0.7582  Aux 0.7783  GAux 0.6039  R1 0.0000
[epoch 057] 32.4s
  step   22700  G 2.9804  D 0.7361  Aux 0.7689  GAux 0.6117  R1 0.0000
  step   22800  G 3.0229  D 0.7332  Aux 0.7504  GAux 0.5892  R1 0.0000
  step   22900  G 2.9604  D 0.7519  Aux 0.7694  GAux 0.6033  R1 0.0000
  step   23000  G 2.9921  D 0.7388  Aux 0.7644  GAux 0.5949  R1 0.0000
  diag step   23000  Dreal 0.5727  Dfake -0.0754  Dwrong -0.3692  gap 0.9419  cls_acc 0.812  feat_std 0.315409  ema_div 0.4354  fake_std 0.4780  fake_min -0.9805  fake_max 1.0000
[epoch 058] 31.7s
  step   23100  G 2.9881  D 0.7257  Aux 0.7659  GAux 0.6180  R1 0.0000
  step   23200  G 2.9913  D 0.7198  Aux 0.7559  GAux 0.6139  R1 0.0000
  step   23300  G 2.9975  D 0.7301  Aux 0.7619  GAux 0.5836  R1 0.0000
  step   23400  G 2.9873  D 0.7376  Aux 0.7555  GAux 0.6022  R1 0.0000
[epoch 059] 30.9s
  step   23500  G 3.0256  D 0.7114  Aux 0.7566  GAux 0.6008  R1 0.0000
  diag step   23500  Dreal 0.5623  Dfake -0.0113  Dwrong -0.2792  gap 0.8415  cls_acc 0.859  feat_std 0.310987  ema_div 0.4580  fake_std 0.5040  fake_min -0.9961  fake_max 1.0000
  step   23600  G 2.9941  D 0.7291  Aux 0.7598  GAux 0.5949  R1 0.0000
  step   23700  G 3.0163  D 0.7266  Aux 0.7505  GAux 0.5902  R1 0.0000
[epoch 060] 31.8s
  step   23800  G 2.9918  D 0.7369  Aux 0.7504  GAux 0.5729  R1 0.0000
  step   23900  G 3.0469  D 0.7162  Aux 0.7532  GAux 0.5895  R1 0.0000
  step   24000  G 3.0192  D 0.7333  Aux 0.7501  GAux 0.6038  R1 0.0000
  diag step   24000  Dreal 0.5105  Dfake -0.1023  Dwrong -0.2851  gap 0.7956  cls_acc 0.797  feat_std 0.315992  ema_div 0.4529  fake_std 0.5225  fake_min -1.0000  fake_max 1.0000
  step   24100  G 2.9995  D 0.7311  Aux 0.7554  GAux 0.6010  R1 0.0000
[epoch 061] 31.3s
  step   24200  G 3.0060  D 0.7215  Aux 0.7478  GAux 0.6006  R1 0.0000
  step   24300  G 3.0591  D 0.7040  Aux 0.7428  GAux 0.6017  R1 0.0000
  step   24400  G 3.0745  D 0.7057  Aux 0.7358  GAux 0.5762  R1 0.0000
  step   24500  G 3.0325  D 0.7102  Aux 0.7452  GAux 0.5983  R1 0.0000
  diag step   24500  Dreal 0.8765  Dfake 0.2527  Dwrong -0.0519  gap 0.9284  cls_acc 0.891  feat_std 0.332534  ema_div 0.4243  fake_std 0.4696  fake_min -0.9961  fake_max 1.0000
[epoch 062] 32.0s
  step   24600  G 3.0432  D 0.7221  Aux 0.7440  GAux 0.5900  R1 0.0000
  step   24700  G 3.0826  D 0.6950  Aux 0.7516  GAux 0.5793  R1 0.0000
  step   24800  G 3.0570  D 0.7094  Aux 0.7419  GAux 0.5855  R1 0.0000
  step   24900  G 3.0907  D 0.7080  Aux 0.7324  GAux 0.5872  R1 0.0000
[epoch 063] 31.5s
  step   25000  G 3.0536  D 0.7050  Aux 0.7451  GAux 0.5883  R1 0.0000
  diag step   25000  Dreal 0.7166  Dfake 0.1783  Dwrong -0.1559  gap 0.8725  cls_acc 0.828  feat_std 0.297065  ema_div 0.4422  fake_std 0.4612  fake_min -0.9961  fake_max 1.0000
  step   25100  G 3.1306  D 0.6914  Aux 0.7243  GAux 0.5805  R1 0.0000
  step   25200  G 3.0680  D 0.6981  Aux 0.7260  GAux 0.5662  R1 0.0000
  step   25300  G 3.0799  D 0.6988  Aux 0.7312  GAux 0.5825  R1 0.0000
[epoch 064] 32.1s
  step   25400  G 3.0587  D 0.7005  Aux 0.7429  GAux 0.5812  R1 0.0000
  step   25500  G 3.0935  D 0.6908  Aux 0.7430  GAux 0.5907  R1 0.0000
  diag step   25500  Dreal 0.8790  Dfake 0.2703  Dwrong -0.0315  gap 0.9105  cls_acc 0.797  feat_std 0.313188  ema_div 0.4078  fake_std 0.5047  fake_min -0.9961  fake_max 1.0000
  step   25600  G 3.0825  D 0.6994  Aux 0.7246  GAux 0.5867  R1 0.0000
  step   25700  G 3.0639  D 0.7154  Aux 0.7337  GAux 0.5743  R1 0.0000
[epoch 065] 31.3s
  step   25800  G 3.0983  D 0.6942  Aux 0.7340  GAux 0.5803  R1 0.0000
  step   25900  G 3.1271  D 0.6730  Aux 0.7176  GAux 0.5803  R1 0.0000
  step   26000  G 3.1287  D 0.6807  Aux 0.7368  GAux 0.5742  R1 0.0000
  diag step   26000  Dreal 1.0591  Dfake 0.3594  Dwrong 0.1221  gap 0.9370  cls_acc 0.891  feat_std 0.320876  ema_div 0.4051  fake_std 0.4885  fake_min -0.9766  fake_max 1.0000
  step   26100  G 3.1150  D 0.6963  Aux 0.7254  GAux 0.5795  R1 0.0000
[epoch 066] 31.9s
  step   26200  G 3.1298  D 0.6851  Aux 0.7296  GAux 0.5751  R1 0.0000
  step   26300  G 3.1698  D 0.6725  Aux 0.7156  GAux 0.5737  R1 0.0000
  step   26400  G 3.0899  D 0.6960  Aux 0.7255  GAux 0.5817  R1 0.0000
  step   26500  G 3.0636  D 0.6882  Aux 0.7264  GAux 0.5695  R1 0.0000
  diag step   26500  Dreal 0.9363  Dfake 0.2433  Dwrong -0.0351  gap 0.9714  cls_acc 0.797  feat_std 0.331159  ema_div 0.4540  fake_std 0.4756  fake_min -0.9961  fake_max 1.0000
[epoch 067] 34.7s
  step   26600  G 3.1454  D 0.6738  Aux 0.7202  GAux 0.5882  R1 0.0000
  step   26700  G 3.1922  D 0.6526  Aux 0.7191  GAux 0.5800  R1 0.0000
  step   26800  G 3.1442  D 0.6659  Aux 0.7221  GAux 0.5672  R1 0.0000
  step   26900  G 3.0875  D 0.6987  Aux 0.7226  GAux 0.5677  R1 0.0000
[epoch 068] 32.6s
  step   27000  G 3.1316  D 0.6621  Aux 0.7186  GAux 0.5792  R1 0.0000
  diag step   27000  Dreal 0.8618  Dfake 0.1513  Dwrong -0.1160  gap 0.9779  cls_acc 0.828  feat_std 0.342146  ema_div 0.4729  fake_std 0.5119  fake_min -0.9922  fake_max 1.0000
  step   27100  G 3.1490  D 0.6675  Aux 0.7175  GAux 0.5651  R1 0.0000
  step   27200  G 3.1441  D 0.6707  Aux 0.7063  GAux 0.5700  R1 0.0000
  step   27300  G 3.0986  D 0.6840  Aux 0.7145  GAux 0.5516  R1 0.0000
[epoch 069] 31.9s
  step   27400  G 3.1928  D 0.6495  Aux 0.7011  GAux 0.5664  R1 0.0000
  step   27500  G 3.1634  D 0.6616  Aux 0.7141  GAux 0.5556  R1 0.0000
  diag step   27500  Dreal 0.8449  Dfake 0.1428  Dwrong -0.0942  gap 0.9391  cls_acc 0.844  feat_std 0.325339  ema_div 0.4233  fake_std 0.4616  fake_min -0.9961  fake_max 1.0000
  step   27600  G 3.1332  D 0.6792  Aux 0.7179  GAux 0.5773  R1 0.0000
[epoch 070] 33.2s
  step   27700  G 3.1629  D 0.6666  Aux 0.7116  GAux 0.5599  R1 0.0000
  step   27800  G 3.1713  D 0.6583  Aux 0.7113  GAux 0.5716  R1 0.0000
  step   27900  G 3.1582  D 0.6612  Aux 0.7013  GAux 0.5628  R1 0.0000
  step   28000  G 3.1812  D 0.6678  Aux 0.7111  GAux 0.5808  R1 0.0000
  diag step   28000  Dreal 0.7770  Dfake 0.2317  Dwrong -0.1236  gap 0.9006  cls_acc 0.797  feat_std 0.341109  ema_div 0.3949  fake_std 0.4826  fake_min -0.9961  fake_max 1.0000
[epoch 071] 32.3s
  step   28100  G 3.1969  D 0.6521  Aux 0.7017  GAux 0.5488  R1 0.0000
  step   28200  G 3.1993  D 0.6390  Aux 0.6965  GAux 0.5518  R1 0.0000
  step   28300  G 3.2022  D 0.6605  Aux 0.7079  GAux 0.5743  R1 0.0000
  step   28400  G 3.2051  D 0.6572  Aux 0.7020  GAux 0.5624  R1 0.0000
[epoch 072] 31.4s
  step   28500  G 3.1956  D 0.6530  Aux 0.6944  GAux 0.5494  R1 0.0000
  diag step   28500  Dreal 1.3430  Dfake 0.4737  Dwrong 0.1575  gap 1.1855  cls_acc 0.844  feat_std 0.375503  ema_div 0.3901  fake_std 0.4510  fake_min -0.9883  fake_max 1.0000
  step   28600  G 3.2203  D 0.6505  Aux 0.7020  GAux 0.5516  R1 0.0000
  step   28700  G 3.1786  D 0.6446  Aux 0.6898  GAux 0.5529  R1 0.0000
  step   28800  G 3.2068  D 0.6465  Aux 0.6944  GAux 0.5602  R1 0.0000
[epoch 073] 32.1s
  step   28900  G 3.1965  D 0.6581  Aux 0.7020  GAux 0.5564  R1 0.0000
  step   29000  G 3.1959  D 0.6462  Aux 0.7003  GAux 0.5533  R1 0.0000
  diag step   29000  Dreal 0.9250  Dfake 0.2254  Dwrong 0.0146  gap 0.9104  cls_acc 0.781  feat_std 0.337791  ema_div 0.3978  fake_std 0.4568  fake_min -0.9961  fake_max 1.0000
  step   29100  G 3.2115  D 0.6430  Aux 0.6841  GAux 0.5608  R1 0.0000
  step   29200  G 3.1918  D 0.6608  Aux 0.7045  GAux 0.5451  R1 0.0000
[epoch 074] 33.6s
  step   29300  G 3.2282  D 0.6378  Aux 0.6879  GAux 0.5497  R1 0.0000
  step   29400  G 3.2364  D 0.6360  Aux 0.7041  GAux 0.5782  R1 0.0000
  step   29500  G 3.2267  D 0.6402  Aux 0.6909  GAux 0.5470  R1 0.0000
  diag step   29500  Dreal 0.8276  Dfake 0.1187  Dwrong -0.1358  gap 0.9635  cls_acc 0.781  feat_std 0.340858  ema_div 0.4398  fake_std 0.5006  fake_min -0.9961  fake_max 1.0000
  step   29600  G 3.2112  D 0.6531  Aux 0.6896  GAux 0.5619  R1 0.0000
[epoch 075] 31.1s
  step   29700  G 3.2543  D 0.6391  Aux 0.6886  GAux 0.5349  R1 0.0000
  step   29800  G 3.2340  D 0.6428  Aux 0.6987  GAux 0.5594  R1 0.0000
  step   29900  G 3.2227  D 0.6295  Aux 0.6785  GAux 0.5430  R1 0.0000
  step   30000  G 3.2376  D 0.6414  Aux 0.6881  GAux 0.5427  R1 0.0000
  diag step   30000  Dreal 0.7703  Dfake 0.0693  Dwrong -0.2034  gap 0.9737  cls_acc 0.875  feat_std 0.333520  ema_div 0.4241  fake_std 0.4391  fake_min -0.9961  fake_max 1.0000
[epoch 076] 31.1s
  step   30100  G 3.2854  D 0.6131  Aux 0.6852  GAux 0.5525  R1 0.0000
  step   30200  G 3.2971  D 0.6188  Aux 0.6849  GAux 0.5462  R1 0.0000
  step   30300  G 3.2457  D 0.6284  Aux 0.6948  GAux 0.5538  R1 0.0000
  step   30400  G 3.2111  D 0.6383  Aux 0.6772  GAux 0.5387  R1 0.0000
[epoch 077] 31.1s
  step   30500  G 3.2805  D 0.6159  Aux 0.6854  GAux 0.5574  R1 0.0000
  diag step   30500  Dreal 0.7976  Dfake 0.1275  Dwrong -0.0638  gap 0.8613  cls_acc 0.797  feat_std 0.322382  ema_div 0.4019  fake_std 0.4578  fake_min -0.9961  fake_max 0.9961
  step   30600  G 3.2696  D 0.6283  Aux 0.6879  GAux 0.5569  R1 0.0000
  step   30700  G 3.2892  D 0.6302  Aux 0.6906  GAux 0.5480  R1 0.0000
  step   30800  G 3.2549  D 0.6256  Aux 0.6849  GAux 0.5490  R1 0.0000
[epoch 078] 31.4s
  step   30900  G 3.2834  D 0.6176  Aux 0.6749  GAux 0.5406  R1 0.0000
  step   31000  G 3.2752  D 0.6161  Aux 0.6793  GAux 0.5510  R1 0.0000
  diag step   31000  Dreal 0.3723  Dfake -0.3745  Dwrong -0.5514  gap 0.9237  cls_acc 0.688  feat_std 0.344558  ema_div 0.4576  fake_std 0.4961  fake_min -1.0000  fake_max 1.0000
  step   31100  G 3.3362  D 0.6230  Aux 0.6756  GAux 0.5367  R1 0.0000
  step   31200  G 3.2453  D 0.6292  Aux 0.6864  GAux 0.5379  R1 0.0000
[epoch 079] 31.9s
  step   31300  G 3.3012  D 0.5983  Aux 0.6841  GAux 0.5620  R1 0.0000
  step   31400  G 3.3176  D 0.6104  Aux 0.6750  GAux 0.5245  R1 0.0000
  step   31500  G 3.2639  D 0.6151  Aux 0.6709  GAux 0.5502  R1 0.0000
  diag step   31500  Dreal 0.5523  Dfake -0.0678  Dwrong -0.2677  gap 0.8200  cls_acc 0.828  feat_std 0.331568  ema_div 0.3890  fake_std 0.4353  fake_min -1.0000  fake_max 1.0000
[epoch 080] 31.9s
  step   31600  G 3.2989  D 0.6151  Aux 0.6716  GAux 0.5187  R1 0.0000
  step   31700  G 3.3245  D 0.5970  Aux 0.6604  GAux 0.5285  R1 0.0000
  step   31800  G 3.3012  D 0.6102  Aux 0.6802  GAux 0.5444  R1 0.0000
  step   31900  G 3.2702  D 0.6095  Aux 0.6639  GAux 0.5293  R1 0.0000
[epoch 081] 31.8s
  step   32000  G 3.3239  D 0.6209  Aux 0.6808  GAux 0.5422  R1 0.0000
  diag step   32000  Dreal 0.9128  Dfake 0.1281  Dwrong 0.0069  gap 0.9059  cls_acc 0.828  feat_std 0.319874  ema_div 0.4388  fake_std 0.4838  fake_min -0.9961  fake_max 1.0000
  step   32100  G 3.3319  D 0.5942  Aux 0.6578  GAux 0.5319  R1 0.0000
  step   32200  G 3.3155  D 0.5968  Aux 0.6716  GAux 0.5293  R1 0.0000
  step   32300  G 3.3163  D 0.6046  Aux 0.6789  GAux 0.5373  R1 0.0000
[epoch 082] 31.5s
  step   32400  G 3.2704  D 0.6104  Aux 0.6692  GAux 0.5237  R1 0.0000
  step   32500  G 3.3414  D 0.5900  Aux 0.6658  GAux 0.5295  R1 0.0000
  diag step   32500  Dreal 0.8983  Dfake 0.1404  Dwrong -0.1034  gap 1.0018  cls_acc 0.828  feat_std 0.355458  ema_div 0.4722  fake_std 0.5133  fake_min -1.0000  fake_max 1.0000
  step   32600  G 3.3333  D 0.6089  Aux 0.6746  GAux 0.5340  R1 0.0000
  step   32700  G 3.2999  D 0.6122  Aux 0.6591  GAux 0.5357  R1 0.0000
[epoch 083] 32.4s
  step   32800  G 3.3527  D 0.5902  Aux 0.6676  GAux 0.5278  R1 0.0000
  step   32900  G 3.3529  D 0.5942  Aux 0.6495  GAux 0.5281  R1 0.0000
  step   33000  G 3.3474  D 0.5914  Aux 0.6720  GAux 0.5267  R1 0.0000
  diag step   33000  Dreal 0.8478  Dfake 0.1091  Dwrong -0.0865  gap 0.9343  cls_acc 0.859  feat_std 0.336855  ema_div 0.4546  fake_std 0.4826  fake_min -1.0000  fake_max 1.0000
  step   33100  G 3.2976  D 0.6012  Aux 0.6642  GAux 0.5469  R1 0.0000
[epoch 084] 32.4s
  step   33200  G 3.3543  D 0.5819  Aux 0.6535  GAux 0.5395  R1 0.0000
  step   33300  G 3.3427  D 0.5912  Aux 0.6699  GAux 0.5174  R1 0.0000
  step   33400  G 3.3626  D 0.5960  Aux 0.6520  GAux 0.5226  R1 0.0000
  step   33500  G 3.3229  D 0.5791  Aux 0.6504  GAux 0.5084  R1 0.0000
  diag step   33500  Dreal 0.7278  Dfake -0.0156  Dwrong -0.1856  gap 0.9134  cls_acc 0.844  feat_std 0.349537  ema_div 0.4591  fake_std 0.4873  fake_min -1.0000  fake_max 1.0000
[epoch 085] 30.6s
  step   33600  G 3.3658  D 0.5784  Aux 0.6557  GAux 0.5225  R1 0.0000
  step   33700  G 3.3618  D 0.5988  Aux 0.6641  GAux 0.5296  R1 0.0000
  step   33800  G 3.3605  D 0.5901  Aux 0.6505  GAux 0.5243  R1 0.0000
  step   33900  G 3.3433  D 0.5937  Aux 0.6489  GAux 0.5220  R1 0.0000
[epoch 086] 32.7s
  step   34000  G 3.3606  D 0.5785  Aux 0.6565  GAux 0.5098  R1 0.0000
  diag step   34000  Dreal 0.9554  Dfake 0.1705  Dwrong 0.0080  gap 0.9474  cls_acc 0.797  feat_std 0.345828  ema_div 0.4497  fake_std 0.4912  fake_min -1.0000  fake_max 1.0000
  step   34100  G 3.3719  D 0.5827  Aux 0.6477  GAux 0.5242  R1 0.0000
  step   34200  G 3.3526  D 0.5862  Aux 0.6554  GAux 0.5232  R1 0.0000
  step   34300  G 3.3437  D 0.5854  Aux 0.6500  GAux 0.5339  R1 0.0000
[epoch 087] 32.0s
  step   34400  G 3.3519  D 0.5787  Aux 0.6464  GAux 0.5255  R1 0.0000
  step   34500  G 3.3727  D 0.5689  Aux 0.6583  GAux 0.5297  R1 0.0000
  diag step   34500  Dreal 0.9377  Dfake 0.2929  Dwrong -0.0198  gap 0.9575  cls_acc 0.906  feat_std 0.358088  ema_div 0.4015  fake_std 0.4704  fake_min -1.0000  fake_max 1.0000
  step   34600  G 3.3797  D 0.5866  Aux 0.6587  GAux 0.5351  R1 0.0000
  step   34700  G 3.3492  D 0.5880  Aux 0.6381  GAux 0.5246  R1 0.0000
[epoch 088] 32.0s
  step   34800  G 3.4003  D 0.5647  Aux 0.6446  GAux 0.5095  R1 0.0000
  step   34900  G 3.3996  D 0.5570  Aux 0.6445  GAux 0.5289  R1 0.0000
  step   35000  G 3.3524  D 0.5788  Aux 0.6477  GAux 0.5256  R1 0.0000
  diag step   35000  Dreal 0.5476  Dfake -0.1716  Dwrong -0.3606  gap 0.9082  cls_acc 0.859  feat_std 0.352115  ema_div 0.4351  fake_std 0.4497  fake_min -0.9961  fake_max 0.9961
  step   35100  G 3.3533  D 0.5844  Aux 0.6425  GAux 0.5204  R1 0.0000
[epoch 089] 32.6s
  step   35200  G 3.4211  D 0.5727  Aux 0.6405  GAux 0.5189  R1 0.0000
  step   35300  G 3.4142  D 0.5657  Aux 0.6458  GAux 0.5286  R1 0.0000
  step   35400  G 3.3944  D 0.5754  Aux 0.6452  GAux 0.5352  R1 0.0000
[epoch 090] 32.4s
  step   35500  G 3.3484  D 0.5725  Aux 0.6423  GAux 0.5224  R1 0.0000
  diag step   35500  Dreal 1.2402  Dfake 0.3937  Dwrong 0.2632  gap 0.9771  cls_acc 0.828  feat_std 0.367781  ema_div 0.4072  fake_std 0.4495  fake_min -0.9961  fake_max 1.0000
  step   35600  G 3.4101  D 0.5576  Aux 0.6346  GAux 0.5355  R1 0.0000
  step   35700  G 3.3832  D 0.5628  Aux 0.6345  GAux 0.5177  R1 0.0000
  step   35800  G 3.3849  D 0.5702  Aux 0.6405  GAux 0.5258  R1 0.0000
[epoch 091] 32.7s
  step   35900  G 3.4081  D 0.5629  Aux 0.6435  GAux 0.5357  R1 0.0000
  step   36000  G 3.4386  D 0.5576  Aux 0.6368  GAux 0.5235  R1 0.0000
  diag step   36000  Dreal 0.7713  Dfake 0.1359  Dwrong -0.1702  gap 0.9415  cls_acc 0.891  feat_std 0.356621  ema_div 0.4154  fake_std 0.4394  fake_min -0.9844  fake_max 1.0000
  step   36100  G 3.3995  D 0.5701  Aux 0.6428  GAux 0.5176  R1 0.0000
  step   36200  G 3.4012  D 0.5662  Aux 0.6372  GAux 0.5022  R1 0.0000
[epoch 092] 31.2s
  step   36300  G 3.4111  D 0.5622  Aux 0.6401  GAux 0.5082  R1 0.0000
  step   36400  G 3.4037  D 0.5555  Aux 0.6335  GAux 0.5113  R1 0.0000
  step   36500  G 3.4324  D 0.5495  Aux 0.6433  GAux 0.5240  R1 0.0000
  diag step   36500  Dreal 1.1470  Dfake 0.2756  Dwrong 0.0513  gap 1.0956  cls_acc 0.812  feat_std 0.348150  ema_div 0.4337  fake_std 0.4788  fake_min -0.9961  fake_max 1.0000
  step   36600  G 3.3777  D 0.5705  Aux 0.6326  GAux 0.5350  R1 0.0000
[epoch 093] 32.7s
  step   36700  G 3.4427  D 0.5528  Aux 0.6248  GAux 0.5265  R1 0.0000
  step   36800  G 3.4559  D 0.5415  Aux 0.6336  GAux 0.5196  R1 0.0000
  step   36900  G 3.4216  D 0.5634  Aux 0.6290  GAux 0.5173  R1 0.0000
  step   37000  G 3.4275  D 0.5561  Aux 0.6328  GAux 0.5185  R1 0.0000
  diag step   37000  Dreal 1.1502  Dfake 0.5377  Dwrong 0.1729  gap 0.9773  cls_acc 0.766  feat_std 0.353923  ema_div 0.4321  fake_std 0.5048  fake_min -1.0000  fake_max 1.0000
[epoch 094] 30.7s
  step   37100  G 3.4386  D 0.5376  Aux 0.6348  GAux 0.5113  R1 0.0000
  step   37200  G 3.4734  D 0.5458  Aux 0.6339  GAux 0.5263  R1 0.0000
  step   37300  G 3.4308  D 0.5546  Aux 0.6198  GAux 0.5193  R1 0.0000
  step   37400  G 3.4289  D 0.5507  Aux 0.6304  GAux 0.5195  R1 0.0000
[epoch 095] 34.3s
  step   37500  G 3.4428  D 0.5516  Aux 0.6357  GAux 0.5290  R1 0.0000
  diag step   37500  Dreal 0.8325  Dfake 0.0737  Dwrong -0.0176  gap 0.8502  cls_acc 0.875  feat_std 0.326209  ema_div 0.4366  fake_std 0.4672  fake_min -0.9922  fake_max 1.0000
  step   37600  G 3.4848  D 0.5355  Aux 0.6272  GAux 0.5294  R1 0.0000
  step   37700  G 3.4368  D 0.5428  Aux 0.6275  GAux 0.5212  R1 0.0000
  step   37800  G 3.4326  D 0.5563  Aux 0.6241  GAux 0.5085  R1 0.0000
[epoch 096] 40.4s
  step   37900  G 3.4658  D 0.5354  Aux 0.6171  GAux 0.5065  R1 0.0000
  step   38000  G 3.4834  D 0.5352  Aux 0.6281  GAux 0.5094  R1 0.0000
  diag step   38000  Dreal 0.6396  Dfake -0.1907  Dwrong -0.3716  gap 1.0112  cls_acc 0.844  feat_std 0.379965  ema_div 0.4098  fake_std 0.4685  fake_min -1.0000  fake_max 1.0000
  step   38100  G 3.4776  D 0.5457  Aux 0.6154  GAux 0.5173  R1 0.0000
  step   38200  G 3.4446  D 0.5421  Aux 0.6291  GAux 0.5050  R1 0.0000
[epoch 097] 30.9s
  step   38300  G 3.4631  D 0.5355  Aux 0.6246  GAux 0.5033  R1 0.0000
  step   38400  G 3.4471  D 0.5457  Aux 0.6247  GAux 0.5060  R1 0.0000
  step   38500  G 3.4829  D 0.5393  Aux 0.6271  GAux 0.5018  R1 0.0000
  diag step   38500  Dreal 1.2506  Dfake 0.3315  Dwrong 0.2044  gap 1.0462  cls_acc 0.844  feat_std 0.358406  ema_div 0.4060  fake_std 0.4549  fake_min -1.0000  fake_max 1.0000
  step   38600  G 3.4283  D 0.5493  Aux 0.6128  GAux 0.5149  R1 0.0000
[epoch 098] 31.0s
  step   38700  G 3.5149  D 0.5308  Aux 0.6224  GAux 0.4967  R1 0.0000
  step   38800  G 3.4598  D 0.5353  Aux 0.6149  GAux 0.4898  R1 0.0000
  step   38900  G 3.4391  D 0.5365  Aux 0.6218  GAux 0.5010  R1 0.0000
  step   39000  G 3.4959  D 0.5332  Aux 0.6188  GAux 0.4974  R1 0.0000
  diag step   39000  Dreal 0.9633  Dfake 0.1438  Dwrong -0.0462  gap 1.0095  cls_acc 0.875  feat_std 0.370056  ema_div 0.4011  fake_std 0.4586  fake_min -0.9961  fake_max 1.0000
[epoch 099] 30.6s
  step   39100  G 3.5018  D 0.5259  Aux 0.6234  GAux 0.5106  R1 0.0000
  step   39200  G 3.4778  D 0.5379  Aux 0.6127  GAux 0.5007  R1 0.0000
  step   39300  G 3.4845  D 0.5362  Aux 0.6179  GAux 0.4904  R1 0.0000
[epoch 100] 30.7s
  step   39400  G 3.4844  D 0.5296  Aux 0.6093  GAux 0.4718  R1 0.0000
  step   39500  G 3.5041  D 0.5223  Aux 0.6136  GAux 0.4953  R1 0.0000
  diag step   39500  Dreal 0.6919  Dfake -0.0972  Dwrong -0.2482  gap 0.9401  cls_acc 0.781  feat_std 0.354251  ema_div 0.4466  fake_std 0.4818  fake_min -1.0000  fake_max 1.0000
  step   39600  G 3.4996  D 0.5224  Aux 0.6085  GAux 0.4931  R1 0.0000
  step   39700  G 3.5056  D 0.5283  Aux 0.6267  GAux 0.5127  R1 0.0000
[epoch 101] 30.8s
  step   39800  G 3.4692  D 0.5128  Aux 0.6038  GAux 0.4835  R1 0.0000
  step   39900  G 3.5789  D 0.5205  Aux 0.6098  GAux 0.4957  R1 0.0000
  step   40000  G 3.5295  D 0.5116  Aux 0.6091  GAux 0.4984  R1 0.0000
  diag step   40000  Dreal 0.9433  Dfake 0.0831  Dwrong -0.0600  gap 1.0033  cls_acc 0.859  feat_std 0.375789  ema_div 0.3746  fake_std 0.4580  fake_min -0.9961  fake_max 1.0000
  step   40100  G 3.4783  D 0.5282  Aux 0.6102  GAux 0.4929  R1 0.0000
[epoch 102] 31.4s
  step   40200  G 3.4901  D 0.5260  Aux 0.6135  GAux 0.4853  R1 0.0000
  step   40300  G 3.5229  D 0.5215  Aux 0.6039  GAux 0.5020  R1 0.0000
  step   40400  G 3.5069  D 0.5128  Aux 0.6112  GAux 0.4984  R1 0.0000
  step   40500  G 3.5070  D 0.5263  Aux 0.6096  GAux 0.4983  R1 0.0000
  diag step   40500  Dreal 1.4036  Dfake 0.3925  Dwrong 0.3426  gap 1.0610  cls_acc 0.828  feat_std 0.377308  ema_div 0.4381  fake_std 0.4571  fake_min -0.9961  fake_max 1.0000
[epoch 103] 32.2s
  step   40600  G 3.5379  D 0.5119  Aux 0.6031  GAux 0.4867  R1 0.0000
  step   40700  G 3.5160  D 0.5057  Aux 0.6042  GAux 0.4966  R1 0.0000
  step   40800  G 3.5011  D 0.5147  Aux 0.6019  GAux 0.4859  R1 0.0000
  step   40900  G 3.5061  D 0.5178  Aux 0.6081  GAux 0.4860  R1 0.0000
[epoch 104] 31.5s
  step   41000  G 3.5226  D 0.5161  Aux 0.6060  GAux 0.5012  R1 0.0000
  diag step   41000  Dreal 0.5358  Dfake -0.2844  Dwrong -0.4680  gap 1.0037  cls_acc 0.875  feat_std 0.371881  ema_div 0.4684  fake_std 0.4429  fake_min -1.0000  fake_max 1.0000
  step   41100  G 3.5278  D 0.5184  Aux 0.6042  GAux 0.4956  R1 0.0000
  step   41200  G 3.5158  D 0.5147  Aux 0.6090  GAux 0.4956  R1 0.0000
  step   41300  G 3.5349  D 0.5115  Aux 0.6000  GAux 0.5058  R1 0.0000
[epoch 105] 32.4s
  step   41400  G 3.5556  D 0.4988  Aux 0.6004  GAux 0.4964  R1 0.0000
  step   41500  G 3.5304  D 0.5046  Aux 0.6003  GAux 0.4939  R1 0.0000
  diag step   41500  Dreal 1.0293  Dfake 0.2667  Dwrong 0.1036  gap 0.9257  cls_acc 0.766  feat_std 0.366142  ema_div 0.4112  fake_std 0.4671  fake_min -0.9922  fake_max 1.0000
  step   41600  G 3.4695  D 0.5129  Aux 0.5906  GAux 0.4884  R1 0.0000
  step   41700  G 3.5271  D 0.5128  Aux 0.6003  GAux 0.4955  R1 0.0000
[epoch 106] 32.1s
  step   41800  G 3.5454  D 0.4875  Aux 0.5923  GAux 0.5033  R1 0.0000
  step   41900  G 3.5543  D 0.5022  Aux 0.6035  GAux 0.4987  R1 0.0000
  step   42000  G 3.5441  D 0.5102  Aux 0.5954  GAux 0.4899  R1 0.0000
  diag step   42000  Dreal 1.1975  Dfake 0.2768  Dwrong 0.1630  gap 1.0345  cls_acc 0.828  feat_std 0.406810  ema_div 0.4352  fake_std 0.4657  fake_min -1.0000  fake_max 1.0000
  step   42100  G 3.5355  D 0.5076  Aux 0.6014  GAux 0.4791  R1 0.0000
[epoch 107] 31.0s
  step   42200  G 3.5678  D 0.4892  Aux 0.5920  GAux 0.4995  R1 0.0000
  step   42300  G 3.5645  D 0.5038  Aux 0.5878  GAux 0.4819  R1 0.0000
  step   42400  G 3.5673  D 0.4927  Aux 0.6067  GAux 0.5063  R1 0.0000
  step   42500  G 3.5240  D 0.5148  Aux 0.5893  GAux 0.4840  R1 0.0000
  diag step   42500  Dreal 0.7693  Dfake -0.0303  Dwrong -0.2279  gap 0.9972  cls_acc 0.953  feat_std 0.374617  ema_div 0.4218  fake_std 0.4786  fake_min -0.9922  fake_max 1.0000
[epoch 108] 31.2s
  step   42600  G 3.5822  D 0.4909  Aux 0.6022  GAux 0.4946  R1 0.0000
  step   42700  G 3.5294  D 0.4922  Aux 0.5873  GAux 0.4919  R1 0.0000
  step   42800  G 3.5718  D 0.4868  Aux 0.5875  GAux 0.4875  R1 0.0000
  step   42900  G 3.5644  D 0.5063  Aux 0.5987  GAux 0.4776  R1 0.0000
[epoch 109] 32.3s
  step   43000  G 3.5867  D 0.4910  Aux 0.5874  GAux 0.4748  R1 0.0000
  diag step   43000  Dreal 0.9335  Dfake 0.0128  Dwrong -0.0453  gap 0.9788  cls_acc 0.938  feat_std 0.373575  ema_div 0.4155  fake_std 0.4640  fake_min -1.0000  fake_max 1.0000
  step   43100  G 3.5331  D 0.4898  Aux 0.5838  GAux 0.4696  R1 0.0000
  step   43200  G 3.5721  D 0.4947  Aux 0.5970  GAux 0.4803  R1 0.0000
[epoch 110] 32.2s
  step   43300  G 3.5680  D 0.5000  Aux 0.5886  GAux 0.4700  R1 0.0000
  step   43400  G 3.5964  D 0.4798  Aux 0.5880  GAux 0.4832  R1 0.0000
  step   43500  G 3.5784  D 0.4893  Aux 0.5898  GAux 0.4768  R1 0.0000
  diag step   43500  Dreal 0.9759  Dfake 0.1731  Dwrong -0.0329  gap 1.0088  cls_acc 0.875  feat_std 0.379917  ema_div 0.4340  fake_std 0.4698  fake_min -1.0000  fake_max 1.0000
  step   43600  G 3.5357  D 0.4979  Aux 0.5804  GAux 0.4730  R1 0.0000
[epoch 111] 32.2s
  step   43700  G 3.5498  D 0.4997  Aux 0.5989  GAux 0.4982  R1 0.0000
  step   43800  G 3.5671  D 0.4851  Aux 0.5837  GAux 0.4832  R1 0.0000
  step   43900  G 3.5982  D 0.4866  Aux 0.5840  GAux 0.4857  R1 0.0000
  step   44000  G 3.5983  D 0.4928  Aux 0.5929  GAux 0.4783  R1 0.0000
  diag step   44000  Dreal 0.6840  Dfake 0.0209  Dwrong -0.2752  gap 0.9591  cls_acc 0.797  feat_std 0.369587  ema_div 0.4338  fake_std 0.4483  fake_min -1.0000  fake_max 1.0000
[epoch 112] 31.8s
  step   44100  G 3.5551  D 0.4846  Aux 0.5886  GAux 0.4886  R1 0.0000
  step   44200  G 3.6279  D 0.4820  Aux 0.5774  GAux 0.4724  R1 0.0000
  step   44300  G 3.5861  D 0.4829  Aux 0.5926  GAux 0.4962  R1 0.0000
  step   44400  G 3.5983  D 0.4913  Aux 0.5738  GAux 0.4715  R1 0.0000
[epoch 113] 30.8s
  step   44500  G 3.5838  D 0.4780  Aux 0.5793  GAux 0.4743  R1 0.0000
  diag step   44500  Dreal 1.3927  Dfake 0.3832  Dwrong 0.2299  gap 1.1628  cls_acc 0.875  feat_std 0.413902  ema_div 0.4127  fake_std 0.4454  fake_min -0.9844  fake_max 1.0000
  step   44600  G 3.5845  D 0.4787  Aux 0.5775  GAux 0.4708  R1 0.0000
  step   44700  G 3.6034  D 0.4788  Aux 0.5836  GAux 0.4722  R1 0.0000
  step   44800  G 3.5766  D 0.4969  Aux 0.5920  GAux 0.4862  R1 0.0000
[epoch 114] 30.6s
  step   44900  G 3.5777  D 0.4762  Aux 0.5777  GAux 0.4773  R1 0.0000
  step   45000  G 3.6266  D 0.4748  Aux 0.5841  GAux 0.4920  R1 0.0000
  diag step   45000  Dreal 1.2598  Dfake 0.4593  Dwrong 0.3471  gap 0.9127  cls_acc 0.906  feat_std 0.364704  ema_div 0.4380  fake_std 0.5003  fake_min -0.9844  fake_max 1.0000
  step   45100  G 3.6052  D 0.4798  Aux 0.5841  GAux 0.4726  R1 0.0000
  step   45200  G 3.5949  D 0.4813  Aux 0.5845  GAux 0.4711  R1 0.0000
[epoch 115] 31.0s
  step   45300  G 3.6019  D 0.4733  Aux 0.5697  GAux 0.4621  R1 0.0000
  step   45400  G 3.6298  D 0.4743  Aux 0.5804  GAux 0.4747  R1 0.0000
  step   45500  G 3.6143  D 0.4708  Aux 0.5762  GAux 0.4729  R1 0.0000
  diag step   45500  Dreal 1.3180  Dfake 0.4131  Dwrong 0.2527  gap 1.0653  cls_acc 0.875  feat_std 0.386078  ema_div 0.4143  fake_std 0.4761  fake_min -1.0000  fake_max 1.0000
  step   45600  G 3.6361  D 0.4816  Aux 0.5811  GAux 0.4765  R1 0.0000
[epoch 116] 30.5s
  step   45700  G 3.6520  D 0.4684  Aux 0.5787  GAux 0.4760  R1 0.0000
  step   45800  G 3.6051  D 0.4729  Aux 0.5798  GAux 0.4835  R1 0.0000
  step   45900  G 3.6292  D 0.4714  Aux 0.5709  GAux 0.4696  R1 0.0000
  step   46000  G 3.6208  D 0.4726  Aux 0.5772  GAux 0.4835  R1 0.0000
  diag step   46000  Dreal 0.9127  Dfake 0.1400  Dwrong -0.0625  gap 0.9751  cls_acc 0.859  feat_std 0.395967  ema_div 0.4529  fake_std 0.4715  fake_min -0.9922  fake_max 1.0000
[epoch 117] 31.0s
  step   46100  G 3.6604  D 0.4669  Aux 0.5675  GAux 0.4787  R1 0.0000
  step   46200  G 3.6413  D 0.4718  Aux 0.5739  GAux 0.4731  R1 0.0000
  step   46300  G 3.6434  D 0.4671  Aux 0.5738  GAux 0.4575  R1 0.0000
  step   46400  G 3.6152  D 0.4787  Aux 0.5831  GAux 0.4594  R1 0.0000
[epoch 118] 30.7s
  step   46500  G 3.6384  D 0.4614  Aux 0.5755  GAux 0.4707  R1 0.0000
  diag step   46500  Dreal 0.4280  Dfake -0.3448  Dwrong -0.4817  gap 0.9097  cls_acc 0.781  feat_std 0.391714  ema_div 0.4549  fake_std 0.4706  fake_min -0.9961  fake_max 1.0000
  step   46600  G 3.6369  D 0.4644  Aux 0.5748  GAux 0.4656  R1 0.0000
  step   46700  G 3.6543  D 0.4595  Aux 0.5654  GAux 0.4710  R1 0.0000
  step   46800  G 3.6359  D 0.4728  Aux 0.5687  GAux 0.4725  R1 0.0000
[epoch 119] 30.7s
  step   46900  G 3.6563  D 0.4604  Aux 0.5686  GAux 0.4682  R1 0.0000
  step   47000  G 3.6395  D 0.4639  Aux 0.5652  GAux 0.4721  R1 0.0000
  diag step   47000  Dreal 1.0730  Dfake 0.2083  Dwrong 0.0300  gap 1.0430  cls_acc 0.750  feat_std 0.388296  ema_div 0.4340  fake_std 0.4792  fake_min -0.9883  fake_max 1.0000
  step   47100  G 3.6264  D 0.4650  Aux 0.5624  GAux 0.4601  R1 0.0000
[epoch 120] 32.6s
  step   47200  G 3.6532  D 0.4711  Aux 0.5760  GAux 0.4703  R1 0.0000
  step   47300  G 3.6796  D 0.4484  Aux 0.5675  GAux 0.4758  R1 0.0000
  step   47400  G 3.6489  D 0.4606  Aux 0.5719  GAux 0.4781  R1 0.0000
  step   47500  G 3.6417  D 0.4572  Aux 0.5674  GAux 0.4812  R1 0.0000
  diag step   47500  Dreal 1.1274  Dfake 0.2996  Dwrong 0.0689  gap 1.0584  cls_acc 0.844  feat_std 0.383642  ema_div 0.4231  fake_std 0.5000  fake_min -1.0000  fake_max 1.0000
[epoch 121] 32.4s
  step   47600  G 3.6174  D 0.4620  Aux 0.5556  GAux 0.4635  R1 0.0000
  step   47700  G 3.6679  D 0.4466  Aux 0.5632  GAux 0.4617  R1 0.0000
  step   47800  G 3.6932  D 0.4435  Aux 0.5676  GAux 0.4723  R1 0.0000
  step   47900  G 3.6572  D 0.4638  Aux 0.5647  GAux 0.4591  R1 0.0000
[epoch 122] 32.2s
  step   48000  G 3.6702  D 0.4548  Aux 0.5647  GAux 0.4591  R1 0.0000
  diag step   48000  Dreal 1.1446  Dfake 0.2938  Dwrong 0.1960  gap 0.9485  cls_acc 0.906  feat_std 0.388252  ema_div 0.4078  fake_std 0.4367  fake_min -0.9961  fake_max 0.9961
  step   48100  G 3.6692  D 0.4557  Aux 0.5640  GAux 0.4593  R1 0.0000
  step   48200  G 3.6320  D 0.4502  Aux 0.5688  GAux 0.4752  R1 0.0000
  step   48300  G 3.6337  D 0.4645  Aux 0.5665  GAux 0.4642  R1 0.0000
[epoch 123] 32.0s
  step   48400  G 3.6372  D 0.4608  Aux 0.5546  GAux 0.4463  R1 0.0000
  step   48500  G 3.6934  D 0.4435  Aux 0.5484  GAux 0.4685  R1 0.0000
  diag step   48500  Dreal 0.8056  Dfake 0.0133  Dwrong -0.1795  gap 0.9851  cls_acc 0.844  feat_std 0.405163  ema_div 0.3851  fake_std 0.4545  fake_min -1.0000  fake_max 1.0000
  step   48600  G 3.7002  D 0.4442  Aux 0.5592  GAux 0.4509  R1 0.0000
  step   48700  G 3.6632  D 0.4539  Aux 0.5695  GAux 0.4630  R1 0.0000
[epoch 124] 32.0s
  step   48800  G 3.6862  D 0.4416  Aux 0.5646  GAux 0.4608  R1 0.0000
  step   48900  G 3.6907  D 0.4493  Aux 0.5564  GAux 0.4499  R1 0.0000
  step   49000  G 3.6911  D 0.4470  Aux 0.5507  GAux 0.4657  R1 0.0000
  diag step   49000  Dreal 0.8816  Dfake 0.1075  Dwrong -0.0262  gap 0.9078  cls_acc 0.844  feat_std 0.394081  ema_div 0.3986  fake_std 0.4943  fake_min -1.0000  fake_max 1.0000
  step   49100  G 3.7025  D 0.4557  Aux 0.5630  GAux 0.4580  R1 0.0000
[epoch 125] 33.5s
  step   49200  G 3.6694  D 0.4432  Aux 0.5539  GAux 0.4798  R1 0.0000
  step   49300  G 3.6989  D 0.4424  Aux 0.5557  GAux 0.4648  R1 0.0000
  step   49400  G 3.7029  D 0.4381  Aux 0.5547  GAux 0.4618  R1 0.0000
  step   49500  G 3.6612  D 0.4543  Aux 0.5610  GAux 0.4571  R1 0.0000
  diag step   49500  Dreal 1.0192  Dfake 0.2058  Dwrong 0.0508  gap 0.9684  cls_acc 0.859  feat_std 0.399951  ema_div 0.4054  fake_std 0.4571  fake_min -0.9922  fake_max 1.0000
[epoch 126] 32.8s
  step   49600  G 3.7106  D 0.4435  Aux 0.5562  GAux 0.4668  R1 0.0000
  step   49700  G 3.7327  D 0.4384  Aux 0.5578  GAux 0.4607  R1 0.0000
  step   49800  G 3.6960  D 0.4393  Aux 0.5532  GAux 0.4619  R1 0.0000
  step   49900  G 3.6466  D 0.4487  Aux 0.5543  GAux 0.4593  R1 0.0000
[epoch 127] 32.4s
  step   50000  G 3.7641  D 0.4430  Aux 0.5571  GAux 0.4510  R1 0.0000
  diag step   50000  Dreal 1.0021  Dfake 0.1119  Dwrong 0.0149  gap 0.9873  cls_acc 0.859  feat_std 0.365612  ema_div 0.4025  fake_std 0.4628  fake_min -0.9961  fake_max 1.0000
  step   50100  G 3.7342  D 0.4411  Aux 0.5479  GAux 0.4559  R1 0.0000
  step   50200  G 3.6818  D 0.4366  Aux 0.5435  GAux 0.4577  R1 0.0000
  step   50300  G 3.7171  D 0.4522  Aux 0.5629  GAux 0.4749  R1 0.0000
[epoch 128] 32.3s
  step   50400  G 3.6901  D 0.4400  Aux 0.5584  GAux 0.4567  R1 0.0000
  step   50500  G 3.7257  D 0.4309  Aux 0.5556  GAux 0.4482  R1 0.0000
  diag step   50500  Dreal 0.5493  Dfake -0.2644  Dwrong -0.3119  gap 0.8612  cls_acc 0.766  feat_std 0.357926  ema_div 0.4507  fake_std 0.4513  fake_min -0.9922  fake_max 1.0000
  step   50600  G 3.6715  D 0.4418  Aux 0.5512  GAux 0.4560  R1 0.0000
  step   50700  G 3.7088  D 0.4414  Aux 0.5448  GAux 0.4589  R1 0.0000
[epoch 129] 34.1s
  step   50800  G 3.7498  D 0.4302  Aux 0.5450  GAux 0.4609  R1 0.0000
  step   50900  G 3.6935  D 0.4355  Aux 0.5492  GAux 0.4590  R1 0.0000
  step   51000  G 3.6859  D 0.4468  Aux 0.5582  GAux 0.4695  R1 0.0000
  diag step   51000  Dreal 0.8144  Dfake 0.0263  Dwrong -0.1532  gap 0.9677  cls_acc 0.922  feat_std 0.386063  ema_div 0.3928  fake_std 0.4645  fake_min -0.9844  fake_max 1.0000
[epoch 130] 32.6s
  step   51100  G 3.7024  D 0.4446  Aux 0.5513  GAux 0.4502  R1 0.0000
  step   51200  G 3.7084  D 0.4265  Aux 0.5459  GAux 0.4411  R1 0.0000
  step   51300  G 3.7215  D 0.4273  Aux 0.5551  GAux 0.4613  R1 0.0000
  step   51400  G 3.6731  D 0.4381  Aux 0.5379  GAux 0.4510  R1 0.0000
[epoch 131] 31.6s
  step   51500  G 3.6938  D 0.4438  Aux 0.5531  GAux 0.4515  R1 0.0000
  diag step   51500  Dreal 0.6958  Dfake -0.0560  Dwrong -0.2037  gap 0.8994  cls_acc 0.875  feat_std 0.395409  ema_div 0.4301  fake_std 0.4664  fake_min -0.9922  fake_max 1.0000
  step   51600  G 3.7343  D 0.4265  Aux 0.5503  GAux 0.4580  R1 0.0000
  step   51700  G 3.7176  D 0.4276  Aux 0.5547  GAux 0.4562  R1 0.0000
  step   51800  G 3.7294  D 0.4325  Aux 0.5344  GAux 0.4557  R1 0.0000
[epoch 132] 31.7s
  step   51900  G 3.6947  D 0.4355  Aux 0.5475  GAux 0.4613  R1 0.0000
  step   52000  G 3.7376  D 0.4225  Aux 0.5454  GAux 0.4452  R1 0.0000
  diag step   52000  Dreal 0.9153  Dfake 0.1250  Dwrong -0.1003  gap 1.0156  cls_acc 0.812  feat_std 0.403305  ema_div 0.4154  fake_std 0.4758  fake_min -0.9961  fake_max 1.0000
  step   52100  G 3.7161  D 0.4222  Aux 0.5492  GAux 0.4399  R1 0.0000
  step   52200  G 3.7249  D 0.4338  Aux 0.5429  GAux 0.4436  R1 0.0000
[epoch 133] 31.6s
  step   52300  G 3.7060  D 0.4256  Aux 0.5423  GAux 0.4460  R1 0.0000
  step   52400  G 3.7449  D 0.4146  Aux 0.5350  GAux 0.4557  R1 0.0000
  step   52500  G 3.7281  D 0.4302  Aux 0.5394  GAux 0.4448  R1 0.0000
  diag step   52500  Dreal 1.0834  Dfake 0.1094  Dwrong 0.0767  gap 1.0068  cls_acc 0.812  feat_std 0.403063  ema_div 0.3960  fake_std 0.4544  fake_min -0.9883  fake_max 1.0000
  step   52600  G 3.7051  D 0.4176  Aux 0.5474  GAux 0.4466  R1 0.0000
[epoch 134] 31.5s
  step   52700  G 3.7290  D 0.4231  Aux 0.5369  GAux 0.4568  R1 0.0000
  step   52800  G 3.7234  D 0.4140  Aux 0.5299  GAux 0.4483  R1 0.0000
  step   52900  G 3.7336  D 0.4284  Aux 0.5498  GAux 0.4653  R1 0.0000
  step   53000  G 3.7459  D 0.4288  Aux 0.5412  GAux 0.4507  R1 0.0000
  diag step   53000  Dreal 0.6971  Dfake -0.0938  Dwrong -0.2490  gap 0.9460  cls_acc 0.906  feat_std 0.409533  ema_div 0.3892  fake_std 0.4434  fake_min -0.9961  fake_max 1.0000
[epoch 135] 31.6s
  step   53100  G 3.7172  D 0.4152  Aux 0.5345  GAux 0.4555  R1 0.0000
  step   53200  G 3.7322  D 0.4127  Aux 0.5378  GAux 0.4397  R1 0.0000
  step   53300  G 3.7856  D 0.4170  Aux 0.5351  GAux 0.4568  R1 0.0000
  step   53400  G 3.7478  D 0.4312  Aux 0.5408  GAux 0.4497  R1 0.0000
[epoch 136] 31.7s
  step   53500  G 3.7596  D 0.4172  Aux 0.5370  GAux 0.4489  R1 0.0000
  diag step   53500  Dreal 1.1084  Dfake 0.2576  Dwrong 0.0501  gap 1.0582  cls_acc 0.844  feat_std 0.415884  ema_div 0.4440  fake_std 0.4776  fake_min -0.9961  fake_max 1.0000
  step   53600  G 3.7586  D 0.4154  Aux 0.5344  GAux 0.4436  R1 0.0000
  step   53700  G 3.7437  D 0.4204  Aux 0.5425  GAux 0.4435  R1 0.0000
  step   53800  G 3.7395  D 0.4214  Aux 0.5302  GAux 0.4521  R1 0.0000
[epoch 137] 31.6s
  step   53900  G 3.7276  D 0.4032  Aux 0.5304  GAux 0.4509  R1 0.0000
  step   54000  G 3.7352  D 0.4141  Aux 0.5384  GAux 0.4478  R1 0.0000
  diag step   54000  Dreal 1.1142  Dfake 0.1510  Dwrong 0.0587  gap 1.0555  cls_acc 0.922  feat_std 0.433605  ema_div 0.4384  fake_std 0.4341  fake_min -0.9961  fake_max 1.0000
  step   54100  G 3.7673  D 0.4108  Aux 0.5355  GAux 0.4412  R1 0.0000
  step   54200  G 3.7348  D 0.4114  Aux 0.5374  GAux 0.4532  R1 0.0000
[epoch 138] 30.1s
  step   54300  G 3.7571  D 0.4050  Aux 0.5267  GAux 0.4480  R1 0.0000
  step   54400  G 3.7509  D 0.4077  Aux 0.5420  GAux 0.4611  R1 0.0000
  step   54500  G 3.7581  D 0.4159  Aux 0.5246  GAux 0.4406  R1 0.0000
  diag step   54500  Dreal 0.9947  Dfake 0.1479  Dwrong -0.0796  gap 1.0743  cls_acc 0.922  feat_std 0.414443  ema_div 0.4038  fake_std 0.4372  fake_min -0.9961  fake_max 1.0000
  step   54600  G 3.7131  D 0.4057  Aux 0.5409  GAux 0.4384  R1 0.0000
[epoch 139] 29.7s
  step   54700  G 3.7582  D 0.4076  Aux 0.5288  GAux 0.4540  R1 0.0000
  step   54800  G 3.7338  D 0.4091  Aux 0.5266  GAux 0.4491  R1 0.0000
  step   54900  G 3.7691  D 0.4096  Aux 0.5317  GAux 0.4534  R1 0.0000
[epoch 140] 29.5s
  step   55000  G 3.7378  D 0.4135  Aux 0.5304  GAux 0.4421  R1 0.0000
  diag step   55000  Dreal 0.5660  Dfake -0.2233  Dwrong -0.3348  gap 0.9008  cls_acc 0.906  feat_std 0.400966  ema_div 0.4568  fake_std 0.5199  fake_min -0.9961  fake_max 1.0000
  step   55100  G 3.7906  D 0.3994  Aux 0.5305  GAux 0.4415  R1 0.0000
  step   55200  G 3.7721  D 0.4029  Aux 0.5266  GAux 0.4486  R1 0.0000
  step   55300  G 3.7684  D 0.4111  Aux 0.5257  GAux 0.4309  R1 0.0000
[epoch 141] 30.1s
  step   55400  G 3.7530  D 0.4072  Aux 0.5288  GAux 0.4431  R1 0.0000
  step   55500  G 3.8233  D 0.3909  Aux 0.5303  GAux 0.4436  R1 0.0000
  diag step   55500  Dreal 1.0537  Dfake 0.1321  Dwrong 0.0368  gap 1.0170  cls_acc 0.922  feat_std 0.405052  ema_div 0.4379  fake_std 0.4624  fake_min -1.0000  fake_max 1.0000
  step   55600  G 3.7694  D 0.4031  Aux 0.5339  GAux 0.4513  R1 0.0000
  step   55700  G 3.7716  D 0.4101  Aux 0.5215  GAux 0.4388  R1 0.0000
[epoch 142] 27.9s
  step   55800  G 3.7692  D 0.4047  Aux 0.5216  GAux 0.4421  R1 0.0000
  step   55900  G 3.7669  D 0.3962  Aux 0.5225  GAux 0.4538  R1 0.0000
  step   56000  G 3.8116  D 0.4032  Aux 0.5268  GAux 0.4204  R1 0.0000
  diag step   56000  Dreal 1.2618  Dfake 0.2754  Dwrong 0.1358  gap 1.1260  cls_acc 0.891  feat_std 0.408228  ema_div 0.4068  fake_std 0.4632  fake_min -0.9961  fake_max 1.0000
  step   56100  G 3.7721  D 0.4047  Aux 0.5206  GAux 0.4569  R1 0.0000
[epoch 143] 27.7s
  step   56200  G 3.7876  D 0.4033  Aux 0.5360  GAux 0.4381  R1 0.0000
  step   56300  G 3.7814  D 0.3899  Aux 0.5272  GAux 0.4395  R1 0.0000
  step   56400  G 3.8083  D 0.4015  Aux 0.5132  GAux 0.4378  R1 0.0000
  step   56500  G 3.7694  D 0.3994  Aux 0.5246  GAux 0.4441  R1 0.0000
  diag step   56500  Dreal 0.7591  Dfake -0.0291  Dwrong -0.2848  gap 1.0438  cls_acc 0.828  feat_std 0.418216  ema_div 0.4161  fake_std 0.4820  fake_min -0.9961  fake_max 1.0000
[epoch 144] 27.8s
  step   56600  G 3.8044  D 0.4015  Aux 0.5195  GAux 0.4282  R1 0.0000
  step   56700  G 3.7918  D 0.3842  Aux 0.5255  GAux 0.4329  R1 0.0000
  step   56800  G 3.7660  D 0.3986  Aux 0.5226  GAux 0.4311  R1 0.0000
  step   56900  G 3.7817  D 0.4011  Aux 0.5214  GAux 0.4351  R1 0.0000
[epoch 145] 27.8s
  step   57000  G 3.7705  D 0.3941  Aux 0.5176  GAux 0.4315  R1 0.0000
  diag step   57000  Dreal 1.0546  Dfake 0.1712  Dwrong 0.0224  gap 1.0322  cls_acc 0.875  feat_std 0.410469  ema_div 0.4102  fake_std 0.4325  fake_min -0.9961  fake_max 1.0000
  step   57100  G 3.7731  D 0.3905  Aux 0.5178  GAux 0.4286  R1 0.0000
  step   57200  G 3.7731  D 0.3947  Aux 0.5250  GAux 0.4411  R1 0.0000
  step   57300  G 3.7701  D 0.3979  Aux 0.5199  GAux 0.4381  R1 0.0000
[epoch 146] 28.1s
  step   57400  G 3.8124  D 0.3949  Aux 0.5156  GAux 0.4279  R1 0.0000
  step   57500  G 3.7927  D 0.3891  Aux 0.5169  GAux 0.4384  R1 0.0000
  diag step   57500  Dreal 1.1265  Dfake 0.1735  Dwrong 0.0822  gap 1.0443  cls_acc 0.906  feat_std 0.406850  ema_div 0.4053  fake_std 0.4538  fake_min -0.9922  fake_max 1.0000
  step   57600  G 3.8145  D 0.3949  Aux 0.5222  GAux 0.4428  R1 0.0000
  step   57700  G 3.7836  D 0.4028  Aux 0.5188  GAux 0.4471  R1 0.0000
[epoch 147] 28.0s
  step   57800  G 3.8342  D 0.3869  Aux 0.5252  GAux 0.4438  R1 0.0000
  step   57900  G 3.7635  D 0.3940  Aux 0.5073  GAux 0.4279  R1 0.0000
  step   58000  G 3.8099  D 0.3916  Aux 0.5192  GAux 0.4415  R1 0.0000
  diag step   58000  Dreal 0.8079  Dfake -0.0621  Dwrong -0.0667  gap 0.8746  cls_acc 0.844  feat_std 0.425771  ema_div 0.4040  fake_std 0.4851  fake_min -0.9961  fake_max 1.0000
  step   58100  G 3.7705  D 0.3863  Aux 0.5180  GAux 0.4409  R1 0.0000
[epoch 148] 28.0s
  step   58200  G 3.8277  D 0.3855  Aux 0.5124  GAux 0.4187  R1 0.0000
  step   58300  G 3.8269  D 0.3820  Aux 0.5078  GAux 0.4269  R1 0.0000
  step   58400  G 3.8412  D 0.3897  Aux 0.5268  GAux 0.4510  R1 0.0000
  step   58500  G 3.7637  D 0.4057  Aux 0.5224  GAux 0.4335  R1 0.0000
  diag step   58500  Dreal 0.9186  Dfake 0.1051  Dwrong -0.0873  gap 1.0059  cls_acc 0.938  feat_std 0.406234  ema_div 0.4118  fake_std 0.4863  fake_min -1.0000  fake_max 1.0000
[epoch 149] 29.4s
  step   58600  G 3.8186  D 0.3738  Aux 0.5173  GAux 0.4571  R1 0.0000
  step   58700  G 3.8102  D 0.3863  Aux 0.5163  GAux 0.4389  R1 0.0000
  step   58800  G 3.8280  D 0.3892  Aux 0.5175  GAux 0.4309  R1 0.0000
[epoch 150] 29.9s
  step   58900  G 3.8216  D 0.3949  Aux 0.5144  GAux 0.4211  R1 0.0000
  step   59000  G 3.8624  D 0.3789  Aux 0.5182  GAux 0.4423  R1 0.0000
  diag step   59000  Dreal 0.9544  Dfake 0.0292  Dwrong -0.0858  gap 1.0402  cls_acc 0.859  feat_std 0.410957  ema_div 0.4018  fake_std 0.4230  fake_min -0.9922  fake_max 1.0000
  step   59100  G 3.8119  D 0.3903  Aux 0.5089  GAux 0.4290  R1 0.0000
  step   59200  G 3.7812  D 0.3935  Aux 0.5164  GAux 0.4175  R1 0.0000
[epoch 151] 29.6s
  step   59300  G 3.8274  D 0.3792  Aux 0.5061  GAux 0.4292  R1 0.0000
  step   59400  G 3.8176  D 0.3760  Aux 0.5122  GAux 0.4337  R1 0.0000
  step   59500  G 3.8056  D 0.3819  Aux 0.5164  GAux 0.4290  R1 0.0000
  diag step   59500  Dreal 1.4897  Dfake 0.3878  Dwrong 0.3965  gap 1.0932  cls_acc 0.938  feat_std 0.452288  ema_div 0.4079  fake_std 0.4507  fake_min -1.0000  fake_max 1.0000
  step   59600  G 3.8030  D 0.3838  Aux 0.5135  GAux 0.4223  R1 0.0000
[epoch 152] 27.6s
  step   59700  G 3.7903  D 0.3809  Aux 0.5050  GAux 0.4167  R1 0.0000
  step   59800  G 3.8096  D 0.3719  Aux 0.5012  GAux 0.4176  R1 0.0000
  step   59900  G 3.8097  D 0.3792  Aux 0.5096  GAux 0.4322  R1 0.0000
  step   60000  G 3.7916  D 0.3888  Aux 0.5134  GAux 0.4191  R1 0.0000
  diag step   60000  Dreal 1.0757  Dfake 0.2253  Dwrong 0.0119  gap 1.0638  cls_acc 0.906  feat_std 0.426050  ema_div 0.4077  fake_std 0.4603  fake_min -0.9961  fake_max 1.0000
[epoch 153] 27.7s
  step   60100  G 3.8123  D 0.3754  Aux 0.5114  GAux 0.4281  R1 0.0000
  step   60200  G 3.8324  D 0.3728  Aux 0.5001  GAux 0.4178  R1 0.0000
  step   60300  G 3.8036  D 0.3766  Aux 0.5075  GAux 0.4436  R1 0.0000
  step   60400  G 3.8227  D 0.3832  Aux 0.5125  GAux 0.4204  R1 0.0000
[epoch 154] 27.7s
  step   60500  G 3.8090  D 0.3854  Aux 0.5111  GAux 0.4419  R1 0.0000
  diag step   60500  Dreal 0.6881  Dfake -0.1899  Dwrong -0.2364  gap 0.9244  cls_acc 0.906  feat_std 0.417881  ema_div 0.4314  fake_std 0.4798  fake_min -0.9961  fake_max 1.0000
  step   60600  G 3.8148  D 0.3711  Aux 0.5089  GAux 0.4375  R1 0.0000
  step   60700  G 3.8617  D 0.3788  Aux 0.5019  GAux 0.4226  R1 0.0000
  step   60800  G 3.8248  D 0.3763  Aux 0.5121  GAux 0.4487  R1 0.0000
[epoch 155] 27.3s
  step   60900  G 3.8137  D 0.3678  Aux 0.5091  GAux 0.4265  R1 0.0000
  step   61000  G 3.8181  D 0.3679  Aux 0.5010  GAux 0.4284  R1 0.0000
  diag step   61000  Dreal 1.1470  Dfake 0.2542  Dwrong 0.0726  gap 1.0744  cls_acc 0.906  feat_std 0.406276  ema_div 0.4443  fake_std 0.4614  fake_min -0.9922  fake_max 1.0000
  step   61100  G 3.8280  D 0.3735  Aux 0.5079  GAux 0.4206  R1 0.0000
  step   61200  G 3.8395  D 0.3718  Aux 0.5021  GAux 0.4175  R1 0.0000
[epoch 156] 27.3s
  step   61300  G 3.8426  D 0.3645  Aux 0.4948  GAux 0.4276  R1 0.0000
  step   61400  G 3.8286  D 0.3692  Aux 0.4960  GAux 0.4261  R1 0.0000
  step   61500  G 3.8376  D 0.3753  Aux 0.5064  GAux 0.4292  R1 0.0000
  diag step   61500  Dreal 0.8770  Dfake 0.0985  Dwrong -0.0590  gap 0.9360  cls_acc 0.875  feat_std 0.418479  ema_div 0.4526  fake_std 0.5090  fake_min -1.0000  fake_max 1.0000
  step   61600  G 3.8325  D 0.3711  Aux 0.5063  GAux 0.4217  R1 0.0000
[epoch 157] 27.3s
  step   61700  G 3.8521  D 0.3651  Aux 0.4962  GAux 0.4380  R1 0.0000
  step   61800  G 3.8307  D 0.3714  Aux 0.5000  GAux 0.4338  R1 0.0000
  step   61900  G 3.8161  D 0.3749  Aux 0.5118  GAux 0.4200  R1 0.0000
  step   62000  G 3.8490  D 0.3754  Aux 0.5012  GAux 0.4272  R1 0.0000
  diag step   62000  Dreal 0.7965  Dfake -0.0113  Dwrong -0.1414  gap 0.9379  cls_acc 0.906  feat_std 0.426226  ema_div 0.4181  fake_std 0.4700  fake_min -1.0000  fake_max 1.0000
[epoch 158] 27.1s
  step   62100  G 3.8158  D 0.3663  Aux 0.4995  GAux 0.4289  R1 0.0000
  step   62200  G 3.8609  D 0.3665  Aux 0.4977  GAux 0.4238  R1 0.0000
  step   62300  G 3.8436  D 0.3610  Aux 0.5001  GAux 0.4182  R1 0.0000
  step   62400  G 3.8364  D 0.3712  Aux 0.5007  GAux 0.4296  R1 0.0000
[epoch 159] 27.2s
  step   62500  G 3.8650  D 0.3574  Aux 0.4986  GAux 0.4303  R1 0.0000
  diag step   62500  Dreal 0.9242  Dfake 0.0300  Dwrong -0.0706  gap 0.9949  cls_acc 0.922  feat_std 0.451684  ema_div 0.4029  fake_std 0.4853  fake_min -1.0000  fake_max 1.0000
  step   62600  G 3.8421  D 0.3639  Aux 0.5028  GAux 0.4232  R1 0.0000
  step   62700  G 3.8714  D 0.3636  Aux 0.4975  GAux 0.4237  R1 0.0000
[epoch 160] 27.5s
  step   62800  G 3.8597  D 0.3639  Aux 0.4957  GAux 0.4312  R1 0.0000
  step   62900  G 3.8699  D 0.3594  Aux 0.4919  GAux 0.4332  R1 0.0000
  step   63000  G 3.8470  D 0.3662  Aux 0.4973  GAux 0.4240  R1 0.0000
  diag step   63000  Dreal 1.0779  Dfake 0.1488  Dwrong 0.1496  gap 0.9284  cls_acc 0.859  feat_std 0.419031  ema_div 0.4112  fake_std 0.4377  fake_min -0.9961  fake_max 1.0000
  step   63100  G 3.8557  D 0.3705  Aux 0.4989  GAux 0.4173  R1 0.0000
[epoch 161] 27.6s
  step   63200  G 3.8377  D 0.3611  Aux 0.4948  GAux 0.4246  R1 0.0000
  step   63300  G 3.8798  D 0.3559  Aux 0.4964  GAux 0.4221  R1 0.0000
  step   63400  G 3.8759  D 0.3564  Aux 0.5024  GAux 0.4388  R1 0.0000
  step   63500  G 3.8504  D 0.3613  Aux 0.4952  GAux 0.4121  R1 0.0000
  diag step   63500  Dreal 1.0050  Dfake 0.3263  Dwrong 0.0678  gap 0.9373  cls_acc 0.938  feat_std 0.415603  ema_div 0.3892  fake_std 0.4433  fake_min -0.9805  fake_max 1.0000
[epoch 162] 27.7s
  step   63600  G 3.8972  D 0.3619  Aux 0.4851  GAux 0.4157  R1 0.0000
  step   63700  G 3.8838  D 0.3552  Aux 0.4937  GAux 0.4244  R1 0.0000
  step   63800  G 3.8453  D 0.3538  Aux 0.4826  GAux 0.4152  R1 0.0000
  step   63900  G 3.8668  D 0.3545  Aux 0.4925  GAux 0.4155  R1 0.0000
[epoch 163] 27.1s
  step   64000  G 3.8520  D 0.3642  Aux 0.5000  GAux 0.4246  R1 0.0000
  diag step   64000  Dreal 0.9261  Dfake 0.0381  Dwrong -0.0571  gap 0.9832  cls_acc 0.875  feat_std 0.400925  ema_div 0.3973  fake_std 0.4422  fake_min -1.0000  fake_max 1.0000
  step   64100  G 3.8752  D 0.3545  Aux 0.4976  GAux 0.4204  R1 0.0000
  step   64200  G 3.8637  D 0.3516  Aux 0.4964  GAux 0.4025  R1 0.0000
  step   64300  G 3.8391  D 0.3688  Aux 0.4934  GAux 0.4184  R1 0.0000
[epoch 164] 27.6s
  step   64400  G 3.8768  D 0.3569  Aux 0.4896  GAux 0.4244  R1 0.0000
  step   64500  G 3.9071  D 0.3540  Aux 0.4954  GAux 0.4264  R1 0.0000
  diag step   64500  Dreal 1.2580  Dfake 0.2939  Dwrong 0.2376  gap 1.0204  cls_acc 0.906  feat_std 0.423473  ema_div 0.4388  fake_std 0.4933  fake_min -1.0000  fake_max 1.0000
  step   64600  G 3.8716  D 0.3502  Aux 0.4949  GAux 0.4157  R1 0.0000
  step   64700  G 3.8539  D 0.3600  Aux 0.4869  GAux 0.4194  R1 0.0000
[epoch 165] 27.2s
  step   64800  G 3.8560  D 0.3566  Aux 0.4898  GAux 0.4267  R1 0.0000
  step   64900  G 3.8947  D 0.3565  Aux 0.4976  GAux 0.4295  R1 0.0000
  step   65000  G 3.8719  D 0.3570  Aux 0.4903  GAux 0.4156  R1 0.0000
  diag step   65000  Dreal 0.6096  Dfake -0.2141  Dwrong -0.2898  gap 0.8993  cls_acc 0.812  feat_std 0.393160  ema_div 0.4359  fake_std 0.4832  fake_min -0.9961  fake_max 1.0000
  step   65100  G 3.8384  D 0.3599  Aux 0.4888  GAux 0.4094  R1 0.0000
[epoch 166] 27.5s
  step   65200  G 3.8503  D 0.3436  Aux 0.4819  GAux 0.4048  R1 0.0000
  step   65300  G 3.8679  D 0.3568  Aux 0.5048  GAux 0.4134  R1 0.0000
  step   65400  G 3.8392  D 0.3588  Aux 0.4875  GAux 0.4136  R1 0.0000
  step   65500  G 3.8665  D 0.3576  Aux 0.4924  GAux 0.4048  R1 0.0000
  diag step   65500  Dreal 1.1152  Dfake 0.0682  Dwrong 0.0305  gap 1.0847  cls_acc 0.906  feat_std 0.449547  ema_div 0.4314  fake_std 0.4544  fake_min -0.9961  fake_max 1.0000
[epoch 167] 27.4s
  step   65600  G 3.8747  D 0.3394  Aux 0.4850  GAux 0.4159  R1 0.0000
  step   65700  G 3.8984  D 0.3473  Aux 0.4891  GAux 0.4185  R1 0.0000
  step   65800  G 3.8789  D 0.3378  Aux 0.4851  GAux 0.4282  R1 0.0000
  step   65900  G 3.8921  D 0.3518  Aux 0.4826  GAux 0.4133  R1 0.0000
[epoch 168] 27.4s
  step   66000  G 3.9209  D 0.3367  Aux 0.4796  GAux 0.4222  R1 0.0000
  diag step   66000  Dreal 1.0281  Dfake 0.1266  Dwrong -0.0258  gap 1.0539  cls_acc 0.938  feat_std 0.433468  ema_div 0.4188  fake_std 0.4597  fake_min -1.0000  fake_max 1.0000
  step   66100  G 3.8876  D 0.3476  Aux 0.4870  GAux 0.4173  R1 0.0000
  step   66200  G 3.8353  D 0.3424  Aux 0.4889  GAux 0.4222  R1 0.0000
  step   66300  G 3.8581  D 0.3504  Aux 0.4929  GAux 0.4202  R1 0.0000
[epoch 169] 27.4s
  step   66400  G 3.9154  D 0.3429  Aux 0.4887  GAux 0.4265  R1 0.0000
  step   66500  G 3.9061  D 0.3441  Aux 0.4837  GAux 0.4084  R1 0.0000
  diag step   66500  Dreal 1.2374  Dfake 0.2815  Dwrong 0.1839  gap 1.0535  cls_acc 0.891  feat_std 0.432367  ema_div 0.4178  fake_std 0.4316  fake_min -0.9922  fake_max 1.0000
  step   66600  G 3.8687  D 0.3420  Aux 0.4798  GAux 0.4058  R1 0.0000
[epoch 170] 27.3s
  step   66700  G 3.8774  D 0.3570  Aux 0.4992  GAux 0.4078  R1 0.0000
  step   66800  G 3.9313  D 0.3398  Aux 0.4830  GAux 0.4076  R1 0.0000
  step   66900  G 3.8834  D 0.3408  Aux 0.4818  GAux 0.4243  R1 0.0000
  step   67000  G 3.9057  D 0.3541  Aux 0.4857  GAux 0.4108  R1 0.0000
  diag step   67000  Dreal 0.9358  Dfake 0.0426  Dwrong -0.0151  gap 0.9509  cls_acc 0.922  feat_std 0.404291  ema_div 0.4474  fake_std 0.4623  fake_min -0.9961  fake_max 1.0000
[epoch 171] 27.5s
  step   67100  G 3.9184  D 0.3441  Aux 0.4797  GAux 0.4154  R1 0.0000
  step   67200  G 3.9060  D 0.3434  Aux 0.4746  GAux 0.4115  R1 0.0000
  step   67300  G 3.9289  D 0.3448  Aux 0.4805  GAux 0.4023  R1 0.0000
  step   67400  G 3.8942  D 0.3491  Aux 0.4897  GAux 0.4195  R1 0.0000
[epoch 172] 27.1s
  step   67500  G 3.8674  D 0.3474  Aux 0.4771  GAux 0.4129  R1 0.0000
  diag step   67500  Dreal 1.0501  Dfake 0.1019  Dwrong 0.0230  gap 1.0271  cls_acc 0.875  feat_std 0.456271  ema_div 0.4121  fake_std 0.4777  fake_min -0.9922  fake_max 1.0000
  step   67600  G 3.9289  D 0.3384  Aux 0.4847  GAux 0.4216  R1 0.0000
  step   67700  G 3.8513  D 0.3368  Aux 0.4758  GAux 0.3985  R1 0.0000
  step   67800  G 3.8661  D 0.3483  Aux 0.4866  GAux 0.4109  R1 0.0000
[epoch 173] 27.3s
  step   67900  G 3.9170  D 0.3430  Aux 0.4801  GAux 0.4169  R1 0.0000
  step   68000  G 3.9274  D 0.3346  Aux 0.4751  GAux 0.4036  R1 0.0000
  diag step   68000  Dreal 1.2276  Dfake 0.2318  Dwrong 0.1702  gap 1.0574  cls_acc 0.812  feat_std 0.429211  ema_div 0.4335  fake_std 0.5211  fake_min -1.0000  fake_max 1.0000
  step   68100  G 3.8414  D 0.3433  Aux 0.4819  GAux 0.4120  R1 0.0000
  step   68200  G 3.8648  D 0.3449  Aux 0.4742  GAux 0.4082  R1 0.0000
[epoch 174] 27.2s
  step   68300  G 3.9000  D 0.3449  Aux 0.4840  GAux 0.4201  R1 0.0000
  step   68400  G 3.9071  D 0.3365  Aux 0.4713  GAux 0.4153  R1 0.0000
  step   68500  G 3.8919  D 0.3367  Aux 0.4814  GAux 0.4138  R1 0.0000
  diag step   68500  Dreal 0.9224  Dfake 0.0388  Dwrong -0.0888  gap 1.0112  cls_acc 0.844  feat_std 0.430066  ema_div 0.4101  fake_std 0.4788  fake_min -0.9844  fake_max 1.0000
  step   68600  G 3.8701  D 0.3463  Aux 0.4776  GAux 0.4065  R1 0.0000
[epoch 175] 27.5s
  step   68700  G 3.8910  D 0.3384  Aux 0.4717  GAux 0.4006  R1 0.0000
  step   68800  G 3.8880  D 0.3268  Aux 0.4754  GAux 0.4120  R1 0.0000
  step   68900  G 3.8933  D 0.3371  Aux 0.4686  GAux 0.4058  R1 0.0000
  step   69000  G 3.8690  D 0.3435  Aux 0.4791  GAux 0.4026  R1 0.0000
  diag step   69000  Dreal 0.8074  Dfake -0.0138  Dwrong -0.1730  gap 0.9804  cls_acc 0.859  feat_std 0.419224  ema_div 0.4172  fake_std 0.4386  fake_min -0.9961  fake_max 1.0000
[epoch 176] 27.2s
  step   69100  G 3.9180  D 0.3369  Aux 0.4795  GAux 0.4285  R1 0.0000
  step   69200  G 3.8940  D 0.3331  Aux 0.4761  GAux 0.4170  R1 0.0000
  step   69300  G 3.8991  D 0.3410  Aux 0.4690  GAux 0.4127  R1 0.0000
  step   69400  G 3.8869  D 0.3387  Aux 0.4743  GAux 0.3992  R1 0.0000
[epoch 177] 27.6s
  step   69500  G 3.9412  D 0.3334  Aux 0.4759  GAux 0.4151  R1 0.0000
  diag step   69500  Dreal 1.3356  Dfake 0.3313  Dwrong 0.2511  gap 1.0845  cls_acc 0.875  feat_std 0.426607  ema_div 0.4055  fake_std 0.4598  fake_min -0.9883  fake_max 1.0000
  step   69600  G 3.9139  D 0.3328  Aux 0.4759  GAux 0.4130  R1 0.0000
  step   69700  G 3.9411  D 0.3406  Aux 0.4741  GAux 0.4046  R1 0.0000
  step   69800  G 3.9468  D 0.3372  Aux 0.4739  GAux 0.4066  R1 0.0000
[epoch 178] 27.7s
  step   69900  G 3.9002  D 0.3266  Aux 0.4648  GAux 0.4134  R1 0.0000
  step   70000  G 3.8579  D 0.3233  Aux 0.4737  GAux 0.4116  R1 0.0000
  diag step   70000  Dreal 0.6729  Dfake -0.0942  Dwrong -0.2495  gap 0.9224  cls_acc 0.844  feat_std 0.407236  ema_div 0.4011  fake_std 0.4738  fake_min -0.9961  fake_max 1.0000
  step   70100  G 3.8938  D 0.3397  Aux 0.4859  GAux 0.4127  R1 0.0000
  step   70200  G 3.8987  D 0.3355  Aux 0.4705  GAux 0.4090  R1 0.0000
[epoch 179] 27.6s
  step   70300  G 3.9652  D 0.3311  Aux 0.4695  GAux 0.4133  R1 0.0000
  step   70400  G 3.8799  D 0.3271  Aux 0.4683  GAux 0.4065  R1 0.0000
  step   70500  G 3.9255  D 0.3358  Aux 0.4719  GAux 0.3902  R1 0.0000
  diag step   70500  Dreal 1.1909  Dfake 0.2344  Dwrong 0.0774  gap 1.1135  cls_acc 0.859  feat_std 0.442227  ema_div 0.4398  fake_std 0.4778  fake_min -1.0000  fake_max 1.0000
[epoch 180] 27.5s
  step   70600  G 3.9131  D 0.3340  Aux 0.4748  GAux 0.3991  R1 0.0000
  step   70700  G 3.9072  D 0.3232  Aux 0.4733  GAux 0.4049  R1 0.0000
  step   70800  G 3.9439  D 0.3310  Aux 0.4642  GAux 0.4042  R1 0.0000
  step   70900  G 3.9141  D 0.3302  Aux 0.4732  GAux 0.3963  R1 0.0000
[epoch 181] 27.7s
  step   71000  G 3.8904  D 0.3330  Aux 0.4645  GAux 0.4024  R1 0.0000
  diag step   71000  Dreal 0.8065  Dfake -0.1764  Dwrong -0.1685  gap 0.9751  cls_acc 0.859  feat_std 0.445293  ema_div 0.4167  fake_std 0.4663  fake_min -0.9961  fake_max 1.0000
  step   71100  G 3.9423  D 0.3220  Aux 0.4789  GAux 0.3998  R1 0.0000
  step   71200  G 3.8858  D 0.3266  Aux 0.4656  GAux 0.4102  R1 0.0000
  step   71300  G 3.8905  D 0.3229  Aux 0.4652  GAux 0.4048  R1 0.0000
[epoch 182] 27.3s
  step   71400  G 3.8921  D 0.3292  Aux 0.4636  GAux 0.4013  R1 0.0000
  step   71500  G 3.9416  D 0.3180  Aux 0.4695  GAux 0.4204  R1 0.0000
  diag step   71500  Dreal 1.2934  Dfake 0.3517  Dwrong 0.2456  gap 1.0478  cls_acc 0.875  feat_std 0.438204  ema_div 0.4225  fake_std 0.4358  fake_min -0.9961  fake_max 0.9883
  step   71600  G 3.9099  D 0.3298  Aux 0.4760  GAux 0.4126  R1 0.0000
  step   71700  G 3.9322  D 0.3268  Aux 0.4613  GAux 0.4085  R1 0.0000
[epoch 183] 27.5s
  step   71800  G 3.9278  D 0.3228  Aux 0.4735  GAux 0.4009  R1 0.0000
  step   71900  G 3.9754  D 0.3173  Aux 0.4689  GAux 0.3998  R1 0.0000
  step   72000  G 3.9320  D 0.3233  Aux 0.4514  GAux 0.3950  R1 0.0000
  diag step   72000  Dreal 0.8004  Dfake -0.0376  Dwrong -0.1101  gap 0.9105  cls_acc 0.844  feat_std 0.416372  ema_div 0.4122  fake_std 0.4138  fake_min -1.0000  fake_max 1.0000
  step   72100  G 3.9215  D 0.3234  Aux 0.4750  GAux 0.4243  R1 0.0000
[epoch 184] 27.1s
  step   72200  G 3.9692  D 0.3263  Aux 0.4755  GAux 0.4065  R1 0.0000
  step   72300  G 3.9159  D 0.3192  Aux 0.4521  GAux 0.3932  R1 0.0000
  step   72400  G 3.9521  D 0.3209  Aux 0.4760  GAux 0.3960  R1 0.0000
  step   72500  G 3.8919  D 0.3242  Aux 0.4615  GAux 0.3956  R1 0.0000
  diag step   72500  Dreal 0.8999  Dfake 0.1278  Dwrong 0.0312  gap 0.8687  cls_acc 0.938  feat_std 0.431558  ema_div 0.4484  fake_std 0.4933  fake_min -1.0000  fake_max 1.0000
[epoch 185] 27.8s
  step   72600  G 3.9328  D 0.3175  Aux 0.4561  GAux 0.3983  R1 0.0000
  step   72700  G 3.9036  D 0.3183  Aux 0.4661  GAux 0.4067  R1 0.0000
  step   72800  G 3.9216  D 0.3193  Aux 0.4598  GAux 0.3975  R1 0.0000
  step   72900  G 3.9046  D 0.3234  Aux 0.4713  GAux 0.4043  R1 0.0000
[epoch 186] 27.8s
  step   73000  G 3.9509  D 0.3134  Aux 0.4599  GAux 0.4034  R1 0.0000
  diag step   73000  Dreal 1.0060  Dfake 0.0743  Dwrong 0.0379  gap 0.9682  cls_acc 0.922  feat_std 0.432659  ema_div 0.4016  fake_std 0.4543  fake_min -1.0000  fake_max 1.0000
  step   73100  G 3.9236  D 0.3164  Aux 0.4585  GAux 0.4016  R1 0.0000
  step   73200  G 3.9240  D 0.3194  Aux 0.4651  GAux 0.3958  R1 0.0000
  step   73300  G 3.9039  D 0.3156  Aux 0.4630  GAux 0.4065  R1 0.0000
[epoch 187] 27.3s
  step   73400  G 3.9456  D 0.3106  Aux 0.4554  GAux 0.3771  R1 0.0000
  step   73500  G 3.9297  D 0.3131  Aux 0.4556  GAux 0.3946  R1 0.0000
  diag step   73500  Dreal 0.9871  Dfake 0.0497  Dwrong -0.0620  gap 1.0491  cls_acc 0.922  feat_std 0.438604  ema_div 0.4294  fake_std 0.4354  fake_min -0.9961  fake_max 1.0000
  step   73600  G 3.9509  D 0.3159  Aux 0.4644  GAux 0.3963  R1 0.0000
  step   73700  G 3.9087  D 0.3235  Aux 0.4634  GAux 0.4162  R1 0.0000
[epoch 188] 27.4s
  step   73800  G 3.9359  D 0.3148  Aux 0.4609  GAux 0.3882  R1 0.0000
  step   73900  G 3.9409  D 0.3146  Aux 0.4536  GAux 0.4009  R1 0.0000
  step   74000  G 3.9309  D 0.3147  Aux 0.4550  GAux 0.3852  R1 0.0000
  diag step   74000  Dreal 1.1876  Dfake 0.3544  Dwrong 0.1508  gap 1.0368  cls_acc 0.938  feat_std 0.426180  ema_div 0.3943  fake_std 0.4644  fake_min -0.9961  fake_max 1.0000
  step   74100  G 3.9256  D 0.3199  Aux 0.4648  GAux 0.4088  R1 0.0000
[epoch 189] 27.2s
  step   74200  G 3.9754  D 0.3092  Aux 0.4557  GAux 0.4003  R1 0.0000
  step   74300  G 3.9513  D 0.3069  Aux 0.4582  GAux 0.4078  R1 0.0000
  step   74400  G 3.9849  D 0.3174  Aux 0.4550  GAux 0.4005  R1 0.0000
[epoch 190] 27.2s
  step   74500  G 3.9427  D 0.3165  Aux 0.4610  GAux 0.4044  R1 0.0000
  diag step   74500  Dreal 0.9884  Dfake 0.0883  Dwrong -0.0835  gap 1.0719  cls_acc 0.859  feat_std 0.421177  ema_div 0.3964  fake_std 0.4464  fake_min -0.9961  fake_max 1.0000
  step   74600  G 3.9557  D 0.3072  Aux 0.4468  GAux 0.3847  R1 0.0000
  step   74700  G 3.9633  D 0.3163  Aux 0.4584  GAux 0.4034  R1 0.0000
  step   74800  G 3.9741  D 0.3127  Aux 0.4610  GAux 0.4028  R1 0.0000
[epoch 191] 27.4s
  step   74900  G 3.9489  D 0.3104  Aux 0.4618  GAux 0.3860  R1 0.0000
  step   75000  G 4.0125  D 0.3097  Aux 0.4531  GAux 0.4027  R1 0.0000
  diag step   75000  Dreal 1.0570  Dfake 0.0851  Dwrong 0.0097  gap 1.0473  cls_acc 0.875  feat_std 0.468140  ema_div 0.4587  fake_std 0.4907  fake_min -0.9922  fake_max 1.0000
  step   75100  G 3.9388  D 0.3180  Aux 0.4595  GAux 0.3948  R1 0.0000
  step   75200  G 3.9408  D 0.3137  Aux 0.4491  GAux 0.3923  R1 0.0000
[epoch 192] 27.7s
  step   75300  G 3.9440  D 0.3117  Aux 0.4578  GAux 0.3911  R1 0.0000
  step   75400  G 3.9264  D 0.3092  Aux 0.4499  GAux 0.3968  R1 0.0000
  step   75500  G 3.9410  D 0.3110  Aux 0.4515  GAux 0.3917  R1 0.0000
  diag step   75500  Dreal 1.0131  Dfake 0.0923  Dwrong 0.0412  gap 0.9718  cls_acc 0.875  feat_std 0.456188  ema_div 0.4193  fake_std 0.4434  fake_min -0.9961  fake_max 1.0000
  step   75600  G 3.9360  D 0.3148  Aux 0.4568  GAux 0.3943  R1 0.0000
[epoch 193] 27.7s
  step   75700  G 3.9459  D 0.3079  Aux 0.4482  GAux 0.3976  R1 0.0000
  step   75800  G 3.9589  D 0.3052  Aux 0.4559  GAux 0.3947  R1 0.0000
  step   75900  G 3.9453  D 0.3088  Aux 0.4512  GAux 0.3780  R1 0.0000
  step   76000  G 3.9515  D 0.3078  Aux 0.4555  GAux 0.3855  R1 0.0000
  diag step   76000  Dreal 1.4274  Dfake 0.4141  Dwrong 0.2738  gap 1.1536  cls_acc 0.906  feat_std 0.452200  ema_div 0.4226  fake_std 0.4326  fake_min -0.9961  fake_max 1.0000
[epoch 194] 27.7s
  step   76100  G 3.9927  D 0.3127  Aux 0.4450  GAux 0.3889  R1 0.0000
  step   76200  G 3.9672  D 0.3016  Aux 0.4573  GAux 0.3905  R1 0.0000
  step   76300  G 3.9325  D 0.3074  Aux 0.4436  GAux 0.3935  R1 0.0000
  step   76400  G 3.9377  D 0.3166  Aux 0.4589  GAux 0.3996  R1 0.0000
[epoch 195] 27.5s
  step   76500  G 3.9675  D 0.3060  Aux 0.4514  GAux 0.3942  R1 0.0000
  diag step   76500  Dreal 1.0495  Dfake 0.0129  Dwrong -0.0470  gap 1.0965  cls_acc 0.938  feat_std 0.466754  ema_div 0.3955  fake_std 0.4728  fake_min -0.9961  fake_max 1.0000
  step   76600  G 3.9386  D 0.3044  Aux 0.4519  GAux 0.3968  R1 0.0000
  step   76700  G 3.9318  D 0.3069  Aux 0.4435  GAux 0.3923  R1 0.0000
  step   76800  G 3.9468  D 0.3107  Aux 0.4531  GAux 0.3992  R1 0.0000
[epoch 196] 27.4s
  step   76900  G 3.9580  D 0.3024  Aux 0.4533  GAux 0.3979  R1 0.0000
  step   77000  G 3.9990  D 0.3076  Aux 0.4475  GAux 0.4061  R1 0.0000
  diag step   77000  Dreal 1.0332  Dfake 0.0557  Dwrong 0.0463  gap 0.9869  cls_acc 0.891  feat_std 0.438269  ema_div 0.4185  fake_std 0.4585  fake_min -1.0000  fake_max 1.0000
  step   77100  G 3.9672  D 0.3079  Aux 0.4525  GAux 0.3954  R1 0.0000
  step   77200  G 3.9373  D 0.3095  Aux 0.4473  GAux 0.3940  R1 0.0000
[epoch 197] 27.2s
  step   77300  G 3.9610  D 0.2990  Aux 0.4419  GAux 0.3980  R1 0.0000
  step   77400  G 3.9891  D 0.2977  Aux 0.4555  GAux 0.3893  R1 0.0000
  step   77500  G 3.9477  D 0.3033  Aux 0.4447  GAux 0.3894  R1 0.0000
  diag step   77500  Dreal 1.0912  Dfake -0.0026  Dwrong 0.1303  gap 0.9609  cls_acc 0.922  feat_std 0.445268  ema_div 0.4466  fake_std 0.4674  fake_min -0.9922  fake_max 1.0000
  step   77600  G 3.9707  D 0.3033  Aux 0.4476  GAux 0.3857  R1 0.0000
[epoch 198] 27.3s
  step   77700  G 4.0127  D 0.2968  Aux 0.4506  GAux 0.3911  R1 0.0000
  step   77800  G 3.9418  D 0.3005  Aux 0.4469  GAux 0.3903  R1 0.0000
  step   77900  G 4.0094  D 0.3002  Aux 0.4351  GAux 0.3700  R1 0.0000
  step   78000  G 3.9157  D 0.3063  Aux 0.4492  GAux 0.3748  R1 0.0000
  diag step   78000  Dreal 0.9499  Dfake -0.0262  Dwrong -0.1241  gap 1.0740  cls_acc 0.906  feat_std 0.473553  ema_div 0.4194  fake_std 0.4796  fake_min -1.0000  fake_max 1.0000
[epoch 199] 27.7s
