Dataset: CIFAR-10  batches/epoch: 390
z_dim=128  g_base=64  d_base=64
lr_g=0.0002  lr_d=0.0002  amp=bf16
conditional classes=10  max_steps=None
ckpt: checkpoints_conditional  samples: samples_conditional
  step     100  G 1.9574  D 0.1621  R1 0.0000
  step     200  G 2.2434  D 0.2342  R1 0.0000
  step     300  G 1.5969  D 0.6562  R1 0.0000
[epoch 000] 36.9s
  step     400  G 1.4365  D 0.7369  R1 0.0000
  step     500  G 0.8558  D 1.3318  R1 0.0000
  step     600  G 0.8785  D 1.2391  R1 0.0000
  step     700  G 0.8894  D 1.2450  R1 0.0000
[epoch 001] 26.9s
  step     800  G 0.8338  D 1.3566  R1 0.0000
  step     900  G 0.7225  D 1.4894  R1 0.0000
  step    1000  G 0.6186  D 1.5784  R1 0.0000
  step    1100  G 0.6079  D 1.6022  R1 0.0000
[epoch 002] 25.2s
  step    1200  G 0.5631  D 1.6269  R1 0.0000
  step    1300  G 0.5398  D 1.6472  R1 0.0000
  step    1400  G 0.5290  D 1.6676  R1 0.0000
  step    1500  G 0.4787  D 1.6838  R1 0.0000
[epoch 003] 24.8s
  step    1600  G 0.4956  D 1.7123  R1 0.0000
  step    1700  G 0.4933  D 1.7037  R1 0.0000
  step    1800  G 0.4674  D 1.7244  R1 0.0000
  step    1900  G 0.4411  D 1.7433  R1 0.0000
[epoch 004] 25.1s
  step    2000  G 0.4395  D 1.7485  R1 0.0000
  step    2100  G 0.4580  D 1.7344  R1 0.0000
  step    2200  G 0.4456  D 1.7562  R1 0.0000
  step    2300  G 0.4290  D 1.7416  R1 0.0000
[epoch 005] 24.7s
  step    2400  G 0.4288  D 1.7629  R1 0.0000
  step    2500  G 0.4174  D 1.7770  R1 0.0000
  step    2600  G 0.3928  D 1.7703  R1 0.0000
  step    2700  G 0.4063  D 1.7692  R1 0.0000
[epoch 006] 24.9s
  step    2800  G 0.3980  D 1.7752  R1 0.0000
  step    2900  G 0.3765  D 1.7715  R1 0.0000
  step    3000  G 0.3958  D 1.7701  R1 0.0000
  step    3100  G 0.3927  D 1.7711  R1 0.0000
[epoch 007] 24.8s
  step    3200  G 0.3887  D 1.7966  R1 0.0000
  step    3300  G 0.4111  D 1.7820  R1 0.0000
  step    3400  G 0.3825  D 1.7990  R1 0.0000
  step    3500  G 0.3566  D 1.8029  R1 0.0000
[epoch 008] 25.2s
  step    3600  G 0.3476  D 1.7955  R1 0.0000
  step    3700  G 0.3366  D 1.8084  R1 0.0000
  step    3800  G 0.3594  D 1.7928  R1 0.0000
  step    3900  G 0.3510  D 1.8082  R1 0.0000
[epoch 009] 25.1s
  step    4000  G 0.3503  D 1.7992  R1 0.0000
  step    4100  G 0.3884  D 1.7844  R1 0.0000
  step    4200  G 0.3313  D 1.8134  R1 0.0000
[epoch 010] 24.6s
  step    4300  G 0.3530  D 1.7864  R1 0.0000
  step    4400  G 0.3577  D 1.8087  R1 0.0000
  step    4500  G 0.3249  D 1.7973  R1 0.0000
  step    4600  G 0.3599  D 1.7925  R1 0.0000
[epoch 011] 24.8s
  step    4700  G 0.3597  D 1.8059  R1 0.0000
  step    4800  G 0.3733  D 1.8209  R1 0.0000
  step    4900  G 0.3643  D 1.7921  R1 0.0000
  step    5000  G 0.3456  D 1.7944  R1 0.0000
[epoch 012] 25.3s
  step    5100  G 0.3606  D 1.7980  R1 0.0000
  step    5200  G 0.3624  D 1.7986  R1 0.0000
  step    5300  G 0.3461  D 1.8012  R1 0.0000
  step    5400  G 0.3365  D 1.8035  R1 0.0000
[epoch 013] 27.7s
  step    5500  G 0.3337  D 1.7907  R1 0.0000
  step    5600  G 0.3283  D 1.8204  R1 0.0000
  step    5700  G 0.3626  D 1.7876  R1 0.0000
  step    5800  G 0.3444  D 1.8129  R1 0.0000
[epoch 014] 25.6s
  step    5900  G 0.3725  D 1.8001  R1 0.0000
  step    6000  G 0.3303  D 1.8040  R1 0.0000
  step    6100  G 0.3375  D 1.8069  R1 0.0000
  step    6200  G 0.3665  D 1.8283  R1 0.0000
[epoch 015] 24.8s
  step    6300  G 0.3398  D 1.7986  R1 0.0000
  step    6400  G 0.3454  D 1.8166  R1 0.0000
  step    6500  G 0.3755  D 1.8160  R1 0.0000
  step    6600  G 0.3387  D 1.8216  R1 0.0000
[epoch 016] 25.4s
  step    6700  G 0.3285  D 1.8021  R1 0.0000
  step    6800  G 0.3532  D 1.7912  R1 0.0000
  step    6900  G 0.3282  D 1.8346  R1 0.0000
  step    7000  G 0.3305  D 1.8160  R1 0.0000
[epoch 017] 25.0s
  step    7100  G 0.3384  D 1.8122  R1 0.0000
  step    7200  G 0.3715  D 1.7891  R1 0.0000
  step    7300  G 0.3678  D 1.8036  R1 0.0000
  step    7400  G 0.3345  D 1.8133  R1 0.0000
[epoch 018] 25.2s
  step    7500  G 0.3455  D 1.8034  R1 0.0000
  step    7600  G 0.3361  D 1.8109  R1 0.0000
  step    7700  G 0.3406  D 1.8070  R1 0.0000
  step    7800  G 0.3649  D 1.7967  R1 0.0000
[epoch 019] 24.6s
  step    7900  G 0.3718  D 1.7951  R1 0.0000
  step    8000  G 0.3708  D 1.7990  R1 0.0000
  step    8100  G 0.3513  D 1.8193  R1 0.0000
[epoch 020] 24.1s
  step    8200  G 0.3233  D 1.8199  R1 0.0000
  step    8300  G 0.3598  D 1.8090  R1 0.0000
  step    8400  G 0.3649  D 1.8152  R1 0.0000
  step    8500  G 0.3523  D 1.7985  R1 0.0000
[epoch 021] 24.3s
  step    8600  G 0.3566  D 1.8145  R1 0.0000
  step    8700  G 0.3704  D 1.8113  R1 0.0000
  step    8800  G 0.3474  D 1.8291  R1 0.0000
  step    8900  G 0.3185  D 1.8213  R1 0.0000
[epoch 022] 23.9s
  step    9000  G 0.3401  D 1.8218  R1 0.0000
  step    9100  G 0.3420  D 1.8154  R1 0.0000
  step    9200  G 0.3411  D 1.8339  R1 0.0000
  step    9300  G 0.3542  D 1.8306  R1 0.0000
[epoch 023] 24.0s
  step    9400  G 0.3488  D 1.7912  R1 0.0000
  step    9500  G 0.3433  D 1.7916  R1 0.0000
  step    9600  G 0.3773  D 1.8014  R1 0.0000
  step    9700  G 0.3349  D 1.8067  R1 0.0000
[epoch 024] 24.1s
  step    9800  G 0.3436  D 1.8160  R1 0.0000
  step    9900  G 0.3083  D 1.8341  R1 0.0000
  step   10000  G 0.3494  D 1.8195  R1 0.0000
  step   10100  G 0.3543  D 1.8304  R1 0.0000
[epoch 025] 24.3s
  step   10200  G 0.3743  D 1.8125  R1 0.0000
  step   10300  G 0.3628  D 1.8156  R1 0.0000
  step   10400  G 0.3716  D 1.8160  R1 0.0000
  step   10500  G 0.3534  D 1.8444  R1 0.0000
[epoch 026] 24.0s
  step   10600  G 0.3457  D 1.8255  R1 0.0000
  step   10700  G 0.3262  D 1.8440  R1 0.0000
  step   10800  G 0.3552  D 1.8275  R1 0.0000
  step   10900  G 0.3211  D 1.8519  R1 0.0000
[epoch 027] 26.4s
  step   11000  G 0.3063  D 1.8393  R1 0.0000
  step   11100  G 0.3149  D 1.8582  R1 0.0000
  step   11200  G 0.3472  D 1.7997  R1 0.0000
  step   11300  G 0.3666  D 1.8125  R1 0.0000
[epoch 028] 24.7s
  step   11400  G 0.3399  D 1.8297  R1 0.0000
  step   11500  G 0.3540  D 1.8279  R1 0.0000
  step   11600  G 0.3552  D 1.8030  R1 0.0000
  step   11700  G 0.3398  D 1.8275  R1 0.0000
[epoch 029] 24.2s
  step   11800  G 0.3021  D 1.8404  R1 0.0000
  step   11900  G 0.3224  D 1.8213  R1 0.0000
  step   12000  G 0.3268  D 1.8150  R1 0.0000
[epoch 030] 24.6s
  step   12100  G 0.3518  D 1.8350  R1 0.0000
  step   12200  G 0.3389  D 1.8396  R1 0.0000
  step   12300  G 0.3462  D 1.8239  R1 0.0000
  step   12400  G 0.3309  D 1.8246  R1 0.0000
[epoch 031] 24.1s
  step   12500  G 0.3401  D 1.8094  R1 0.0000
  step   12600  G 0.3427  D 1.8258  R1 0.0000
  step   12700  G 0.3290  D 1.8149  R1 0.0000
  step   12800  G 0.3428  D 1.8161  R1 0.0000
[epoch 032] 23.9s
  step   12900  G 0.3378  D 1.8329  R1 0.0000
  step   13000  G 0.3795  D 1.8054  R1 0.0000
  step   13100  G 0.3547  D 1.8153  R1 0.0000
  step   13200  G 0.3118  D 1.8459  R1 0.0000
[epoch 033] 23.8s
  step   13300  G 0.3782  D 1.8114  R1 0.0000
  step   13400  G 0.3764  D 1.8095  R1 0.0000
  step   13500  G 0.3457  D 1.8197  R1 0.0000
  step   13600  G 0.3540  D 1.8219  R1 0.0000
[epoch 034] 24.4s
  step   13700  G 0.3531  D 1.8269  R1 0.0000
  step   13800  G 0.3073  D 1.8190  R1 0.0000
  step   13900  G 0.3772  D 1.8108  R1 0.0000
  step   14000  G 0.3347  D 1.8493  R1 0.0000
[epoch 035] 23.9s
  step   14100  G 0.2997  D 1.8434  R1 0.0000
  step   14200  G 0.3485  D 1.7977  R1 0.0000
  step   14300  G 0.3564  D 1.8236  R1 0.0000
  step   14400  G 0.3839  D 1.8284  R1 0.0000
[epoch 036] 24.7s
  step   14500  G 0.3417  D 1.8245  R1 0.0000
  step   14600  G 0.3615  D 1.8505  R1 0.0000
  step   14700  G 0.3619  D 1.8216  R1 0.0000
  step   14800  G 0.3435  D 1.8320  R1 0.0000
[epoch 037] 26.0s
  step   14900  G 0.3737  D 1.8162  R1 0.0000
  step   15000  G 0.3238  D 1.8378  R1 0.0000
  step   15100  G 0.2932  D 1.8504  R1 0.0000
  step   15200  G 0.3392  D 1.8372  R1 0.0000
[epoch 038] 25.6s
  step   15300  G 0.3315  D 1.8249  R1 0.0000
  step   15400  G 0.3437  D 1.8046  R1 0.0000
  step   15500  G 0.3615  D 1.8342  R1 0.0000
  step   15600  G 0.3333  D 1.8413  R1 0.0000
[epoch 039] 26.3s
  step   15700  G 0.3517  D 1.8373  R1 0.0000
  step   15800  G 0.3747  D 1.8228  R1 0.0000
  step   15900  G 0.3331  D 1.8483  R1 0.0000
[epoch 040] 26.5s
  step   16000  G 0.3877  D 1.8239  R1 0.0000
  step   16100  G 0.3511  D 1.8077  R1 0.0000
  step   16200  G 0.3368  D 1.8231  R1 0.0000
  step   16300  G 0.3652  D 1.8388  R1 0.0000
[epoch 041] 26.2s
  step   16400  G 0.3429  D 1.8600  R1 0.0000
  step   16500  G 0.3645  D 1.8436  R1 0.0000
  step   16600  G 0.3425  D 1.8547  R1 0.0000
  step   16700  G 0.3516  D 1.8210  R1 0.0000
[epoch 042] 25.8s
  step   16800  G 0.3626  D 1.8307  R1 0.0000
  step   16900  G 0.3693  D 1.7950  R1 0.0000
  step   17000  G 0.3483  D 1.8405  R1 0.0000
  step   17100  G 0.3535  D 1.8221  R1 0.0000
[epoch 043] 24.4s
  step   17200  G 0.3676  D 1.8355  R1 0.0000
  step   17300  G 0.3633  D 1.7997  R1 0.0000
  step   17400  G 0.3791  D 1.8117  R1 0.0000
  step   17500  G 0.3765  D 1.8320  R1 0.0000
[epoch 044] 27.8s
  step   17600  G 0.3520  D 1.8038  R1 0.0000
  step   17700  G 0.3915  D 1.8242  R1 0.0000
  step   17800  G 0.3624  D 1.8438  R1 0.0000
  step   17900  G 0.3557  D 1.8560  R1 0.0000
[epoch 045] 24.6s
  step   18000  G 0.3295  D 1.8429  R1 0.0000
  step   18100  G 0.3484  D 1.8286  R1 0.0000
  step   18200  G 0.3753  D 1.8182  R1 0.0000
  step   18300  G 0.3223  D 1.8575  R1 0.0000
[epoch 046] 24.3s
  step   18400  G 0.3643  D 1.8618  R1 0.0000
  step   18500  G 0.3982  D 1.8140  R1 0.0000
  step   18600  G 0.3724  D 1.8237  R1 0.0000
  step   18700  G 0.3719  D 1.8317  R1 0.0000
[epoch 047] 24.3s
  step   18800  G 0.3875  D 1.8279  R1 0.0000
  step   18900  G 0.3299  D 1.8255  R1 0.0000
  step   19000  G 0.3776  D 1.8145  R1 0.0000
  step   19100  G 0.3617  D 1.8250  R1 0.0000
[epoch 048] 24.8s
  step   19200  G 0.3604  D 1.8337  R1 0.0000
  step   19300  G 0.3277  D 1.8421  R1 0.0000
  step   19400  G 0.3544  D 1.8486  R1 0.0000
  step   19500  G 0.3637  D 1.8376  R1 0.0000
[epoch 049] 24.5s
  step   19600  G 0.3730  D 1.8592  R1 0.0000
  step   19700  G 0.3727  D 1.8279  R1 0.0000
  step   19800  G 0.3798  D 1.8387  R1 0.0000
[epoch 050] 24.0s
  step   19900  G 0.3544  D 1.8393  R1 0.0000
  step   20000  G 0.2999  D 1.8338  R1 0.0000
  step   20100  G 0.3454  D 1.8417  R1 0.0000
  step   20200  G 0.3854  D 1.8221  R1 0.0000
[epoch 051] 24.1s
  step   20300  G 0.3323  D 1.8517  R1 0.0000
  step   20400  G 0.3244  D 1.8560  R1 0.0000
  step   20500  G 0.3749  D 1.8471  R1 0.0000
  step   20600  G 0.3780  D 1.8295  R1 0.0000
[epoch 052] 24.3s
  step   20700  G 0.4366  D 1.8191  R1 0.0000
  step   20800  G 0.3726  D 1.8368  R1 0.0000
  step   20900  G 0.3900  D 1.8226  R1 0.0000
  step   21000  G 0.3719  D 1.8270  R1 0.0000
[epoch 053] 24.8s
  step   21100  G 0.4049  D 1.8132  R1 0.0000
  step   21200  G 0.3787  D 1.8541  R1 0.0000
  step   21300  G 0.3469  D 1.8544  R1 0.0000
  step   21400  G 0.3797  D 1.8238  R1 0.0000
[epoch 054] 24.6s
  step   21500  G 0.3905  D 1.8248  R1 0.0000
  step   21600  G 0.3334  D 1.8418  R1 0.0000
  step   21700  G 0.3086  D 1.8660  R1 0.0000
  step   21800  G 0.3530  D 1.8405  R1 0.0000
[epoch 055] 24.8s
  step   21900  G 0.3274  D 1.8526  R1 0.0000
  step   22000  G 0.3582  D 1.8570  R1 0.0000
  step   22100  G 0.3720  D 1.8688  R1 0.0000
  step   22200  G 0.3821  D 1.8369  R1 0.0000
[epoch 056] 24.4s
  step   22300  G 0.3897  D 1.8632  R1 0.0000
  step   22400  G 0.3892  D 1.8328  R1 0.0000
  step   22500  G 0.3734  D 1.8565  R1 0.0000
  step   22600  G 0.3891  D 1.8478  R1 0.0000
[epoch 057] 24.2s
  step   22700  G 0.3458  D 1.8697  R1 0.0000
  step   22800  G 0.3339  D 1.8752  R1 0.0000
  step   22900  G 0.3698  D 1.8714  R1 0.0000
  step   23000  G 0.3728  D 1.8516  R1 0.0000
[epoch 058] 24.5s
  step   23100  G 0.3244  D 1.8669  R1 0.0000
  step   23200  G 0.3670  D 1.8753  R1 0.0000
  step   23300  G 0.3120  D 1.8701  R1 0.0000
  step   23400  G 0.3477  D 1.8783  R1 0.0000
[epoch 059] 27.6s
  step   23500  G 0.3230  D 1.8813  R1 0.0000
  step   23600  G 0.3204  D 1.9142  R1 0.0000
  step   23700  G 0.3196  D 1.8756  R1 0.0000
[epoch 060] 27.5s
  step   23800  G 0.4031  D 1.8355  R1 0.0000
  step   23900  G 0.3914  D 1.8238  R1 0.0000
  step   24000  G 0.3558  D 1.8739  R1 0.0000
  step   24100  G 0.3881  D 1.8630  R1 0.0000
[epoch 061] 26.6s
  step   24200  G 0.3524  D 1.8489  R1 0.0000
  step   24300  G 0.4097  D 1.8418  R1 0.0000
  step   24400  G 0.3792  D 1.8522  R1 0.0000
  step   24500  G 0.3717  D 1.8509  R1 0.0000
[epoch 062] 24.4s
  step   24600  G 0.4226  D 1.8369  R1 0.0000
  step   24700  G 0.3646  D 1.8699  R1 0.0000
  step   24800  G 0.3408  D 1.8244  R1 0.0000
  step   24900  G 0.3863  D 1.8482  R1 0.0000
[epoch 063] 24.4s
  step   25000  G 0.4180  D 1.8291  R1 0.0000
  step   25100  G 0.4171  D 1.8479  R1 0.0000
  step   25200  G 0.3766  D 1.8766  R1 0.0000
  step   25300  G 0.3734  D 1.8676  R1 0.0000
[epoch 064] 23.9s
  step   25400  G 0.3621  D 1.8904  R1 0.0000
  step   25500  G 0.3637  D 1.8804  R1 0.0000
  step   25600  G 0.3325  D 1.8809  R1 0.0000
  step   25700  G 0.3613  D 1.8661  R1 0.0000
[epoch 065] 26.2s
  step   25800  G 0.3395  D 1.8640  R1 0.0000
  step   25900  G 0.3433  D 1.8628  R1 0.0000
  step   26000  G 0.3104  D 1.8875  R1 0.0000
  step   26100  G 0.3598  D 1.8809  R1 0.0000
[epoch 066] 25.8s
  step   26200  G 0.3563  D 1.8894  R1 0.0000
  step   26300  G 0.4178  D 1.8777  R1 0.0000
  step   26400  G 0.3646  D 1.8801  R1 0.0000
  step   26500  G 0.3460  D 1.8697  R1 0.0000
[epoch 067] 25.2s
  step   26600  G 0.3528  D 1.9004  R1 0.0000
  step   26700  G 0.3501  D 1.8799  R1 0.0000
  step   26800  G 0.3281  D 1.8829  R1 0.0000
  step   26900  G 0.3610  D 1.8868  R1 0.0000
[epoch 068] 24.1s
  step   27000  G 0.3421  D 1.8648  R1 0.0000
  step   27100  G 0.3907  D 1.8679  R1 0.0000
  step   27200  G 0.3623  D 1.8661  R1 0.0000
  step   27300  G 0.3674  D 1.8717  R1 0.0000
[epoch 069] 24.6s
  step   27400  G 0.3113  D 1.8874  R1 0.0000
  step   27500  G 0.3442  D 1.8979  R1 0.0000
  step   27600  G 0.3696  D 1.8850  R1 0.0000
[epoch 070] 24.8s
  step   27700  G 0.3826  D 1.8963  R1 0.0000
  step   27800  G 0.3745  D 1.8723  R1 0.0000
  step   27900  G 0.3846  D 1.8868  R1 0.0000
  step   28000  G 0.3420  D 1.8791  R1 0.0000
[epoch 071] 24.4s
  step   28100  G 0.3061  D 1.9000  R1 0.0000
  step   28200  G 0.3715  D 1.8589  R1 0.0000
  step   28300  G 0.3874  D 1.8889  R1 0.0000
  step   28400  G 0.3784  D 1.9010  R1 0.0000
[epoch 072] 24.8s
  step   28500  G 0.3202  D 1.9196  R1 0.0000
  step   28600  G 0.3155  D 1.8817  R1 0.0000
  step   28700  G 0.3390  D 1.8949  R1 0.0000
  step   28800  G 0.3359  D 1.8926  R1 0.0000
[epoch 073] 27.2s
  step   28900  G 0.3291  D 1.9305  R1 0.0000
  step   29000  G 0.2968  D 1.9098  R1 0.0000
  step   29100  G 0.2864  D 1.8920  R1 0.0000
  step   29200  G 0.3735  D 1.8871  R1 0.0000
[epoch 074] 27.2s
  step   29300  G 0.3468  D 1.8889  R1 0.0000
  step   29400  G 0.2723  D 1.9154  R1 0.0000
  step   29500  G 0.2358  D 1.9293  R1 0.0000
  step   29600  G 0.3380  D 1.9110  R1 0.0000
[epoch 075] 25.7s
  step   29700  G 0.4114  D 1.8723  R1 0.0000
  step   29800  G 0.3372  D 1.8864  R1 0.0000
  step   29900  G 0.3761  D 1.8931  R1 0.0000
  step   30000  G 0.3635  D 1.9056  R1 0.0000
[epoch 076] 25.0s
  step   30100  G 0.3409  D 1.9037  R1 0.0000
  step   30200  G 0.3572  D 1.9014  R1 0.0000
  step   30300  G 0.3547  D 1.8838  R1 0.0000
  step   30400  G 0.3443  D 1.8911  R1 0.0000
[epoch 077] 25.3s
  step   30500  G 0.3366  D 1.9007  R1 0.0000
  step   30600  G 0.3192  D 1.9105  R1 0.0000
  step   30700  G 0.3652  D 1.9163  R1 0.0000
  step   30800  G 0.2846  D 1.9213  R1 0.0000
[epoch 078] 24.1s
  step   30900  G 0.3168  D 1.9460  R1 0.0000
  step   31000  G 0.2859  D 1.9537  R1 0.0000
  step   31100  G 0.3187  D 1.9195  R1 0.0000
  step   31200  G 0.3468  D 1.8933  R1 0.0000
[epoch 079] 23.9s
  step   31300  G 0.2707  D 1.9127  R1 0.0000
  step   31400  G 0.3207  D 1.8982  R1 0.0000
  step   31500  G 0.3672  D 1.9322  R1 0.0000
[epoch 080] 24.6s
  step   31600  G 0.3332  D 1.9219  R1 0.0000
  step   31700  G 0.3090  D 1.9364  R1 0.0000
  step   31800  G 0.3004  D 1.9195  R1 0.0000
  step   31900  G 0.3055  D 1.9374  R1 0.0000
[epoch 081] 26.5s
  step   32000  G 0.3452  D 1.9142  R1 0.0000
  step   32100  G 0.3554  D 1.9136  R1 0.0000
  step   32200  G 0.3315  D 1.9203  R1 0.0000
  step   32300  G 0.3093  D 1.9083  R1 0.0000
[epoch 082] 25.5s
  step   32400  G 0.3137  D 1.9033  R1 0.0000
  step   32500  G 0.3134  D 1.9039  R1 0.0000
  step   32600  G 0.2819  D 1.9593  R1 0.0000
  step   32700  G 0.2444  D 1.9368  R1 0.0000
[epoch 083] 25.6s
  step   32800  G 0.3188  D 1.9128  R1 0.0000
  step   32900  G 0.2854  D 1.9053  R1 0.0000
  step   33000  G 0.3055  D 1.9373  R1 0.0000
  step   33100  G 0.3279  D 1.9465  R1 0.0000
[epoch 084] 24.7s
  step   33200  G 0.3521  D 1.9206  R1 0.0000
  step   33300  G 0.3257  D 1.9337  R1 0.0000
  step   33400  G 0.3591  D 1.9291  R1 0.0000
  step   33500  G 0.2651  D 1.9357  R1 0.0000
[epoch 085] 24.4s
  step   33600  G 0.3016  D 1.9255  R1 0.0000
  step   33700  G 0.2984  D 1.9508  R1 0.0000
  step   33800  G 0.2889  D 1.9498  R1 0.0000
  step   33900  G 0.3839  D 1.9182  R1 0.0000
[epoch 086] 26.1s
  step   34000  G 0.3692  D 1.9282  R1 0.0000
  step   34100  G 0.3388  D 1.9324  R1 0.0000
  step   34200  G 0.2964  D 1.9271  R1 0.0000
  step   34300  G 0.3011  D 1.9455  R1 0.0000
[epoch 087] 25.0s
  step   34400  G 0.3610  D 1.9205  R1 0.0000
  step   34500  G 0.2899  D 1.9410  R1 0.0000
  step   34600  G 0.2961  D 1.9465  R1 0.0000
  step   34700  G 0.2586  D 1.9373  R1 0.0000
[epoch 088] 26.5s
  step   34800  G 0.2613  D 1.9532  R1 0.0000
  step   34900  G 0.3151  D 1.9322  R1 0.0000
  step   35000  G 0.3107  D 1.9319  R1 0.0000
  step   35100  G 0.3308  D 1.9496  R1 0.0000
[epoch 089] 30.0s
  step   35200  G 0.3060  D 1.9472  R1 0.0000
  step   35300  G 0.3063  D 1.9676  R1 0.0000
  step   35400  G 0.3210  D 1.9456  R1 0.0000
[epoch 090] 27.6s
  step   35500  G 0.2967  D 1.9487  R1 0.0000
  step   35600  G 0.3021  D 1.9772  R1 0.0000
  step   35700  G 0.2886  D 1.9619  R1 0.0000
  step   35800  G 0.3070  D 1.9362  R1 0.0000
[epoch 091] 27.3s
  step   35900  G 0.2796  D 1.9300  R1 0.0000
  step   36000  G 0.3025  D 1.9497  R1 0.0000
  step   36100  G 0.2642  D 1.9667  R1 0.0000
  step   36200  G 0.3087  D 1.9406  R1 0.0000
[epoch 092] 26.5s
  step   36300  G 0.1501  D 1.9651  R1 0.0000
  step   36400  G 0.1840  D 1.9683  R1 0.0000
  step   36500  G 0.2378  D 1.9686  R1 0.0000
  step   36600  G 0.2920  D 1.9718  R1 0.0000
[epoch 093] 26.1s
  step   36700  G 0.3131  D 1.9564  R1 0.0000
  step   36800  G 0.2427  D 1.9737  R1 0.0000
  step   36900  G 0.2869  D 1.9636  R1 0.0000
  step   37000  G 0.2962  D 1.9566  R1 0.0000
[epoch 094] 69.2s
  step   37100  G 0.1881  D 1.9821  R1 0.0000
  step   37200  G 0.1700  D 1.9813  R1 0.0000
  step   37300  G 0.2274  D 1.9756  R1 0.0000
  step   37400  G 0.2796  D 1.9645  R1 0.0000
[epoch 095] 31.3s
  step   37500  G 0.2411  D 1.9713  R1 0.0000
  step   37600  G 0.1619  D 1.9848  R1 0.0000
  step   37700  G 0.1334  D 2.0003  R1 0.0000
  step   37800  G 0.1493  D 1.9664  R1 0.0000
[epoch 096] 26.9s
  step   37900  G 0.1895  D 1.9616  R1 0.0000
  step   38000  G 0.3231  D 1.9374  R1 0.0000
  step   38100  G 0.3295  D 1.9549  R1 0.0000
  step   38200  G 0.2459  D 1.9691  R1 0.0000
[epoch 097] 25.1s
  step   38300  G 0.2120  D 1.9892  R1 0.0000
  step   38400  G 0.2812  D 1.9772  R1 0.0000
  step   38500  G 0.2639  D 1.9620  R1 0.0000
  step   38600  G 0.2057  D 1.9703  R1 0.0000
[epoch 098] 25.3s
  step   38700  G 0.3240  D 1.9699  R1 0.0000
  step   38800  G 0.2723  D 1.9751  R1 0.0000
  step   38900  G 0.2816  D 1.9792  R1 0.0000
  step   39000  G 0.2084  D 1.9739  R1 0.0000
[epoch 099] 25.0s
  step   39100  G 0.2260  D 1.9939  R1 0.0000
  step   39200  G 0.2542  D 1.9815  R1 0.0000
  step   39300  G 0.1531  D 1.9848  R1 0.0000
[epoch 100] 25.5s
  step   39400  G 0.0769  D 1.9880  R1 0.0000
  step   39500  G 0.1193  D 1.9830  R1 0.0000
  step   39600  G 0.1953  D 1.9975  R1 0.0000
  step   39700  G 0.2736  D 1.9948  R1 0.0000
[epoch 101] 27.1s
  step   39800  G 0.2841  D 1.9775  R1 0.0000
  step   39900  G 0.2327  D 1.9786  R1 0.0000
  step   40000  G 0.2351  D 1.9874  R1 0.0000
  step   40100  G 0.0740  D 1.9922  R1 0.0000
[epoch 102] 27.1s
  step   40200  G 0.1175  D 1.9901  R1 0.0000
  step   40300  G 0.1568  D 1.9859  R1 0.0000
  step   40400  G 0.0555  D 1.9909  R1 0.0000
  step   40500  G 0.0473  D 1.9809  R1 0.0000
[epoch 103] 26.5s
  step   40600  G 0.1548  D 1.9849  R1 0.0000
  step   40700  G 0.1164  D 1.9899  R1 0.0000
  step   40800  G 0.1698  D 1.9922  R1 0.0000
  step   40900  G 0.0756  D 1.9953  R1 0.0000
[epoch 104] 25.5s
  step   41000  G 0.0144  D 1.9967  R1 0.0000
  step   41100  G 0.1074  D 1.9940  R1 0.0000
  step   41200  G 0.0387  D 1.9980  R1 0.0000
  step   41300  G -0.0198  D 2.0026  R1 0.0000
[epoch 105] 25.7s
  step   41400  G -0.0915  D 1.9981  R1 0.0000
  step   41500  G 0.1176  D 1.9995  R1 0.0000
  step   41600  G 0.0971  D 1.9806  R1 0.0000
  step   41700  G 0.0469  D 1.9903  R1 0.0000
[epoch 106] 26.2s
  step   41800  G 0.0302  D 1.9907  R1 0.0000
  step   41900  G 0.1168  D 2.0024  R1 0.0000
  step   42000  G -0.0166  D 1.9977  R1 0.0000
  step   42100  G -0.0133  D 1.9900  R1 0.0000
[epoch 107] 25.3s
  step   42200  G -0.0034  D 1.9861  R1 0.0000
  step   42300  G 0.1321  D 1.9925  R1 0.0000
  step   42400  G 0.1880  D 1.9864  R1 0.0000
  step   42500  G 0.1559  D 2.0025  R1 0.0000
[epoch 108] 24.8s
  step   42600  G 0.0694  D 1.9981  R1 0.0000
  step   42700  G 0.0977  D 2.0043  R1 0.0000
  step   42800  G 0.2234  D 2.0011  R1 0.0000
  step   42900  G 0.2437  D 2.0070  R1 0.0000
[epoch 109] 25.2s
  step   43000  G 0.0078  D 1.9953  R1 0.0000
  step   43100  G 0.0992  D 2.0027  R1 0.0000
  step   43200  G 0.0470  D 2.0063  R1 0.0000
[epoch 110] 25.2s
  step   43300  G 0.1840  D 2.0098  R1 0.0000
  step   43400  G 0.2856  D 1.9946  R1 0.0000
  step   43500  G 0.0751  D 2.0023  R1 0.0000
  step   43600  G 0.1577  D 2.0101  R1 0.0000
[epoch 111] 25.3s
  step   43700  G 0.0119  D 2.0003  R1 0.0000
  step   43800  G -0.0594  D 1.9931  R1 0.0000
  step   43900  G -0.0162  D 1.9940  R1 0.0000
  step   44000  G 0.1053  D 2.0039  R1 0.0000
[epoch 112] 25.7s
  step   44100  G 0.1855  D 1.9997  R1 0.0000
  step   44200  G 0.1740  D 2.0041  R1 0.0000
  step   44300  G 0.0441  D 2.0001  R1 0.0000
  step   44400  G 0.0249  D 2.0155  R1 0.0000
[epoch 113] 27.9s
  step   44500  G 0.0970  D 1.9967  R1 0.0000
  step   44600  G -0.0876  D 2.0146  R1 0.0000
  step   44700  G -0.1041  D 1.9934  R1 0.0000
  step   44800  G 0.0136  D 1.9952  R1 0.0000
[epoch 114] 26.1s
  step   44900  G 0.1265  D 2.0066  R1 0.0000
  step   45000  G -0.1601  D 1.9995  R1 0.0000
  step   45100  G 0.0794  D 1.9957  R1 0.0000
  step   45200  G -0.0331  D 2.0124  R1 0.0000
[epoch 115] 26.0s
  step   45300  G 0.0713  D 2.0045  R1 0.0000
  step   45400  G 0.1258  D 2.0056  R1 0.0000
  step   45500  G -0.0065  D 2.0033  R1 0.0000
  step   45600  G -0.1526  D 2.0005  R1 0.0000
[epoch 116] 24.9s
  step   45700  G -0.1082  D 2.0085  R1 0.0000
  step   45800  G 0.1509  D 2.0016  R1 0.0000
  step   45900  G -0.0032  D 2.0054  R1 0.0000
  step   46000  G -0.0154  D 2.0012  R1 0.0000
[epoch 117] 25.5s
  step   46100  G -0.1078  D 2.0022  R1 0.0000
  step   46200  G -0.2221  D 2.0105  R1 0.0000
  step   46300  G -0.2172  D 2.0061  R1 0.0000
  step   46400  G -0.0673  D 2.0004  R1 0.0000
[epoch 118] 26.2s
  step   46500  G -0.1743  D 2.0017  R1 0.0000
  step   46600  G -0.0936  D 2.0056  R1 0.0000
  step   46700  G 0.0607  D 2.0029  R1 0.0000
  step   46800  G 0.0483  D 2.0012  R1 0.0000
[epoch 119] 25.8s
  step   46900  G 0.0566  D 1.9914  R1 0.0000
  step   47000  G -0.1000  D 2.0095  R1 0.0000
  step   47100  G -0.0652  D 2.0060  R1 0.0000
[epoch 120] 27.9s
  step   47200  G -0.0876  D 2.0056  R1 0.0000
  step   47300  G 0.0801  D 2.0082  R1 0.0000
  step   47400  G 0.0509  D 2.0058  R1 0.0000
  step   47500  G 0.1078  D 2.0035  R1 0.0000
[epoch 121] 26.2s
  step   47600  G -0.1271  D 2.0092  R1 0.0000
  step   47700  G -0.2198  D 2.0020  R1 0.0000
  step   47800  G -0.0061  D 2.0008  R1 0.0000
  step   47900  G 0.1174  D 2.0037  R1 0.0000
[epoch 122] 26.2s
  step   48000  G 0.0754  D 2.0025  R1 0.0000
  step   48100  G -0.0221  D 2.0019  R1 0.0000
  step   48200  G 0.0706  D 1.9955  R1 0.0000
  step   48300  G 0.0569  D 2.0008  R1 0.0000
[epoch 123] 25.6s
  step   48400  G -0.0782  D 2.0031  R1 0.0000
  step   48500  G -0.1115  D 2.0060  R1 0.0000
  step   48600  G 0.0161  D 2.0005  R1 0.0000
  step   48700  G -0.0469  D 1.9949  R1 0.0000
[epoch 124] 25.7s
  step   48800  G -0.0952  D 2.0024  R1 0.0000
  step   48900  G -0.2309  D 2.0072  R1 0.0000
  step   49000  G -0.1224  D 2.0004  R1 0.0000
  step   49100  G -0.1665  D 2.0061  R1 0.0000
[epoch 125] 26.0s
  step   49200  G -0.2367  D 1.9916  R1 0.0000
  step   49300  G -0.2434  D 2.0047  R1 0.0000
  step   49400  G -0.1408  D 2.0019  R1 0.0000
  step   49500  G -0.0382  D 2.0089  R1 0.0000
[epoch 126] 25.3s
  step   49600  G -0.0430  D 2.0008  R1 0.0000
  step   49700  G -0.1756  D 1.9939  R1 0.0000
  step   49800  G -0.2085  D 2.0033  R1 0.0000
  step   49900  G -0.1532  D 2.0099  R1 0.0000
[epoch 127] 25.3s
  step   50000  G -0.1606  D 2.0061  R1 0.0000
  step   50100  G -0.0589  D 2.0008  R1 0.0000
  step   50200  G 0.1777  D 2.0062  R1 0.0000
  step   50300  G 0.2151  D 2.0064  R1 0.0000
[epoch 128] 25.0s
  step   50400  G 0.1652  D 2.0007  R1 0.0000
  step   50500  G 0.2465  D 2.0020  R1 0.0000
  step   50600  G 0.0496  D 1.9985  R1 0.0000
  step   50700  G -0.0628  D 1.9991  R1 0.0000
[epoch 129] 25.4s
  step   50800  G -0.0109  D 1.9961  R1 0.0000
  step   50900  G 0.0801  D 1.9993  R1 0.0000
  step   51000  G -0.0231  D 2.0054  R1 0.0000
[epoch 130] 25.3s
  step   51100  G -0.2268  D 2.0033  R1 0.0000
  step   51200  G -0.0846  D 1.9965  R1 0.0000
  step   51300  G -0.0549  D 1.9927  R1 0.0000
  step   51400  G -0.0863  D 2.0037  R1 0.0000
[epoch 131] 24.8s
  step   51500  G -0.1053  D 2.0049  R1 0.0000
  step   51600  G -0.0089  D 2.0068  R1 0.0000
  step   51700  G 0.0823  D 1.9964  R1 0.0000
  step   51800  G 0.2102  D 2.0045  R1 0.0000
[epoch 132] 26.1s
  step   51900  G 0.0741  D 1.9997  R1 0.0000
  step   52000  G -0.0492  D 2.0137  R1 0.0000
  step   52100  G -0.0282  D 1.9998  R1 0.0000
  step   52200  G -0.0274  D 2.0025  R1 0.0000
[epoch 133] 25.9s
  step   52300  G 0.0161  D 1.9986  R1 0.0000
  step   52400  G -0.1104  D 2.0002  R1 0.0000
  step   52500  G -0.2257  D 1.9921  R1 0.0000
  step   52600  G -0.2592  D 2.0062  R1 0.0000
[epoch 134] 26.8s
  step   52700  G -0.3227  D 1.9936  R1 0.0000
  step   52800  G -0.3461  D 1.9943  R1 0.0000
  step   52900  G -0.2099  D 2.0040  R1 0.0000
  step   53000  G -0.1168  D 2.0133  R1 0.0000
[epoch 135] 26.3s
  step   53100  G -0.1805  D 1.9921  R1 0.0000
  step   53200  G -0.2318  D 2.0032  R1 0.0000
  step   53300  G -0.1921  D 2.0021  R1 0.0000
  step   53400  G -0.1500  D 2.0018  R1 0.0000
[epoch 136] 26.8s
  step   53500  G -0.0721  D 1.9932  R1 0.0000
  step   53600  G 0.0238  D 1.9921  R1 0.0000
  step   53700  G 0.0014  D 2.0050  R1 0.0000
  step   53800  G -0.1022  D 1.9931  R1 0.0000
[epoch 137] 26.8s
  step   53900  G -0.0921  D 2.0127  R1 0.0000
  step   54000  G -0.1607  D 2.0002  R1 0.0000
  step   54100  G -0.2743  D 2.0019  R1 0.0000
  step   54200  G -0.2261  D 1.9979  R1 0.0000
[epoch 138] 27.0s
  step   54300  G -0.1011  D 2.0036  R1 0.0000
  step   54400  G -0.1453  D 2.0029  R1 0.0000
  step   54500  G -0.0038  D 1.9988  R1 0.0000
  step   54600  G -0.0847  D 2.0003  R1 0.0000
[epoch 139] 27.3s
  step   54700  G -0.0572  D 1.9914  R1 0.0000
  step   54800  G -0.0913  D 2.0010  R1 0.0000
  step   54900  G -0.0830  D 2.0085  R1 0.0000
[epoch 140] 26.5s
  step   55000  G -0.0325  D 2.0036  R1 0.0000
  step   55100  G 0.0061  D 1.9980  R1 0.0000
  step   55200  G 0.0486  D 1.9945  R1 0.0000
  step   55300  G 0.1404  D 1.9911  R1 0.0000
[epoch 141] 26.7s
  step   55400  G 0.0044  D 2.0196  R1 0.0000
  step   55500  G 0.0056  D 2.0066  R1 0.0000
  step   55600  G 0.2247  D 1.9941  R1 0.0000
  step   55700  G 0.2003  D 2.0055  R1 0.0000
[epoch 142] 25.2s
  step   55800  G 0.0145  D 2.0045  R1 0.0000
  step   55900  G 0.0254  D 2.0027  R1 0.0000
  step   56000  G 0.0916  D 2.0024  R1 0.0000
  step   56100  G 0.0514  D 1.9974  R1 0.0000
[epoch 143] 25.5s
  step   56200  G 0.1003  D 2.0035  R1 0.0000
  step   56300  G 0.1269  D 1.9904  R1 0.0000
  step   56400  G 0.1455  D 1.9890  R1 0.0000
  step   56500  G 0.0442  D 2.0101  R1 0.0000
[epoch 144] 26.3s
  step   56600  G -0.0154  D 2.0033  R1 0.0000
  step   56700  G -0.0854  D 2.0028  R1 0.0000
  step   56800  G -0.0466  D 2.0100  R1 0.0000
  step   56900  G 0.0216  D 2.0050  R1 0.0000
[epoch 145] 25.3s
  step   57000  G -0.0549  D 1.9989  R1 0.0000
  step   57100  G -0.0855  D 2.0015  R1 0.0000
  step   57200  G -0.0587  D 1.9825  R1 0.0000
  step   57300  G -0.0654  D 2.0087  R1 0.0000
[epoch 146] 24.9s
  step   57400  G -0.0545  D 1.9952  R1 0.0000
  step   57500  G -0.0465  D 2.0086  R1 0.0000
  step   57600  G -0.0053  D 2.0139  R1 0.0000
  step   57700  G 0.0309  D 2.0019  R1 0.0000
[epoch 147] 24.5s
  step   57800  G -0.0007  D 1.9992  R1 0.0000
  step   57900  G -0.1292  D 1.9976  R1 0.0000
  step   58000  G -0.1466  D 1.9935  R1 0.0000
  step   58100  G -0.1547  D 2.0072  R1 0.0000
[epoch 148] 24.9s
  step   58200  G -0.2201  D 1.9996  R1 0.0000
  step   58300  G -0.1162  D 2.0064  R1 0.0000
  step   58400  G -0.1298  D 2.0033  R1 0.0000
  step   58500  G -0.1147  D 2.0033  R1 0.0000
[epoch 149] 25.4s
  step   58600  G -0.1061  D 1.9991  R1 0.0000
  step   58700  G -0.0539  D 1.9923  R1 0.0000
  step   58800  G -0.1518  D 1.9998  R1 0.0000
[epoch 150] 24.9s
  step   58900  G -0.2987  D 2.0021  R1 0.0000
  step   59000  G -0.2186  D 1.9890  R1 0.0000
  step   59100  G -0.1520  D 2.0011  R1 0.0000
  step   59200  G -0.1413  D 2.0176  R1 0.0000
[epoch 151] 25.4s
  step   59300  G -0.0583  D 1.9990  R1 0.0000
  step   59400  G -0.0554  D 1.9930  R1 0.0000
  step   59500  G -0.0647  D 1.9927  R1 0.0000
  step   59600  G -0.0608  D 2.0103  R1 0.0000
[epoch 152] 25.6s
  step   59700  G -0.1706  D 2.0035  R1 0.0000
  step   59800  G -0.3048  D 2.0002  R1 0.0000
  step   59900  G -0.3660  D 1.9977  R1 0.0000
  step   60000  G -0.3110  D 1.9996  R1 0.0000
[epoch 153] 25.1s
  step   60100  G -0.3628  D 2.0092  R1 0.0000
  step   60200  G -0.3906  D 1.9990  R1 0.0000
  step   60300  G -0.4611  D 2.0045  R1 0.0000
  step   60400  G -0.3915  D 1.9913  R1 0.0000
[epoch 154] 25.2s
  step   60500  G -0.3995  D 2.0124  R1 0.0000
  step   60600  G -0.3316  D 1.9969  R1 0.0000
  step   60700  G -0.3675  D 1.9944  R1 0.0000
  step   60800  G -0.3796  D 2.0015  R1 0.0000
[epoch 155] 25.8s
  step   60900  G -0.3107  D 1.9951  R1 0.0000
  step   61000  G -0.3753  D 1.9947  R1 0.0000
  step   61100  G -0.3665  D 2.0142  R1 0.0000
  step   61200  G -0.3181  D 1.9959  R1 0.0000
[epoch 156] 24.9s
  step   61300  G -0.2560  D 1.9951  R1 0.0000
  step   61400  G -0.1777  D 2.0080  R1 0.0000
  step   61500  G -0.1667  D 1.9936  R1 0.0000
  step   61600  G -0.2101  D 2.0139  R1 0.0000
[epoch 157] 25.0s
  step   61700  G -0.1137  D 1.9995  R1 0.0000
  step   61800  G -0.1534  D 2.0010  R1 0.0000
  step   61900  G -0.1126  D 2.0049  R1 0.0000
  step   62000  G -0.0588  D 1.9977  R1 0.0000
[epoch 158] 25.6s
  step   62100  G -0.0283  D 2.0061  R1 0.0000
  step   62200  G -0.0861  D 2.0053  R1 0.0000
  step   62300  G -0.2306  D 2.0055  R1 0.0000
  step   62400  G -0.1924  D 1.9992  R1 0.0000
[epoch 159] 24.6s
  step   62500  G -0.1203  D 1.9965  R1 0.0000
  step   62600  G -0.0352  D 1.9975  R1 0.0000
  step   62700  G -0.0663  D 2.0098  R1 0.0000
[epoch 160] 23.1s
  step   62800  G -0.1536  D 2.0043  R1 0.0000
  step   62900  G -0.0487  D 1.9897  R1 0.0000
  step   63000  G -0.0642  D 2.0054  R1 0.0000
  step   63100  G -0.1358  D 2.0005  R1 0.0000
[epoch 161] 22.8s
  step   63200  G -0.0808  D 2.0062  R1 0.0000
  step   63300  G -0.0484  D 2.0010  R1 0.0000
  step   63400  G -0.1802  D 2.0047  R1 0.0000
  step   63500  G -0.2339  D 1.9968  R1 0.0000
[epoch 162] 22.8s
  step   63600  G -0.1998  D 1.9954  R1 0.0000
  step   63700  G -0.1513  D 1.9941  R1 0.0000
  step   63800  G -0.0944  D 2.0017  R1 0.0000
  step   63900  G -0.0691  D 1.9983  R1 0.0000
[epoch 163] 24.2s
  step   64000  G -0.0774  D 2.0016  R1 0.0000
  step   64100  G -0.0443  D 2.0007  R1 0.0000
  step   64200  G 0.0132  D 2.0001  R1 0.0000
  step   64300  G 0.0390  D 2.0010  R1 0.0000
[epoch 164] 31.0s
  step   64400  G 0.0225  D 1.9947  R1 0.0000
  step   64500  G 0.0359  D 2.0095  R1 0.0000
  step   64600  G 0.0350  D 1.9986  R1 0.0000
  step   64700  G 0.0468  D 2.0098  R1 0.0000
[epoch 165] 26.9s
  step   64800  G 0.0583  D 2.0046  R1 0.0000
  step   64900  G 0.0401  D 1.9946  R1 0.0000
  step   65000  G 0.1132  D 1.9996  R1 0.0000
  step   65100  G 0.0777  D 2.0084  R1 0.0000
[epoch 166] 27.8s
  step   65200  G 0.0310  D 2.0036  R1 0.0000
  step   65300  G 0.1347  D 1.9907  R1 0.0000
  step   65400  G 0.1772  D 2.0083  R1 0.0000
  step   65500  G 0.0886  D 1.9995  R1 0.0000
[epoch 167] 24.7s
  step   65600  G 0.0902  D 1.9892  R1 0.0000
  step   65700  G 0.1661  D 2.0003  R1 0.0000
  step   65800  G 0.0317  D 2.0036  R1 0.0000
  step   65900  G 0.0781  D 2.0060  R1 0.0000
[epoch 168] 24.4s
  step   66000  G 0.0282  D 2.0099  R1 0.0000
  step   66100  G -0.0299  D 2.0046  R1 0.0000
  step   66200  G 0.0057  D 1.9925  R1 0.0000
  step   66300  G 0.1097  D 1.9922  R1 0.0000
[epoch 169] 23.6s
  step   66400  G 0.0358  D 1.9968  R1 0.0000
  step   66500  G -0.0944  D 2.0049  R1 0.0000
  step   66600  G -0.0574  D 2.0056  R1 0.0000
[epoch 170] 23.7s
  step   66700  G -0.0861  D 1.9954  R1 0.0000
  step   66800  G -0.0154  D 1.9872  R1 0.0000
  step   66900  G 0.0206  D 2.0066  R1 0.0000
  step   67000  G 0.0391  D 2.0037  R1 0.0000
[epoch 171] 23.5s
  step   67100  G -0.0896  D 2.0131  R1 0.0000
  step   67200  G -0.1276  D 2.0011  R1 0.0000
  step   67300  G -0.0509  D 1.9938  R1 0.0000
  step   67400  G -0.0688  D 1.9985  R1 0.0000
[epoch 172] 23.0s
  step   67500  G -0.1517  D 2.0032  R1 0.0000
  step   67600  G -0.0711  D 2.0032  R1 0.0000
  step   67700  G -0.0834  D 2.0103  R1 0.0000
  step   67800  G -0.1384  D 2.0017  R1 0.0000
[epoch 173] 22.7s
  step   67900  G -0.0667  D 1.9942  R1 0.0000
  step   68000  G -0.0986  D 1.9966  R1 0.0000
  step   68100  G -0.0502  D 2.0075  R1 0.0000
  step   68200  G -0.1478  D 2.0081  R1 0.0000
[epoch 174] 22.6s
  step   68300  G -0.2682  D 2.0062  R1 0.0000
  step   68400  G -0.2359  D 1.9989  R1 0.0000
  step   68500  G -0.1520  D 2.0028  R1 0.0000
  step   68600  G -0.1631  D 2.0044  R1 0.0000
[epoch 175] 23.5s
  step   68700  G -0.0966  D 1.9888  R1 0.0000
  step   68800  G -0.0032  D 1.9989  R1 0.0000
  step   68900  G -0.1168  D 1.9899  R1 0.0000
  step   69000  G -0.1965  D 2.0092  R1 0.0000
[epoch 176] 24.9s
  step   69100  G -0.2310  D 2.0000  R1 0.0000
  step   69200  G -0.1267  D 1.9974  R1 0.0000
  step   69300  G -0.1300  D 2.0007  R1 0.0000
  step   69400  G -0.1338  D 2.0068  R1 0.0000
[epoch 177] 24.2s
  step   69500  G -0.2429  D 2.0047  R1 0.0000
  step   69600  G -0.2068  D 2.0056  R1 0.0000
  step   69700  G -0.2338  D 2.0051  R1 0.0000
  step   69800  G -0.2133  D 2.0064  R1 0.0000
[epoch 178] 24.6s
  step   69900  G -0.1631  D 1.9968  R1 0.0000
  step   70000  G -0.1444  D 2.0026  R1 0.0000
  step   70100  G -0.1880  D 2.0013  R1 0.0000
  step   70200  G -0.2273  D 2.0040  R1 0.0000
[epoch 179] 28.1s
  step   70300  G -0.2380  D 1.9979  R1 0.0000
  step   70400  G -0.2276  D 1.9967  R1 0.0000
  step   70500  G -0.2477  D 2.0028  R1 0.0000
[epoch 180] 28.1s
  step   70600  G -0.2041  D 1.9960  R1 0.0000
  step   70700  G -0.2147  D 2.0031  R1 0.0000
  step   70800  G -0.1989  D 2.0009  R1 0.0000
  step   70900  G -0.1287  D 2.0026  R1 0.0000
[epoch 181] 27.2s
  step   71000  G -0.1677  D 1.9946  R1 0.0000
  step   71100  G -0.1313  D 1.9898  R1 0.0000
  step   71200  G -0.0963  D 2.0011  R1 0.0000
  step   71300  G -0.0668  D 1.9964  R1 0.0000
[epoch 182] 26.2s
  step   71400  G -0.1507  D 1.9958  R1 0.0000
  step   71500  G -0.0750  D 1.9991  R1 0.0000
  step   71600  G -0.1051  D 2.0070  R1 0.0000
  step   71700  G -0.0370  D 2.0011  R1 0.0000
[epoch 183] 26.2s
  step   71800  G 0.0362  D 2.0026  R1 0.0000
  step   71900  G -0.0441  D 2.0071  R1 0.0000
  step   72000  G -0.0815  D 1.9994  R1 0.0000
  step   72100  G -0.0441  D 2.0032  R1 0.0000
[epoch 184] 26.3s
  step   72200  G 0.0068  D 1.9871  R1 0.0000
  step   72300  G -0.0324  D 2.0131  R1 0.0000
  step   72400  G -0.0171  D 1.9965  R1 0.0000
  step   72500  G -0.0657  D 2.0012  R1 0.0000
[epoch 185] 25.2s
  step   72600  G -0.1146  D 2.0056  R1 0.0000
  step   72700  G -0.1499  D 2.0027  R1 0.0000
  step   72800  G -0.0444  D 1.9934  R1 0.0000
  step   72900  G -0.0887  D 1.9943  R1 0.0000
[epoch 186] 24.9s
  step   73000  G -0.1074  D 1.9992  R1 0.0000
  step   73100  G -0.0869  D 1.9986  R1 0.0000
  step   73200  G -0.1845  D 2.0038  R1 0.0000
  step   73300  G -0.1466  D 2.0031  R1 0.0000
[epoch 187] 24.7s
  step   73400  G -0.1574  D 2.0026  R1 0.0000
  step   73500  G -0.1796  D 2.0076  R1 0.0000
  step   73600  G -0.1092  D 1.9911  R1 0.0000
  step   73700  G -0.1237  D 1.9939  R1 0.0000
[epoch 188] 26.4s
  step   73800  G -0.1005  D 2.0000  R1 0.0000
  step   73900  G -0.2151  D 2.0018  R1 0.0000
  step   74000  G -0.1128  D 1.9982  R1 0.0000
  step   74100  G -0.0788  D 1.9989  R1 0.0000
[epoch 189] 23.5s
  step   74200  G -0.0380  D 2.0038  R1 0.0000
  step   74300  G 0.0119  D 2.0022  R1 0.0000
  step   74400  G 0.0495  D 1.9964  R1 0.0000
[epoch 190] 23.9s
  step   74500  G 0.0046  D 2.0038  R1 0.0000
  step   74600  G 0.0179  D 2.0047  R1 0.0000
  step   74700  G 0.0733  D 1.9941  R1 0.0000
  step   74800  G 0.1248  D 2.0036  R1 0.0000
[epoch 191] 24.7s
  step   74900  G 0.0632  D 2.0095  R1 0.0000
  step   75000  G 0.1056  D 1.9981  R1 0.0000
  step   75100  G -0.0562  D 2.0059  R1 0.0000
  step   75200  G -0.1453  D 1.9983  R1 0.0000
[epoch 192] 26.7s
  step   75300  G -0.0413  D 1.9997  R1 0.0000
  step   75400  G -0.0670  D 1.9958  R1 0.0000
  step   75500  G 0.0254  D 2.0028  R1 0.0000
  step   75600  G 0.0564  D 2.0016  R1 0.0000
[epoch 193] 25.2s
  step   75700  G -0.0389  D 2.0013  R1 0.0000
  step   75800  G -0.0074  D 1.9917  R1 0.0000
  step   75900  G -0.0322  D 1.9964  R1 0.0000
  step   76000  G -0.0557  D 2.0036  R1 0.0000
[epoch 194] 24.3s
  step   76100  G -0.0035  D 1.9971  R1 0.0000
  step   76200  G 0.0324  D 2.0043  R1 0.0000
  step   76300  G 0.1199  D 1.9907  R1 0.0000
  step   76400  G 0.1093  D 2.0030  R1 0.0000
[epoch 195] 24.8s
  step   76500  G 0.0254  D 2.0029  R1 0.0000
  step   76600  G -0.0341  D 2.0057  R1 0.0000
  step   76700  G 0.0007  D 2.0083  R1 0.0000
  step   76800  G 0.0702  D 1.9951  R1 0.0000
[epoch 196] 24.8s
  step   76900  G -0.0911  D 1.9960  R1 0.0000
  step   77000  G -0.0298  D 2.0092  R1 0.0000
  step   77100  G -0.0215  D 1.9903  R1 0.0000
  step   77200  G 0.0135  D 1.9969  R1 0.0000
[epoch 197] 25.3s
  step   77300  G -0.0020  D 2.0083  R1 0.0000
  step   77400  G -0.0003  D 2.0089  R1 0.0000
  step   77500  G -0.0446  D 2.0010  R1 0.0000
  step   77600  G -0.0527  D 1.9971  R1 0.0000
[epoch 198] 26.0s
  step   77700  G -0.1383  D 2.0068  R1 0.0000
  step   77800  G -0.1804  D 1.9917  R1 0.0000
  step   77900  G -0.1109  D 1.9904  R1 0.0000
  step   78000  G -0.0902  D 2.0117  R1 0.0000
[epoch 199] 24.9s